09-16 20:32:03.617  1327  1327 E MI-SF   : MiSurfaceFlingerImpl.cpp.vsyncId=3973528, mIsContainTask1=1, mIsContainTaskOther=1
09-16 20:32:03.617  1327  1327 E MI-SF   : MiSurfaceFlingerImpl.cpp.vsyncId=3973528, oldVsyncId=3973528, layerName=Surface(name=WindowToken{660df1a type=2003 android.os.BinderProxy@34689c5}#6020)/@0xa413c28 - animation-leash of token_transform#6034
09-16 20:32:03.617  1327  1327 E MI-SF   : MiSurfaceFlingerImpl.cpp.vsyncId=3973528, mIsContainTask1=1, mIsContainTaskOther=1
09-16 20:32:03.617  1327  1327 E MI-SF   : MiSurfaceFlingerImpl.cpp.vsyncId=3973528, oldVsyncId=3973528, layerName=Surface(name=WindowToken{3d232f1 type=2026 android.os.BinderProxy@ab10c7b}#6016)/@0x639f557 - animation-leash of token_transform#6036
09-16 20:32:03.617  1327  1327 E MI-SF   : MiSurfaceFlingerImpl.cpp.vsyncId=3973528, mIsContainTask1=1, mIsContainTaskOther=1
09-16 20:32:03.617  1327  1327 E MI-SF   : MiSurfaceFlingerImpl.cpp.vsyncId=3973528, oldVsyncId=3973528, layerName=Surface(name=WindowToken{64110f4 type=2027 android.os.BinderProxy@48896e1}#69)/@0x29c5463 - animation-leash of token_transform#6035
09-16 20:32:03.617  1327  1327 E MI-SF   : MiSurfaceFlingerImpl.cpp.vsyncId=3973528, mIsContainTask1=1, mIsContainTaskOther=1
09-16 20:32:03.617  1327  1327 E MI-SF   : MiSurfaceFlingerImpl.cpp.vsyncId=3973528, oldVsyncId=3973528, layerName=Surface(name=WindowToken{6d05883 type=2027 android.os.BinderProxy@e95d332}#67)/@0x9ffca00 - animation-leash of token_transform#6033
09-16 20:32:03.617  1327  1327 E MI-SF   : MiSurfaceFlingerImpl.cpp.vsyncId=3973528, mIsContainTask1=1, mIsContainTaskOther=1
09-16 20:32:03.617  1327  1327 E MI-SF   : MiSurfaceFlingerImpl.cpp.vsyncId=3973528, oldVsyncId=3973528, layerName=Surface(name=WindowToken{a7d80e1 type=2000 android.os.BinderProxy@782cceb}#109)/@0x3ba9e06 - animation-leash of token_transform#6031
09-16 20:32:03.617  1327  1327 E MI-SF   : MiSurfaceFlingerImpl.cpp.vsyncId=3973528, mIsContainTask1=1, mIsContainTaskOther=1
09-16 20:32:03.617  1327  1327 E MI-SF   : MiSurfaceFlingerImpl.cpp.vsyncId=3973528, oldVsyncId=3973528, layerName=Surface(name=WindowToken{85a90fd type=2024 android.os.BinderProxy@8201954}#72)/@0xd0f76c0 - animation-leash of token_transform#6032
09-16 20:32:03.617  1327  1327 E MI-SF   : MiSurfaceFlingerImpl.cpp.vsyncId=3973528, mIsContainTask1=1, mIsContainTaskOther=1
09-16 20:32:03.617  1327  1327 E MI-SF   : MiSurfaceFlingerImpl.cpp.vsyncId=3973528, oldVsyncId=3973528, layerName=Surface(name=WindowToken{660df1a type=2003 android.os.BinderProxy@34689c5}#6020)/@0xa413c28 - animation-leash of token_transform#6034
09-16 20:32:03.617  1327  1327 E MI-SF   : MiSurfaceFlingerImpl.cpp.vsyncId=3973528, mIsContainTask1=1, mIsContainTaskOther=1
09-16 20:32:03.617  1327  1327 E MI-SF   : MiSurfaceFlingerImpl.cpp.vsyncId=3973528, oldVsyncId=3973528, layerName=Surface(name=WindowToken{3d232f1 type=2026 android.os.BinderProxy@ab10c7b}#6016)/@0x639f557 - animation-leash of token_transform#6036
09-16 20:32:03.617  1327  1327 E MI-SF   : MiSurfaceFlingerImpl.cpp.vsyncId=3973528, mIsContainTask1=1, mIsContainTaskOther=1
09-16 20:32:03.617  1327  1327 E MI-SF   : MiSurfaceFlingerImpl.cpp.vsyncId=3973528, oldVsyncId=3973528, layerName=Surface(name=WindowToken{64110f4 type=2027 android.os.BinderProxy@48896e1}#69)/@0x29c5463 - animation-leash of token_transform#6035
09-16 20:32:03.617  1327  1327 E MI-SF   : MiSurfaceFlingerImpl.cpp.vsyncId=3973528, mIsContainTask1=1, mIsContainTaskOther=1
09-16 20:32:03.617  1327  1327 E MI-SF   : MiSurfaceFlingerImpl.cpp.vsyncId=3973528, oldVsyncId=3973528, layerName=Surface(name=WindowToken{6d05883 type=2027 android.os.BinderProxy@e95d332}#67)/@0x9ffca00 - animation-leash of token_transform#6033
09-16 20:32:03.617  1327  1327 E MI-SF   : MiSurfaceFlingerImpl.cpp.vsyncId=3973528, mIsContainTask1=1, mIsContainTaskOther=1
09-16 20:32:03.617  1327  1327 E MI-SF   : MiSurfaceFlingerImpl.cpp.vsyncId=3973528, oldVsyncId=3973528, layerName=Surface(name=WindowToken{a7d80e1 type=2000 android.os.BinderProxy@782cceb}#109)/@0x3ba9e06 - animation-leash of token_transform#6031
09-16 20:32:03.617  1327  1327 E MI-SF   : MiSurfaceFlingerImpl.cpp.vsyncId=3973528, mIsContainTask1=1, mIsContainTaskOther=1
09-16 20:32:03.617  1327  1327 E MI-SF   : MiSurfaceFlingerImpl.cpp.vsyncId=3973528, oldVsyncId=3973528, layerName=Surface(name=WindowToken{85a90fd type=2024 android.os.BinderProxy@8201954}#72)/@0xd0f76c0 - animation-leash of token_transform#6032
09-16 20:32:03.617  1327  1327 E MI-SF   : MiSurfaceFlingerImpl.cpp.vsyncId=3973528, mIsContainTask1=1, mIsContainTaskOther=1
09-16 20:32:03.619  1327  1327 E SurfaceFlinger: MiSurfaceFlingerStub isAnimationScene
09-16 20:32:03.623  5663  5663 D nativeloader: Load libframework-connectivity-tiramisu-jni.so using APEX ns com_android_tethering for caller /apex/com.android.tethering/javalib/framework-connectivity-t.jar: ok
09-16 20:32:03.625  1327  1327 E MI-SF   : MiSurfaceFlingerImpl.cpp.vsyncId=3973557, oldVsyncId=3973528, layerName=TL_Surface(name=Task=1#47)/@0xd7617e1_transition-leash#6042
09-16 20:32:03.625  1327  1327 E MI-SF   : MiSurfaceFlingerImpl.cpp.vsyncId=3973557, mIsContainTask1=1, mIsContainTaskOther=0
09-16 20:32:03.625  1327  1327 E MI-SF   : MiSurfaceFlingerImpl.cpp.vsyncId=3973557, oldVsyncId=3973557, layerName=TL_Surface(name=Task=208#6028)/@0x3939d48_transition-leash#6041
09-16 20:32:03.625  1327  1327 E MI-SF   : MiSurfaceFlingerImpl.cpp.vsyncId=3973557, mIsContainTask1=1, mIsContainTaskOther=1
09-16 20:32:03.625  1327  1327 E MI-SF   : MiSurfaceFlingerImpl.cpp.vsyncId=3973557, oldVsyncId=3973557, layerName=TL_Surface(name=Task=1#47)/@0xd7617e1_transition-leash#6042
09-16 20:32:03.626  1327  1327 E MI-SF   : MiSurfaceFlingerImpl.cpp.vsyncId=3973557, mIsContainTask1=1, mIsContainTaskOther=1
09-16 20:32:03.626  1327  1327 E MI-SF   : MiSurfaceFlingerImpl.cpp.vsyncId=3973557, oldVsyncId=3973557, layerName=Surface(name=WindowToken{660df1a type=2003 android.os.BinderProxy@34689c5}#6020)/@0xa413c28 - animation-leash of token_transform#6034
09-16 20:32:03.626  1327  1327 E MI-SF   : MiSurfaceFlingerImpl.cpp.vsyncId=3973557, mIsContainTask1=1, mIsContainTaskOther=1
09-16 20:32:03.626  1327  1327 E MI-SF   : MiSurfaceFlingerImpl.cpp.vsyncId=3973557, oldVsyncId=3973557, layerName=Surface(name=WindowToken{3d232f1 type=2026 android.os.BinderProxy@ab10c7b}#6016)/@0x639f557 - animation-leash of token_transform#6036
09-16 20:32:03.626  1327  1327 E MI-SF   : MiSurfaceFlingerImpl.cpp.vsyncId=3973557, mIsContainTask1=1, mIsContainTaskOther=1
09-16 20:32:03.626  1327  1327 E MI-SF   : MiSurfaceFlingerImpl.cpp.vsyncId=3973557, oldVsyncId=3973557, layerName=Surface(name=WindowToken{64110f4 type=2027 android.os.BinderProxy@48896e1}#69)/@0x29c5463 - animation-leash of token_transform#6035
09-16 20:32:03.626  1327  1327 E MI-SF   : MiSurfaceFlingerImpl.cpp.vsyncId=3973557, mIsContainTask1=1, mIsContainTaskOther=1
09-16 20:32:03.626  1327  1327 E MI-SF   : MiSurfaceFlingerImpl.cpp.vsyncId=3973557, oldVsyncId=3973557, layerName=Surface(name=WindowToken{6d05883 type=2027 android.os.BinderProxy@e95d332}#67)/@0x9ffca00 - animation-leash of token_transform#6033
09-16 20:32:03.626  1327  1327 E MI-SF   : MiSurfaceFlingerImpl.cpp.vsyncId=3973557, mIsContainTask1=1, mIsContainTaskOther=1
09-16 20:32:03.626  1327  1327 E MI-SF   : MiSurfaceFlingerImpl.cpp.vsyncId=3973557, oldVsyncId=3973557, layerName=Surface(name=WindowToken{a7d80e1 type=2000 android.os.BinderProxy@782cceb}#109)/@0x3ba9e06 - animation-leash of token_transform#6031
09-16 20:32:03.626  1327  1327 E MI-SF   : MiSurfaceFlingerImpl.cpp.vsyncId=3973557, mIsContainTask1=1, mIsContainTaskOther=1
09-16 20:32:03.626  1327  1327 E MI-SF   : MiSurfaceFlingerImpl.cpp.vsyncId=3973557, oldVsyncId=3973557, layerName=Surface(name=WindowToken{85a90fd type=2024 android.os.BinderProxy@8201954}#72)/@0xd0f76c0 - animation-leash of token_transform#6032
09-16 20:32:03.626  1327  1327 E MI-SF   : MiSurfaceFlingerImpl.cpp.vsyncId=3973557, mIsContainTask1=1, mIsContainTaskOther=1
09-16 20:32:03.627  1327  1327 E SurfaceFlinger: MiSurfaceFlingerStub isAnimationScene
09-16 20:32:03.634  1327  1327 E MI-SF   : MiSurfaceFlingerImpl.cpp.vsyncId=3973572, oldVsyncId=3973557, layerName=TL_Surface(name=Task=1#47)/@0xd7617e1_transition-leash#6042
09-16 20:32:03.634  1327  1327 E MI-SF   : MiSurfaceFlingerImpl.cpp.vsyncId=3973572, mIsContainTask1=1, mIsContainTaskOther=0
09-16 20:32:03.634  1327  1327 E MI-SF   : MiSurfaceFlingerImpl.cpp.vsyncId=3973572, oldVsyncId=3973572, layerName=TL_Surface(name=Task=208#6028)/@0x3939d48_transition-leash#6041
09-16 20:32:03.634  1327  1327 E MI-SF   : MiSurfaceFlingerImpl.cpp.vsyncId=3973572, mIsContainTask1=1, mIsContainTaskOther=1
09-16 20:32:03.634  1327  1327 E MI-SF   : MiSurfaceFlingerImpl.cpp.vsyncId=3973572, oldVsyncId=3973572, layerName=TL_Surface(name=Task=1#47)/@0xd7617e1_transition-leash#6042
09-16 20:32:03.634  1327  1327 E MI-SF   : MiSurfaceFlingerImpl.cpp.vsyncId=3973572, mIsContainTask1=1, mIsContainTaskOther=1
09-16 20:32:03.634  1327  1327 E MI-SF   : MiSurfaceFlingerImpl.cpp.vsyncId=3973572, oldVsyncId=3973572, layerName=Surface(name=WindowToken{660df1a type=2003 android.os.BinderProxy@34689c5}#6020)/@0xa413c28 - animation-leash of token_transform#6034
09-16 20:32:03.634  1327  1327 E MI-SF   : MiSurfaceFlingerImpl.cpp.vsyncId=3973572, mIsContainTask1=1, mIsContainTaskOther=1
09-16 20:32:03.634  1327  1327 E MI-SF   : MiSurfaceFlingerImpl.cpp.vsyncId=3973572, oldVsyncId=3973572, layerName=Surface(name=WindowToken{3d232f1 type=2026 android.os.BinderProxy@ab10c7b}#6016)/@0x639f557 - animation-leash of token_transform#6036
09-16 20:32:03.634  1327  1327 E MI-SF   : MiSurfaceFlingerImpl.cpp.vsyncId=3973572, mIsContainTask1=1, mIsContainTaskOther=1
09-16 20:32:03.634  1327  1327 E MI-SF   : MiSurfaceFlingerImpl.cpp.vsyncId=3973572, oldVsyncId=3973572, layerName=Surface(name=WindowToken{64110f4 type=2027 android.os.BinderProxy@48896e1}#69)/@0x29c5463 - animation-leash of token_transform#6035
09-16 20:32:03.634  1327  1327 E MI-SF   : MiSurfaceFlingerImpl.cpp.vsyncId=3973572, mIsContainTask1=1, mIsContainTaskOther=1
09-16 20:32:03.634  1327  1327 E MI-SF   : MiSurfaceFlingerImpl.cpp.vsyncId=3973572, oldVsyncId=3973572, layerName=Surface(name=WindowToken{6d05883 type=2027 android.os.BinderProxy@e95d332}#67)/@0x9ffca00 - animation-leash of token_transform#6033
09-16 20:32:03.634  1327  1327 E MI-SF   : MiSurfaceFlingerImpl.cpp.vsyncId=3973572, mIsContainTask1=1, mIsContainTaskOther=1
09-16 20:32:03.634  1327  1327 E MI-SF   : MiSurfaceFlingerImpl.cpp.vsyncId=3973572, oldVsyncId=3973572, layerName=Surface(name=WindowToken{a7d80e1 type=2000 android.os.BinderProxy@782cceb}#109)/@0x3ba9e06 - animation-leash of token_transform#6031
09-16 20:32:03.634  1327  1327 E MI-SF   : MiSurfaceFlingerImpl.cpp.vsyncId=3973572, mIsContainTask1=1, mIsContainTaskOther=1
09-16 20:32:03.634  1327  1327 E MI-SF   : MiSurfaceFlingerImpl.cpp.vsyncId=3973572, oldVsyncId=3973572, layerName=Surface(name=WindowToken{85a90fd type=2024 android.os.BinderProxy@8201954}#72)/@0xd0f76c0 - animation-leash of token_transform#6032
09-16 20:32:03.634  1327  1327 E MI-SF   : MiSurfaceFlingerImpl.cpp.vsyncId=3973572, mIsContainTask1=1, mIsContainTaskOther=1
09-16 20:32:03.635  5663  5663 I MessageMonitor: Load libmiui_runtime
09-16 20:32:03.635  1327  1327 E SurfaceFlinger: MiSurfaceFlingerStub isAnimationScene
09-16 20:32:03.641  1327  1620 D MI-SF   : isTpIdleScene ,mAverageFrameRate is 60, 0 
09-16 20:32:03.642  1327  1327 E MI-SF   : MiSurfaceFlingerImpl.cpp.vsyncId=3973587, oldVsyncId=3973572, layerName=TL_Surface(name=Task=1#47)/@0xd7617e1_transition-leash#6042
09-16 20:32:03.642  1327  1327 E MI-SF   : MiSurfaceFlingerImpl.cpp.vsyncId=3973587, mIsContainTask1=1, mIsContainTaskOther=0
09-16 20:32:03.642  1327  1327 E MI-SF   : MiSurfaceFlingerImpl.cpp.vsyncId=3973587, oldVsyncId=3973587, layerName=TL_Surface(name=Task=208#6028)/@0x3939d48_transition-leash#6041
09-16 20:32:03.642  1327  1327 E MI-SF   : MiSurfaceFlingerImpl.cpp.vsyncId=3973587, mIsContainTask1=1, mIsContainTaskOther=1
09-16 20:32:03.642  1327  1327 E MI-SF   : MiSurfaceFlingerImpl.cpp.vsyncId=3973587, oldVsyncId=3973587, layerName=TL_Surface(name=Task=1#47)/@0xd7617e1_transition-leash#6042
09-16 20:32:03.642  1327  1327 E MI-SF   : MiSurfaceFlingerImpl.cpp.vsyncId=3973587, mIsContainTask1=1, mIsContainTaskOther=1
09-16 20:32:03.642  1327  1327 E MI-SF   : MiSurfaceFlingerImpl.cpp.vsyncId=3973587, oldVsyncId=3973587, layerName=Surface(name=WindowToken{660df1a type=2003 android.os.BinderProxy@34689c5}#6020)/@0xa413c28 - animation-leash of token_transform#6034
09-16 20:32:03.642  1327  1327 E MI-SF   : MiSurfaceFlingerImpl.cpp.vsyncId=3973587, mIsContainTask1=1, mIsContainTaskOther=1
09-16 20:32:03.642  1327  1327 E MI-SF   : MiSurfaceFlingerImpl.cpp.vsyncId=3973587, oldVsyncId=3973587, layerName=Surface(name=WindowToken{3d232f1 type=2026 android.os.BinderProxy@ab10c7b}#6016)/@0x639f557 - animation-leash of token_transform#6036
09-16 20:32:03.642  1327  1327 E MI-SF   : MiSurfaceFlingerImpl.cpp.vsyncId=3973587, mIsContainTask1=1, mIsContainTaskOther=1
09-16 20:32:03.642  1327  1327 E MI-SF   : MiSurfaceFlingerImpl.cpp.vsyncId=3973587, oldVsyncId=3973587, layerName=Surface(name=WindowToken{64110f4 type=2027 android.os.BinderProxy@48896e1}#69)/@0x29c5463 - animation-leash of token_transform#6035
09-16 20:32:03.642  1327  1327 E MI-SF   : MiSurfaceFlingerImpl.cpp.vsyncId=3973587, mIsContainTask1=1, mIsContainTaskOther=1
09-16 20:32:03.642  1327  1327 E MI-SF   : MiSurfaceFlingerImpl.cpp.vsyncId=3973587, oldVsyncId=3973587, layerName=Surface(name=WindowToken{6d05883 type=2027 android.os.BinderProxy@e95d332}#67)/@0x9ffca00 - animation-leash of token_transform#6033
09-16 20:32:03.642  1327  1327 E MI-SF   : MiSurfaceFlingerImpl.cpp.vsyncId=3973587, mIsContainTask1=1, mIsContainTaskOther=1
09-16 20:32:03.642  1327  1327 E MI-SF   : MiSurfaceFlingerImpl.cpp.vsyncId=3973587, oldVsyncId=3973587, layerName=Surface(name=WindowToken{a7d80e1 type=2000 android.os.BinderProxy@782cceb}#109)/@0x3ba9e06 - animation-leash of token_transform#6031
09-16 20:32:03.642  1327  1327 E MI-SF   : MiSurfaceFlingerImpl.cpp.vsyncId=3973587, mIsContainTask1=1, mIsContainTaskOther=1
09-16 20:32:03.642  1327  1327 E MI-SF   : MiSurfaceFlingerImpl.cpp.vsyncId=3973587, oldVsyncId=3973587, layerName=Surface(name=WindowToken{85a90fd type=2024 android.os.BinderProxy@8201954}#72)/@0xd0f76c0 - animation-leash of token_transform#6032
09-16 20:32:03.642  1327  1327 E MI-SF   : MiSurfaceFlingerImpl.cpp.vsyncId=3973587, mIsContainTask1=1, mIsContainTaskOther=1
09-16 20:32:03.644  1327  1327 E SurfaceFlinger: MiSurfaceFlingerStub isAnimationScene
09-16 20:32:03.646  2400  3783 D SymlinkUtils: attachApplication file op go pass: 1 ms
09-16 20:32:03.651  1327  1327 E MI-SF   : MiSurfaceFlingerImpl.cpp.vsyncId=3973602, oldVsyncId=3973587, layerName=TL_Surface(name=Task=1#47)/@0xd7617e1_transition-leash#6042
09-16 20:32:03.651  1327  1327 E MI-SF   : MiSurfaceFlingerImpl.cpp.vsyncId=3973602, mIsContainTask1=1, mIsContainTaskOther=0
09-16 20:32:03.651  1327  1327 E MI-SF   : MiSurfaceFlingerImpl.cpp.vsyncId=3973602, oldVsyncId=3973602, layerName=TL_Surface(name=Task=208#6028)/@0x3939d48_transition-leash#6041
09-16 20:32:03.651  1327  1327 E MI-SF   : MiSurfaceFlingerImpl.cpp.vsyncId=3973602, mIsContainTask1=1, mIsContainTaskOther=1
09-16 20:32:03.651  1327  1327 E MI-SF   : MiSurfaceFlingerImpl.cpp.vsyncId=3973602, oldVsyncId=3973602, layerName=TL_Surface(name=Task=1#47)/@0xd7617e1_transition-leash#6042
09-16 20:32:03.651  1327  1327 E MI-SF   : MiSurfaceFlingerImpl.cpp.vsyncId=3973602, mIsContainTask1=1, mIsContainTaskOther=1
09-16 20:32:03.651  1327  1327 E MI-SF   : MiSurfaceFlingerImpl.cpp.vsyncId=3973602, oldVsyncId=3973602, layerName=Surface(name=WindowToken{660df1a type=2003 android.os.BinderProxy@34689c5}#6020)/@0xa413c28 - animation-leash of token_transform#6034
09-16 20:32:03.651  1327  1327 E MI-SF   : MiSurfaceFlingerImpl.cpp.vsyncId=3973602, mIsContainTask1=1, mIsContainTaskOther=1
09-16 20:32:03.651  1327  1327 E MI-SF   : MiSurfaceFlingerImpl.cpp.vsyncId=3973602, oldVsyncId=3973602, layerName=Surface(name=WindowToken{3d232f1 type=2026 android.os.BinderProxy@ab10c7b}#6016)/@0x639f557 - animation-leash of token_transform#6036
09-16 20:32:03.651  1327  1327 E MI-SF   : MiSurfaceFlingerImpl.cpp.vsyncId=3973602, mIsContainTask1=1, mIsContainTaskOther=1
09-16 20:32:03.651  1327  1327 E MI-SF   : MiSurfaceFlingerImpl.cpp.vsyncId=3973602, oldVsyncId=3973602, layerName=Surface(name=WindowToken{64110f4 type=2027 android.os.BinderProxy@48896e1}#69)/@0x29c5463 - animation-leash of token_transform#6035
09-16 20:32:03.651  1327  1327 E MI-SF   : MiSurfaceFlingerImpl.cpp.vsyncId=3973602, mIsContainTask1=1, mIsContainTaskOther=1
09-16 20:32:03.651  1327  1327 E MI-SF   : MiSurfaceFlingerImpl.cpp.vsyncId=3973602, oldVsyncId=3973602, layerName=Surface(name=WindowToken{6d05883 type=2027 android.os.BinderProxy@e95d332}#67)/@0x9ffca00 - animation-leash of token_transform#6033
09-16 20:32:03.651  1327  1327 E MI-SF   : MiSurfaceFlingerImpl.cpp.vsyncId=3973602, mIsContainTask1=1, mIsContainTaskOther=1
09-16 20:32:03.651  1327  1327 E MI-SF   : MiSurfaceFlingerImpl.cpp.vsyncId=3973602, oldVsyncId=3973602, layerName=Surface(name=WindowToken{a7d80e1 type=2000 android.os.BinderProxy@782cceb}#109)/@0x3ba9e06 - animation-leash of token_transform#6031
09-16 20:32:03.651  1327  1327 E MI-SF   : MiSurfaceFlingerImpl.cpp.vsyncId=3973602, mIsContainTask1=1, mIsContainTaskOther=1
09-16 20:32:03.651  1327  1327 E MI-SF   : MiSurfaceFlingerImpl.cpp.vsyncId=3973602, oldVsyncId=3973602, layerName=Surface(name=WindowToken{85a90fd type=2024 android.os.BinderProxy@8201954}#72)/@0xd0f76c0 - animation-leash of token_transform#6032
09-16 20:32:03.651  1327  1327 E MI-SF   : MiSurfaceFlingerImpl.cpp.vsyncId=3973602, mIsContainTask1=1, mIsContainTaskOther=1
09-16 20:32:03.652  1327  1327 E SurfaceFlinger: MiSurfaceFlingerStub isAnimationScene
09-16 20:32:03.653  2400  3783 D CompatibilityInfo: mCompatibilityFlags - 0
09-16 20:32:03.653  2400  3783 D CompatibilityInfo: applicationDensity - 440
09-16 20:32:03.653  2400  3783 D CompatibilityInfo: applicationScale - 1.0
09-16 20:32:03.658  2400  2539 D AutomaticBrightnessControllerImpl: drop the ambient lux due to proximity events.
09-16 20:32:03.659  1327  1327 E MI-SF   : MiSurfaceFlingerImpl.cpp.vsyncId=3973617, oldVsyncId=3973602, layerName=TL_Surface(name=Task=1#47)/@0xd7617e1_transition-leash#6042
09-16 20:32:03.659  1327  1327 E MI-SF   : MiSurfaceFlingerImpl.cpp.vsyncId=3973617, mIsContainTask1=1, mIsContainTaskOther=0
09-16 20:32:03.659  1327  1327 E MI-SF   : MiSurfaceFlingerImpl.cpp.vsyncId=3973617, oldVsyncId=3973617, layerName=TL_Surface(name=Task=208#6028)/@0x3939d48_transition-leash#6041
09-16 20:32:03.659  1327  1327 E MI-SF   : MiSurfaceFlingerImpl.cpp.vsyncId=3973617, mIsContainTask1=1, mIsContainTaskOther=1
09-16 20:32:03.659  1327  1327 E MI-SF   : MiSurfaceFlingerImpl.cpp.vsyncId=3973617, oldVsyncId=3973617, layerName=TL_Surface(name=Task=1#47)/@0xd7617e1_transition-leash#6042
09-16 20:32:03.659  1327  1327 E MI-SF   : MiSurfaceFlingerImpl.cpp.vsyncId=3973617, mIsContainTask1=1, mIsContainTaskOther=1
09-16 20:32:03.659  1327  1327 E MI-SF   : MiSurfaceFlingerImpl.cpp.vsyncId=3973617, oldVsyncId=3973617, layerName=Surface(name=WindowToken{660df1a type=2003 android.os.BinderProxy@34689c5}#6020)/@0xa413c28 - animation-leash of token_transform#6034
09-16 20:32:03.659  1327  1327 E MI-SF   : MiSurfaceFlingerImpl.cpp.vsyncId=3973617, mIsContainTask1=1, mIsContainTaskOther=1
09-16 20:32:03.659  1327  1327 E MI-SF   : MiSurfaceFlingerImpl.cpp.vsyncId=3973617, oldVsyncId=3973617, layerName=Surface(name=WindowToken{3d232f1 type=2026 android.os.BinderProxy@ab10c7b}#6016)/@0x639f557 - animation-leash of token_transform#6036
09-16 20:32:03.659  1327  1327 E MI-SF   : MiSurfaceFlingerImpl.cpp.vsyncId=3973617, mIsContainTask1=1, mIsContainTaskOther=1
09-16 20:32:03.659  1327  1327 E MI-SF   : MiSurfaceFlingerImpl.cpp.vsyncId=3973617, oldVsyncId=3973617, layerName=Surface(name=WindowToken{64110f4 type=2027 android.os.BinderProxy@48896e1}#69)/@0x29c5463 - animation-leash of token_transform#6035
09-16 20:32:03.659  1327  1327 E MI-SF   : MiSurfaceFlingerImpl.cpp.vsyncId=3973617, mIsContainTask1=1, mIsContainTaskOther=1
09-16 20:32:03.659  1327  1327 E MI-SF   : MiSurfaceFlingerImpl.cpp.vsyncId=3973617, oldVsyncId=3973617, layerName=Surface(name=WindowToken{6d05883 type=2027 android.os.BinderProxy@e95d332}#67)/@0x9ffca00 - animation-leash of token_transform#6033
09-16 20:32:03.659  1327  1327 E MI-SF   : MiSurfaceFlingerImpl.cpp.vsyncId=3973617, mIsContainTask1=1, mIsContainTaskOther=1
09-16 20:32:03.659  1327  1327 E MI-SF   : MiSurfaceFlingerImpl.cpp.vsyncId=3973617, oldVsyncId=3973617, layerName=Surface(name=WindowToken{a7d80e1 type=2000 android.os.BinderProxy@782cceb}#109)/@0x3ba9e06 - animation-leash of token_transform#6031
09-16 20:32:03.659  1327  1327 E MI-SF   : MiSurfaceFlingerImpl.cpp.vsyncId=3973617, mIsContainTask1=1, mIsContainTaskOther=1
09-16 20:32:03.659  1327  1327 E MI-SF   : MiSurfaceFlingerImpl.cpp.vsyncId=3973617, oldVsyncId=3973617, layerName=Surface(name=WindowToken{85a90fd type=2024 android.os.BinderProxy@8201954}#72)/@0xd0f76c0 - animation-leash of token_transform#6032
09-16 20:32:03.659  1327  1327 E MI-SF   : MiSurfaceFlingerImpl.cpp.vsyncId=3973617, mIsContainTask1=1, mIsContainTaskOther=1
09-16 20:32:03.661  1327  1327 E SurfaceFlinger: MiSurfaceFlingerStub isAnimationScene
09-16 20:32:03.661 20412 20412 D BluetoothPhonePolicy: processConnectOtherProfiles, device=XX:XX:XX:XX:22:43
09-16 20:32:03.661 20412 20412 D HeadsetService: getHeadsetService(): returning com.android.bluetooth.hfp.HeadsetService@f09717d
09-16 20:32:03.662 20412 20412 W LeAudioService: getLeAudioService(): service is NULL
09-16 20:32:03.662 20412 20412 W CsipSetCoordinatorService: getCsipSetCoordinatorService(): service is NULL
09-16 20:32:03.662 20412 20412 D HeadsetService: getHeadsetService(): returning com.android.bluetooth.hfp.HeadsetService@f09717d
09-16 20:32:03.662 20412 20412 W LeAudioService: getLeAudioService(): service is NULL
09-16 20:32:03.662 20412 20412 W CsipSetCoordinatorService: getCsipSetCoordinatorService(): service is NULL
09-16 20:32:03.662 20412 20412 W VolumeControlService: getVolumeControlService(): service is NULL
09-16 20:32:03.662 20412 20412 W BassClientService: getBassClientService(): service is NULL
09-16 20:32:03.662 20412 20412 D BluetoothPhonePolicy: processConnectOtherProfiles,isExisttrue
09-16 20:32:03.662 20412 20412 V BluetoothDatabase: getProfileConnectionPolicy: device XX:XX:XX:XX:22:43 profile=HEADSET, connectionPolicy=100
09-16 20:32:03.662 20412 20412 V BluetoothDatabase: getProfileConnectionPolicy: device XX:XX:XX:XX:22:43 profile=PAN, connectionPolicy=-1
09-16 20:32:03.662 20412 20412 V BluetoothDatabase: getProfileConnectionPolicy: device XX:XX:XX:XX:22:43 profile=BATTERY, connectionPolicy=-1
09-16 20:32:03.662 20412 20412 D HidHostService: getConnectionPolicy: device=XX:XX:XX:XX:22:43
09-16 20:32:03.662 20412 20412 V BluetoothDatabase: getProfileConnectionPolicy: device XX:XX:XX:XX:22:43 profile=HID_HOST, connectionPolicy=100
09-16 20:32:03.662 20412 20412 D HidHostService: getConnectionState: device=XX:XX:XX:XX:22:43
09-16 20:32:03.662 20412 20412 D BluetoothPhonePolicy: Retrying connection to HID with device XX:XX:XX:XX:22:43
09-16 20:32:03.662 20412 20412 D HidHostService: connect: device=XX:XX:XX:XX:22:43
09-16 20:32:03.662 20412 20412 D HidHostService: getConnectionState: device=XX:XX:XX:XX:22:43
09-16 20:32:03.663 20412 20412 D HidHostService: getConnectionPolicy: device=XX:XX:XX:XX:22:43
09-16 20:32:03.663 20412 20412 V BluetoothDatabase: getProfileConnectionPolicy: device XX:XX:XX:XX:22:43 profile=HID_HOST, connectionPolicy=100
09-16 20:32:03.663 20412 20412 V HidHostService: handleMessage(): msg.what=1
09-16 20:32:03.663 20412 20412 D HidHostService: getConnectionPolicy: device=XX:XX:XX:XX:22:43
09-16 20:32:03.663 20412 20412 V BluetoothDatabase: getProfileConnectionPolicy: device XX:XX:XX:XX:22:43 profile=HID_HOST, connectionPolicy=100
09-16 20:32:03.664  2400  2492 D Aurogon :  uid = 10101 switch to FG
09-16 20:32:03.668  1327  1327 E MI-SF   : MiSurfaceFlingerImpl.cpp.vsyncId=3973632, oldVsyncId=3973617, layerName=TL_Surface(name=Task=1#47)/@0xd7617e1_transition-leash#6042
09-16 20:32:03.668  1327  1327 E MI-SF   : MiSurfaceFlingerImpl.cpp.vsyncId=3973632, mIsContainTask1=1, mIsContainTaskOther=0
09-16 20:32:03.668  1327  1327 E MI-SF   : MiSurfaceFlingerImpl.cpp.vsyncId=3973632, oldVsyncId=3973632, layerName=TL_Surface(name=Task=208#6028)/@0x3939d48_transition-leash#6041
09-16 20:32:03.668  1327  1327 E MI-SF   : MiSurfaceFlingerImpl.cpp.vsyncId=3973632, mIsContainTask1=1, mIsContainTaskOther=1
09-16 20:32:03.668  1327  1327 E MI-SF   : MiSurfaceFlingerImpl.cpp.vsyncId=3973632, oldVsyncId=3973632, layerName=TL_Surface(name=Task=1#47)/@0xd7617e1_transition-leash#6042
09-16 20:32:03.668  1327  1327 E MI-SF   : MiSurfaceFlingerImpl.cpp.vsyncId=3973632, mIsContainTask1=1, mIsContainTaskOther=1
09-16 20:32:03.668  1327  1327 E MI-SF   : MiSurfaceFlingerImpl.cpp.vsyncId=3973632, oldVsyncId=3973632, layerName=Surface(name=WindowToken{660df1a type=2003 android.os.BinderProxy@34689c5}#6020)/@0xa413c28 - animation-leash of token_transform#6034
09-16 20:32:03.668  1327  1327 E MI-SF   : MiSurfaceFlingerImpl.cpp.vsyncId=3973632, mIsContainTask1=1, mIsContainTaskOther=1
09-16 20:32:03.668  1327  1327 E MI-SF   : MiSurfaceFlingerImpl.cpp.vsyncId=3973632, oldVsyncId=3973632, layerName=Surface(name=WindowToken{3d232f1 type=2026 android.os.BinderProxy@ab10c7b}#6016)/@0x639f557 - animation-leash of token_transform#6036
09-16 20:32:03.668  1327  1327 E MI-SF   : MiSurfaceFlingerImpl.cpp.vsyncId=3973632, mIsContainTask1=1, mIsContainTaskOther=1
09-16 20:32:03.668  1327  1327 E MI-SF   : MiSurfaceFlingerImpl.cpp.vsyncId=3973632, oldVsyncId=3973632, layerName=Surface(name=WindowToken{64110f4 type=2027 android.os.BinderProxy@48896e1}#69)/@0x29c5463 - animation-leash of token_transform#6035
09-16 20:32:03.668  1327  1327 E MI-SF   : MiSurfaceFlingerImpl.cpp.vsyncId=3973632, mIsContainTask1=1, mIsContainTaskOther=1
09-16 20:32:03.668  1327  1327 E MI-SF   : MiSurfaceFlingerImpl.cpp.vsyncId=3973632, oldVsyncId=3973632, layerName=Surface(name=WindowToken{6d05883 type=2027 android.os.BinderProxy@e95d332}#67)/@0x9ffca00 - animation-leash of token_transform#6033
09-16 20:32:03.668  1327  1327 E MI-SF   : MiSurfaceFlingerImpl.cpp.vsyncId=3973632, mIsContainTask1=1, mIsContainTaskOther=1
09-16 20:32:03.668  1327  1327 E MI-SF   : MiSurfaceFlingerImpl.cpp.vsyncId=3973632, oldVsyncId=3973632, layerName=Surface(name=WindowToken{a7d80e1 type=2000 android.os.BinderProxy@782cceb}#109)/@0x3ba9e06 - animation-leash of token_transform#6031
09-16 20:32:03.668  1327  1327 E MI-SF   : MiSurfaceFlingerImpl.cpp.vsyncId=3973632, mIsContainTask1=1, mIsContainTaskOther=1
09-16 20:32:03.668  1327  1327 E MI-SF   : MiSurfaceFlingerImpl.cpp.vsyncId=3973632, oldVsyncId=3973632, layerName=Surface(name=WindowToken{85a90fd type=2024 android.os.BinderProxy@8201954}#72)/@0xd0f76c0 - animation-leash of token_transform#6032
09-16 20:32:03.668  1327  1327 E MI-SF   : MiSurfaceFlingerImpl.cpp.vsyncId=3973632, mIsContainTask1=1, mIsContainTaskOther=1
09-16 20:32:03.669  1327  1327 E SurfaceFlinger: MiSurfaceFlingerStub isAnimationScene
09-16 20:32:03.670 20412 20602 I bt_btif_hh: packages/modules/MiuiBluetooth/system/btif/src/btif_hh.cc:827 btif_hh_connect: Device xx:xx:xx:xx:22:43[public][BT_TRANSPORT_BR_EDR] already added, attr_mask = 0x81c5
09-16 20:32:03.670 20412 20602 D HidHostNativeInterface: onConnectStateChanged: state=1
09-16 20:32:03.670 20412 20602 D HidHostService: onConnectStateChanged: state=1
09-16 20:32:03.670 20412 20582 I bt_osi_alarm: packages/modules/MiuiBluetooth/system/osi/src/alarm.cc:182 alarm_new_internal: name=l2c_fcrb.ack_timer, ptr=0xb400006f21993190, mutex_ptr=0xb400006ee199b690
09-16 20:32:03.670 20412 20602 D HidHostNativeInterface: onConnectStateChanged: state=1
09-16 20:32:03.670 20412 20602 D HidHostService: onConnectStateChanged: state=1
09-16 20:32:03.670 20412 20582 I bt_osi_alarm: packages/modules/MiuiBluetooth/system/osi/src/alarm.cc:182 alarm_new_internal: name=l2c_fcrb.mon_retrans_timer, ptr=0xb400006f21986070, mutex_ptr=0xb400006ee1995550
09-16 20:32:03.670 20412 20582 I bt_osi_alarm: packages/modules/MiuiBluetooth/system/osi/src/alarm.cc:182 alarm_new_internal: name=l2c.l2c_ccb_timer, ptr=0xb400006f2198f6f0, mutex_ptr=0xb400006ee199ebd0
09-16 20:32:03.670 20412 20582 I l2c_csm : packages/modules/MiuiBluetooth/system/stack/l2cap/l2c_csm.cc:147 l2c_csm_execute: Enter CSM, chnl_state:CST_CLOSED [0], event:UPPER_LAYER_CONNECT_REQ [21]
09-16 20:32:03.671 20412 20582 I l2c_csm : packages/modules/MiuiBluetooth/system/stack/l2cap/l2c_csm.cc:147 l2c_csm_execute: Enter CSM, chnl_state:CST_CLOSED [0], event:SECURITY_COMPLETE [7]
09-16 20:32:03.672  2400  2702 I MiuiNetworkPolicy: updateUidState uid = 10101, uidState = 2
09-16 20:32:03.673 20412 20412 V HidHostService: handleMessage(): msg.what=3
09-16 20:32:03.673 20412 20412 D HidHostService: handleMessageConnectStateChanged: device=XX:XX:XX:XX:22:43 newState=1 prevState=0
09-16 20:32:03.673 20412 20412 I HidHostService: broadcastConnectionState: device= XX:XX:XX:XX:22:43 transport= 1 prevState=0 -> newState=1
09-16 20:32:03.676  1327  1327 E MI-SF   : MiSurfaceFlingerImpl.cpp.vsyncId=3973647, oldVsyncId=3973632, layerName=TL_Surface(name=Task=1#47)/@0xd7617e1_transition-leash#6042
09-16 20:32:03.676  1327  1327 E MI-SF   : MiSurfaceFlingerImpl.cpp.vsyncId=3973647, mIsContainTask1=1, mIsContainTaskOther=0
09-16 20:32:03.676  1327  1327 E MI-SF   : MiSurfaceFlingerImpl.cpp.vsyncId=3973647, oldVsyncId=3973647, layerName=TL_Surface(name=Task=208#6028)/@0x3939d48_transition-leash#6041
09-16 20:32:03.676  1327  1327 E MI-SF   : MiSurfaceFlingerImpl.cpp.vsyncId=3973647, mIsContainTask1=1, mIsContainTaskOther=1
09-16 20:32:03.676  1327  1327 E MI-SF   : MiSurfaceFlingerImpl.cpp.vsyncId=3973647, oldVsyncId=3973647, layerName=TL_Surface(name=Task=1#47)/@0xd7617e1_transition-leash#6042
09-16 20:32:03.676  1327  1327 E MI-SF   : MiSurfaceFlingerImpl.cpp.vsyncId=3973647, mIsContainTask1=1, mIsContainTaskOther=1
09-16 20:32:03.676  1327  1327 E MI-SF   : MiSurfaceFlingerImpl.cpp.vsyncId=3973647, oldVsyncId=3973647, layerName=Surface(name=WindowToken{660df1a type=2003 android.os.BinderProxy@34689c5}#6020)/@0xa413c28 - animation-leash of token_transform#6034
09-16 20:32:03.676  1327  1327 E MI-SF   : MiSurfaceFlingerImpl.cpp.vsyncId=3973647, mIsContainTask1=1, mIsContainTaskOther=1
09-16 20:32:03.676  1327  1327 E MI-SF   : MiSurfaceFlingerImpl.cpp.vsyncId=3973647, oldVsyncId=3973647, layerName=Surface(name=WindowToken{3d232f1 type=2026 android.os.BinderProxy@ab10c7b}#6016)/@0x639f557 - animation-leash of token_transform#6036
09-16 20:32:03.676  1327  1327 E MI-SF   : MiSurfaceFlingerImpl.cpp.vsyncId=3973647, mIsContainTask1=1, mIsContainTaskOther=1
09-16 20:32:03.676  1327  1327 E MI-SF   : MiSurfaceFlingerImpl.cpp.vsyncId=3973647, oldVsyncId=3973647, layerName=Surface(name=WindowToken{64110f4 type=2027 android.os.BinderProxy@48896e1}#69)/@0x29c5463 - animation-leash of token_transform#6035
09-16 20:32:03.676  1327  1327 E MI-SF   : MiSurfaceFlingerImpl.cpp.vsyncId=3973647, mIsContainTask1=1, mIsContainTaskOther=1
09-16 20:32:03.676  1327  1327 E MI-SF   : MiSurfaceFlingerImpl.cpp.vsyncId=3973647, oldVsyncId=3973647, layerName=Surface(name=WindowToken{6d05883 type=2027 android.os.BinderProxy@e95d332}#67)/@0x9ffca00 - animation-leash of token_transform#6033
09-16 20:32:03.676  1327  1327 E MI-SF   : MiSurfaceFlingerImpl.cpp.vsyncId=3973647, mIsContainTask1=1, mIsContainTaskOther=1
09-16 20:32:03.676  1327  1327 E MI-SF   : MiSurfaceFlingerImpl.cpp.vsyncId=3973647, oldVsyncId=3973647, layerName=Surface(name=WindowToken{a7d80e1 type=2000 android.os.BinderProxy@782cceb}#109)/@0x3ba9e06 - animation-leash of token_transform#6031
09-16 20:32:03.676  1327  1327 E MI-SF   : MiSurfaceFlingerImpl.cpp.vsyncId=3973647, mIsContainTask1=1, mIsContainTaskOther=1
09-16 20:32:03.676  1327  1327 E MI-SF   : MiSurfaceFlingerImpl.cpp.vsyncId=3973647, oldVsyncId=3973647, layerName=Surface(name=WindowToken{85a90fd type=2024 android.os.BinderProxy@8201954}#72)/@0xd0f76c0 - animation-leash of token_transform#6032
09-16 20:32:03.676  1327  1327 E MI-SF   : MiSurfaceFlingerImpl.cpp.vsyncId=3973647, mIsContainTask1=1, mIsContainTaskOther=1
09-16 20:32:03.678  1327  1327 E SurfaceFlinger: MiSurfaceFlingerStub isAnimationScene
09-16 20:32:03.679  1168 20595 I vendor.qti.bluetooth@1.0-ibs_handler: ProcessIbsCmd: Received IBS_WAKE_IND: 0xFD
09-16 20:32:03.679  1168 20595 I vendor.qti.bluetooth@1.0-ibs_handler: ProcessIbsCmd: Writing IBS_WAKE_ACK
09-16 20:32:03.681  2400  2785 D isUidValid: uid = 10101
09-16 20:32:03.681  2400  2454 D GnssSsruImpl: onLocationPermissionsChanged provider:network packageName:com.hzc23.nonocontroller
09-16 20:32:03.681  2400  2454 D GnssSsruImpl: onLocationPermissionsChanged provider:fused packageName:com.hzc23.nonocontroller
09-16 20:32:03.681  2400  2454 D GnssSsruImpl: onLocationPermissionsChanged provider:gps packageName:com.hzc23.nonocontroller
09-16 20:32:03.681  2400  2454 D GnssSsruImpl: onLocationPermissionsChanged provider:passive packageName:com.hzc23.nonocontroller
09-16 20:32:03.682 20412 20615 I BtGatt.ScanManager: msg.what = MSG_IMPORTANCE_CHANGE, msg.arg1 = IMPORTANCE_CHANGE
09-16 20:32:03.684  1327  1327 E MI-SF   : MiSurfaceFlingerImpl.cpp.vsyncId=3973662, oldVsyncId=3973647, layerName=TL_Surface(name=Task=1#47)/@0xd7617e1_transition-leash#6042
09-16 20:32:03.684  1327  1327 E MI-SF   : MiSurfaceFlingerImpl.cpp.vsyncId=3973662, mIsContainTask1=1, mIsContainTaskOther=0
09-16 20:32:03.684  1327  1327 E MI-SF   : MiSurfaceFlingerImpl.cpp.vsyncId=3973662, oldVsyncId=3973662, layerName=TL_Surface(name=Task=208#6028)/@0x3939d48_transition-leash#6041
09-16 20:32:03.684  1327  1327 E MI-SF   : MiSurfaceFlingerImpl.cpp.vsyncId=3973662, mIsContainTask1=1, mIsContainTaskOther=1
09-16 20:32:03.684  1327  1327 E MI-SF   : MiSurfaceFlingerImpl.cpp.vsyncId=3973662, oldVsyncId=3973662, layerName=TL_Surface(name=Task=1#47)/@0xd7617e1_transition-leash#6042
09-16 20:32:03.684  1327  1327 E MI-SF   : MiSurfaceFlingerImpl.cpp.vsyncId=3973662, mIsContainTask1=1, mIsContainTaskOther=1
09-16 20:32:03.684  1327  1327 E MI-SF   : MiSurfaceFlingerImpl.cpp.vsyncId=3973662, oldVsyncId=3973662, layerName=Surface(name=WindowToken{660df1a type=2003 android.os.BinderProxy@34689c5}#6020)/@0xa413c28 - animation-leash of token_transform#6034
09-16 20:32:03.684  1327  1327 E MI-SF   : MiSurfaceFlingerImpl.cpp.vsyncId=3973662, mIsContainTask1=1, mIsContainTaskOther=1
09-16 20:32:03.684  1327  1327 E MI-SF   : MiSurfaceFlingerImpl.cpp.vsyncId=3973662, oldVsyncId=3973662, layerName=Surface(name=WindowToken{3d232f1 type=2026 android.os.BinderProxy@ab10c7b}#6016)/@0x639f557 - animation-leash of token_transform#6036
09-16 20:32:03.684  1327  1327 E MI-SF   : MiSurfaceFlingerImpl.cpp.vsyncId=3973662, mIsContainTask1=1, mIsContainTaskOther=1
09-16 20:32:03.684  1327  1327 E MI-SF   : MiSurfaceFlingerImpl.cpp.vsyncId=3973662, oldVsyncId=3973662, layerName=Surface(name=WindowToken{64110f4 type=2027 android.os.BinderProxy@48896e1}#69)/@0x29c5463 - animation-leash of token_transform#6035
09-16 20:32:03.684  1327  1327 E MI-SF   : MiSurfaceFlingerImpl.cpp.vsyncId=3973662, mIsContainTask1=1, mIsContainTaskOther=1
09-16 20:32:03.684  1327  1327 E MI-SF   : MiSurfaceFlingerImpl.cpp.vsyncId=3973662, oldVsyncId=3973662, layerName=Surface(name=WindowToken{6d05883 type=2027 android.os.BinderProxy@e95d332}#67)/@0x9ffca00 - animation-leash of token_transform#6033
09-16 20:32:03.684  1327  1327 E MI-SF   : MiSurfaceFlingerImpl.cpp.vsyncId=3973662, mIsContainTask1=1, mIsContainTaskOther=1
09-16 20:32:03.684  1327  1327 E MI-SF   : MiSurfaceFlingerImpl.cpp.vsyncId=3973662, oldVsyncId=3973662, layerName=Surface(name=WindowToken{a7d80e1 type=2000 android.os.BinderProxy@782cceb}#109)/@0x3ba9e06 - animation-leash of token_transform#6031
09-16 20:32:03.684  1327  1327 E MI-SF   : MiSurfaceFlingerImpl.cpp.vsyncId=3973662, mIsContainTask1=1, mIsContainTaskOther=1
09-16 20:32:03.684  1327  1327 E MI-SF   : MiSurfaceFlingerImpl.cpp.vsyncId=3973662, oldVsyncId=3973662, layerName=Surface(name=WindowToken{85a90fd type=2024 android.os.BinderProxy@8201954}#72)/@0xd0f76c0 - animation-leash of token_transform#6032
09-16 20:32:03.684  1327  1327 E MI-SF   : MiSurfaceFlingerImpl.cpp.vsyncId=3973662, mIsContainTask1=1, mIsContainTaskOther=1
09-16 20:32:03.686  1327  1327 E SurfaceFlinger: MiSurfaceFlingerStub isAnimationScene
09-16 20:32:03.689  5422  5422 I RegionSamplingImageView: onRegionDarknessChanged, new = false, old = true
09-16 20:32:03.690 20412 20412 V HidHostService: handleMessage(): msg.what=3
09-16 20:32:03.690 20412 20412 D HidHostService: handleMessageConnectStateChanged: device=XX:XX:XX:XX:22:43 newState=1 prevState=1
09-16 20:32:03.691 20412 20412 D HidHostService: updateConnectionState: No state change for device=XX:XX:XX:XX:22:43 newState=1 transport=1
09-16 20:32:03.691 20412 20412 D AdapterProperties: updateOnProfileConnectionChanged: profile=HID_HOST device=XX:XX:XX:XX:22:43 state [0 -> 1]
09-16 20:32:03.691  5422  5422 D SidebarLineDrawable: updateLineColor: from -855638017 to -6842473
09-16 20:32:03.692  1327  1327 E MI-SF   : MiSurfaceFlingerImpl.cpp.vsyncId=3973677, oldVsyncId=3973662, layerName=TL_Surface(name=Task=1#47)/@0xd7617e1_transition-leash#6042
09-16 20:32:03.692  1327  1327 E MI-SF   : MiSurfaceFlingerImpl.cpp.vsyncId=3973677, mIsContainTask1=1, mIsContainTaskOther=0
09-16 20:32:03.692  1327  1327 E MI-SF   : MiSurfaceFlingerImpl.cpp.vsyncId=3973677, oldVsyncId=3973677, layerName=TL_Surface(name=Task=208#6028)/@0x3939d48_transition-leash#6041
09-16 20:32:03.692  1327  1327 E MI-SF   : MiSurfaceFlingerImpl.cpp.vsyncId=3973677, mIsContainTask1=1, mIsContainTaskOther=1
09-16 20:32:03.692  1327  1327 E MI-SF   : MiSurfaceFlingerImpl.cpp.vsyncId=3973677, oldVsyncId=3973677, layerName=TL_Surface(name=Task=1#47)/@0xd7617e1_transition-leash#6042
09-16 20:32:03.692  1327  1327 E MI-SF   : MiSurfaceFlingerImpl.cpp.vsyncId=3973677, mIsContainTask1=1, mIsContainTaskOther=1
09-16 20:32:03.692  1327  1327 E MI-SF   : MiSurfaceFlingerImpl.cpp.vsyncId=3973677, oldVsyncId=3973677, layerName=Surface(name=WindowToken{660df1a type=2003 android.os.BinderProxy@34689c5}#6020)/@0xa413c28 - animation-leash of token_transform#6034
09-16 20:32:03.692  1327  1327 E MI-SF   : MiSurfaceFlingerImpl.cpp.vsyncId=3973677, mIsContainTask1=1, mIsContainTaskOther=1
09-16 20:32:03.692  1327  1327 E MI-SF   : MiSurfaceFlingerImpl.cpp.vsyncId=3973677, oldVsyncId=3973677, layerName=Surface(name=WindowToken{3d232f1 type=2026 android.os.BinderProxy@ab10c7b}#6016)/@0x639f557 - animation-leash of token_transform#6036
09-16 20:32:03.692  1327  1327 E MI-SF   : MiSurfaceFlingerImpl.cpp.vsyncId=3973677, mIsContainTask1=1, mIsContainTaskOther=1
09-16 20:32:03.692  1327  1327 E MI-SF   : MiSurfaceFlingerImpl.cpp.vsyncId=3973677, oldVsyncId=3973677, layerName=Surface(name=WindowToken{64110f4 type=2027 android.os.BinderProxy@48896e1}#69)/@0x29c5463 - animation-leash of token_transform#6035
09-16 20:32:03.692  1327  1327 E MI-SF   : MiSurfaceFlingerImpl.cpp.vsyncId=3973677, mIsContainTask1=1, mIsContainTaskOther=1
09-16 20:32:03.692  1327  1327 E MI-SF   : MiSurfaceFlingerImpl.cpp.vsyncId=3973677, oldVsyncId=3973677, layerName=Surface(name=WindowToken{6d05883 type=2027 android.os.BinderProxy@e95d332}#67)/@0x9ffca00 - animation-leash of token_transform#6033
09-16 20:32:03.692  1327  1327 E MI-SF   : MiSurfaceFlingerImpl.cpp.vsyncId=3973677, mIsContainTask1=1, mIsContainTaskOther=1
09-16 20:32:03.692  1327  1327 E MI-SF   : MiSurfaceFlingerImpl.cpp.vsyncId=3973677, oldVsyncId=3973677, layerName=Surface(name=WindowToken{a7d80e1 type=2000 android.os.BinderProxy@782cceb}#109)/@0x3ba9e06 - animation-leash of token_transform#6031
09-16 20:32:03.693  1327  1327 E MI-SF   : MiSurfaceFlingerImpl.cpp.vsyncId=3973677, mIsContainTask1=1, mIsContainTaskOther=1
09-16 20:32:03.693  1327  1327 E MI-SF   : MiSurfaceFlingerImpl.cpp.vsyncId=3973677, oldVsyncId=3973677, layerName=Surface(name=WindowToken{85a90fd type=2024 android.os.BinderProxy@8201954}#72)/@0xd0f76c0 - animation-leash of token_transform#6032
09-16 20:32:03.693  1327  1327 E MI-SF   : MiSurfaceFlingerImpl.cpp.vsyncId=3973677, mIsContainTask1=1, mIsContainTaskOther=1
09-16 20:32:03.694  5663  5674 D MiuiDownscaleImpl: set override inverted scale : 1.0
09-16 20:32:03.694  1327  1327 E SurfaceFlinger: MiSurfaceFlingerStub isAnimationScene
09-16 20:32:03.695  5663  5663 D MiuiMonitorThread: Shared singleton Thread for stability monitor start
09-16 20:32:03.697 20412 20412 D HidDeviceService: handleMessage(): msg.what=8
09-16 20:32:03.698 20412 20412 D BluetoothPhonePolicy: processProfileStateChanged, device=XX:XX:XX:XX:22:43, profile=HID_HOST, 0 -> 1
09-16 20:32:03.698  3365  3629 D LocalBluetoothProfileManager: onReceiveInternal action:android.bluetooth.input.profile.action.CONNECTION_STATE_CHANGED mProfile:HID
09-16 20:32:03.698  3365  3629 D CachedBluetoothDevice: onProfileStateChanged: profile HID, device XX:XX:XX:XX:22:43, newProfileState 1
09-16 20:32:03.698  3365  3629 D CachedBluetoothDevice: fetchActiveDevices XX:XX:XX:XX:22:43
09-16 20:32:03.698  3365  3629 D BluetoothAdapter: getActiveDevices(profile= A2DP)
09-16 20:32:03.700  4167  4167 D MiuiPeripheralConnectionServiceReal: onReceive intent=Intent { act=android.bluetooth.input.profile.action.CONNECTION_STATE_CHANGED flg=0x4000010 (has extras) }
09-16 20:32:03.700  4167  4167 D CachedBluetoothDevice: onProfileStateChanged: profile HID, device XX:XX:XX:XX:22:43, newProfileState 1
09-16 20:32:03.700  4167  4167 D BluetoothAdapter: getActiveDevices(profile= A2DP)
09-16 20:32:03.701  1327  1327 E MI-SF   : MiSurfaceFlingerImpl.cpp.vsyncId=3973692, oldVsyncId=3973677, layerName=TL_Surface(name=Task=1#47)/@0xd7617e1_transition-leash#6042
09-16 20:32:03.701  1327  1327 E MI-SF   : MiSurfaceFlingerImpl.cpp.vsyncId=3973692, mIsContainTask1=1, mIsContainTaskOther=0
09-16 20:32:03.701  1327  1327 E MI-SF   : MiSurfaceFlingerImpl.cpp.vsyncId=3973692, oldVsyncId=3973692, layerName=TL_Surface(name=Task=208#6028)/@0x3939d48_transition-leash#6041
09-16 20:32:03.701  1327  1327 E MI-SF   : MiSurfaceFlingerImpl.cpp.vsyncId=3973692, mIsContainTask1=1, mIsContainTaskOther=1
09-16 20:32:03.701  1327  1327 E MI-SF   : MiSurfaceFlingerImpl.cpp.vsyncId=3973692, oldVsyncId=3973692, layerName=TL_Surface(name=Task=1#47)/@0xd7617e1_transition-leash#6042
09-16 20:32:03.701  1327  1327 E MI-SF   : MiSurfaceFlingerImpl.cpp.vsyncId=3973692, mIsContainTask1=1, mIsContainTaskOther=1
09-16 20:32:03.701  1327  1327 E MI-SF   : MiSurfaceFlingerImpl.cpp.vsyncId=3973692, oldVsyncId=3973692, layerName=Surface(name=WindowToken{660df1a type=2003 android.os.BinderProxy@34689c5}#6020)/@0xa413c28 - animation-leash of token_transform#6034
09-16 20:32:03.701  1327  1327 E MI-SF   : MiSurfaceFlingerImpl.cpp.vsyncId=3973692, mIsContainTask1=1, mIsContainTaskOther=1
09-16 20:32:03.701  1327  1327 E MI-SF   : MiSurfaceFlingerImpl.cpp.vsyncId=3973692, oldVsyncId=3973692, layerName=Surface(name=WindowToken{3d232f1 type=2026 android.os.BinderProxy@ab10c7b}#6016)/@0x639f557 - animation-leash of token_transform#6036
09-16 20:32:03.701  1327  1327 E MI-SF   : MiSurfaceFlingerImpl.cpp.vsyncId=3973692, mIsContainTask1=1, mIsContainTaskOther=1
09-16 20:32:03.701  1327  1327 E MI-SF   : MiSurfaceFlingerImpl.cpp.vsyncId=3973692, oldVsyncId=3973692, layerName=Surface(name=WindowToken{64110f4 type=2027 android.os.BinderProxy@48896e1}#69)/@0x29c5463 - animation-leash of token_transform#6035
09-16 20:32:03.701  1327  1327 E MI-SF   : MiSurfaceFlingerImpl.cpp.vsyncId=3973692, mIsContainTask1=1, mIsContainTaskOther=1
09-16 20:32:03.701  1327  1327 E MI-SF   : MiSurfaceFlingerImpl.cpp.vsyncId=3973692, oldVsyncId=3973692, layerName=Surface(name=WindowToken{6d05883 type=2027 android.os.BinderProxy@e95d332}#67)/@0x9ffca00 - animation-leash of token_transform#6033
09-16 20:32:03.701  1327  1327 E MI-SF   : MiSurfaceFlingerImpl.cpp.vsyncId=3973692, mIsContainTask1=1, mIsContainTaskOther=1
09-16 20:32:03.701  1327  1327 E MI-SF   : MiSurfaceFlingerImpl.cpp.vsyncId=3973692, oldVsyncId=3973692, layerName=Surface(name=WindowToken{a7d80e1 type=2000 android.os.BinderProxy@782cceb}#109)/@0x3ba9e06 - animation-leash of token_transform#6031
09-16 20:32:03.701  1327  1327 E MI-SF   : MiSurfaceFlingerImpl.cpp.vsyncId=3973692, mIsContainTask1=1, mIsContainTaskOther=1
09-16 20:32:03.701  1327  1327 E MI-SF   : MiSurfaceFlingerImpl.cpp.vsyncId=3973692, oldVsyncId=3973692, layerName=Surface(name=WindowToken{85a90fd type=2024 android.os.BinderProxy@8201954}#72)/@0xd0f76c0 - animation-leash of token_transform#6032
09-16 20:32:03.701  1327  1327 E MI-SF   : MiSurfaceFlingerImpl.cpp.vsyncId=3973692, mIsContainTask1=1, mIsContainTaskOther=1
09-16 20:32:03.701 20412 20412 V BluetoothAdapterService: isProfileSupported(device=XX:XX:XX:XX:22:43, profile=LE_AUDIO): local_uuids=[0000110a-0000-1000-8000-00805f9b34fb, 0000111f-0000-1000-8000-00805f9b34fb, 00001112-0000-1000-8000-00805f9b34fb, 0000112f-0000-1000-8000-00805f9b34fb, 00001132-0000-1000-8000-00805f9b34fb], remote_uuids=[00001101-0000-1000-8000-00805f9b34fb, 0000110e-0000-1000-8000-00805f9b34fb, 0000111e-0000-1000-8000-00805f9b34fb, 00001124-0000-1000-8000-00805f9b34fb]
09-16 20:32:03.703  1327  1327 E SurfaceFlinger: MiSurfaceFlingerStub isAnimationScene
09-16 20:32:03.704  5663  5674 D AppScoutStateMachine: 5663-ScoutStateMachinecreated
09-16 20:32:03.704 20412 29343 I BluetoothAdapterService: getActiveDevices: A2dp device: null
09-16 20:32:03.704  4167  4167 D BluetoothAdapter: getActiveDevices(profile= HEADSET)
09-16 20:32:03.704 20412 20412 V BluetoothAdapterService: isProfileSupported(device=XX:XX:XX:XX:22:43, profile=LE_AUDIO): local_uuids=[0000110a-0000-1000-8000-00805f9b34fb, 0000111f-0000-1000-8000-00805f9b34fb, 00001112-0000-1000-8000-00805f9b34fb, 0000112f-0000-1000-8000-00805f9b34fb, 00001132-0000-1000-8000-00805f9b34fb], remote_uuids=[00001101-0000-1000-8000-00805f9b34fb, 0000110e-0000-1000-8000-00805f9b34fb, 0000111e-0000-1000-8000-00805f9b34fb, 00001124-0000-1000-8000-00805f9b34fb]
09-16 20:32:03.707 20412 29343 I BluetoothAdapterService: getActiveDevices: Headset device: XX:XX:XX:XX:22:43
09-16 20:32:03.707  4167  4167 D BluetoothAdapter: getActiveDevices(profile= HEARING_AID)
09-16 20:32:03.707 20412 20582 I l2c_csm : packages/modules/MiuiBluetooth/system/stack/l2cap/l2c_csm.cc:147 l2c_csm_execute: Enter CSM, chnl_state:CST_W4_L2CAP_CONNECT_RSP [3], event:PEER_CONNECT_RSP [11]
09-16 20:32:03.707 20412 20582 I l2c_csm : packages/modules/MiuiBluetooth/system/stack/l2cap/l2c_csm.cc:147 l2c_csm_execute: Enter CSM, chnl_state:CST_CONFIG [5], event:UPPER_LAYER_CONFIG_REQ [24]
09-16 20:32:03.709 20412 29343 I BluetoothAdapterService: getActiveDevices: Hearing Aid devices: Left[null] - Right[null]
09-16 20:32:03.709  1327  1327 E MI-SF   : MiSurfaceFlingerImpl.cpp.vsyncId=3973714, oldVsyncId=3973692, layerName=TL_Surface(name=Task=1#47)/@0xd7617e1_transition-leash#6042
09-16 20:32:03.709  1327  1327 E MI-SF   : MiSurfaceFlingerImpl.cpp.vsyncId=3973714, mIsContainTask1=1, mIsContainTaskOther=0
09-16 20:32:03.709  1327  1327 E MI-SF   : MiSurfaceFlingerImpl.cpp.vsyncId=3973714, oldVsyncId=3973714, layerName=TL_Surface(name=Task=208#6028)/@0x3939d48_transition-leash#6041
09-16 20:32:03.709  1327  1327 E MI-SF   : MiSurfaceFlingerImpl.cpp.vsyncId=3973714, mIsContainTask1=1, mIsContainTaskOther=1
09-16 20:32:03.709  1327  1327 E MI-SF   : MiSurfaceFlingerImpl.cpp.vsyncId=3973714, oldVsyncId=3973714, layerName=TL_Surface(name=Task=1#47)/@0xd7617e1_transition-leash#6042
09-16 20:32:03.709  1327  1327 E MI-SF   : MiSurfaceFlingerImpl.cpp.vsyncId=3973714, mIsContainTask1=1, mIsContainTaskOther=1
09-16 20:32:03.709 20412 20582 I l2c_csm : packages/modules/MiuiBluetooth/system/stack/l2cap/l2c_csm.cc:147 l2c_csm_execute: Enter CSM, chnl_state:CST_CONFIG [5], event:PEER_CONFIG_REQ [14]
09-16 20:32:03.709  1327  1327 E MI-SF   : MiSurfaceFlingerImpl.cpp.vsyncId=3973714, oldVsyncId=3973714, layerName=Surface(name=WindowToken{660df1a type=2003 android.os.BinderProxy@34689c5}#6020)/@0xa413c28 - animation-leash of token_transform#6034
09-16 20:32:03.709  1327  1327 E MI-SF   : MiSurfaceFlingerImpl.cpp.vsyncId=3973714, mIsContainTask1=1, mIsContainTaskOther=1
09-16 20:32:03.709  1327  1327 E MI-SF   : MiSurfaceFlingerImpl.cpp.vsyncId=3973714, oldVsyncId=3973714, layerName=Surface(name=WindowToken{3d232f1 type=2026 android.os.BinderProxy@ab10c7b}#6016)/@0x639f557 - animation-leash of token_transform#6036
09-16 20:32:03.709  1327  1327 E MI-SF   : MiSurfaceFlingerImpl.cpp.vsyncId=3973714, mIsContainTask1=1, mIsContainTaskOther=1
09-16 20:32:03.709 20412 20582 I l2c_csm : packages/modules/MiuiBluetooth/system/stack/l2cap/l2c_csm.cc:147 l2c_csm_execute: Enter CSM, chnl_state:CST_CONFIG [5], event:UPPER_LAYER_CONFIG_RSP [25]
09-16 20:32:03.709  1327  1327 E MI-SF   : MiSurfaceFlingerImpl.cpp.vsyncId=3973714, oldVsyncId=3973714, layerName=Surface(name=WindowToken{64110f4 type=2027 android.os.BinderProxy@48896e1}#69)/@0x29c5463 - animation-leash of token_transform#6035
09-16 20:32:03.709  1327  1327 E MI-SF   : MiSurfaceFlingerImpl.cpp.vsyncId=3973714, mIsContainTask1=1, mIsContainTaskOther=1
