09-17 07:17:43.089  1327  1327 E MI-SF   : MiSurfaceFlingerImpl.cpp.vsyncId=17027531, mIsContainTask1=0, mIsContainTaskOther=0
09-17 07:17:43.089  1327  1327 E MI-SF   : MiSurfaceFlingerImpl.cpp.vsyncId=17027531, oldVsyncId=17027531, layerName=Surface(name=WindowToken{a7d80e1 type=2000 android.os.BinderProxy@782cceb}#109)/@0x3ba9e06 - animation-leash of token_transform#8624
09-17 07:17:43.089  1327  1327 E MI-SF   : MiSurfaceFlingerImpl.cpp.vsyncId=17027531, mIsContainTask1=0, mIsContainTaskOther=0
09-17 07:17:43.089  1327  1327 E MI-SF   : MiSurfaceFlingerImpl.cpp.vsyncId=17027531, oldVsyncId=17027531, layerName=Surface(name=WindowToken{ddf867e type=2026 android.os.BinderProxy@b2b6039}#8608)/@0x69ad7df - animation-leash of token_transform#8623
09-17 07:17:43.089  1327  1327 E MI-SF   : MiSurfaceFlingerImpl.cpp.vsyncId=17027531, mIsContainTask1=0, mIsContainTaskOther=0
09-17 07:17:43.089  1327  1327 E MI-SF   : MiSurfaceFlingerImpl.cpp.vsyncId=17027531, oldVsyncId=17027531, layerName=Surface(name=WindowToken{761c4ec type=2003 android.os.BinderProxy@67defd}#8612)/@0xc3d34a - animation-leash of token_transform#8626
09-17 07:17:43.089  1327  1327 E MI-SF   : MiSurfaceFlingerImpl.cpp.vsyncId=17027531, mIsContainTask1=0, mIsContainTaskOther=0
09-17 07:17:43.089  1327  1327 E MI-SF   : MiSurfaceFlingerImpl.cpp.vsyncId=17027531, oldVsyncId=17027531, layerName=Surface(name=WindowToken{85a90fd type=2024 android.os.BinderProxy@8201954}#72)/@0xd0f76c0 - animation-leash of token_transform#8625
09-17 07:17:43.089  1327  1327 E MI-SF   : MiSurfaceFlingerImpl.cpp.vsyncId=17027531, mIsContainTask1=0, mIsContainTaskOther=0
09-17 07:17:43.089  1327  1327 E MI-SF   : MiSurfaceFlingerImpl.cpp.vsyncId=17027531, oldVsyncId=17027531, layerName=Surface(name=WindowToken{6d05883 type=2027 android.os.BinderProxy@e95d332}#67)/@0x9ffca00 - animation-leash of token_transform#8627
09-17 07:17:43.089  1327  1327 E MI-SF   : MiSurfaceFlingerImpl.cpp.vsyncId=17027531, mIsContainTask1=0, mIsContainTaskOther=0
09-17 07:17:43.089  1327  1327 E MI-SF   : MiSurfaceFlingerImpl.cpp.vsyncId=17027531, oldVsyncId=17027531, layerName=com.miui.home/com.miui.home.launcher.Launcher#8555
09-17 07:17:43.089  1327  1327 E MI-SF   : MiSurfaceFlingerImpl.cpp.vsyncId=17027531, mIsContainTask1=0, mIsContainTaskOther=0
09-17 07:17:43.089  1327  1327 E MI-SF   : MiSurfaceFlingerImpl.cpp.vsyncId=17027531, oldVsyncId=17027531, layerName=com.miui.home/com.miui.home.launcher.Launcher#8555
09-17 07:17:43.089  1327  1327 E MI-SF   : MiSurfaceFlingerImpl.cpp.vsyncId=17027531, mIsContainTask1=0, mIsContainTaskOther=0
09-17 07:17:43.089  3402  3666 I TransitionUtil: setLayer leash6 = Surface(name=TL_Surface(name=Task=1#47)/@0x27befa_transition-leash#8634)/@0xd6ddaaa, layer = 1
09-17 07:17:43.091  3402  3666 D ReflectUtils: callObjectMethod
09-17 07:17:43.091  3402  3666 D ReflectUtils: java.lang.NoSuchMethodException: android.window.TransitionInfo$Change.getAllowEnterPip []
09-17 07:17:43.091  3402  3666 D ReflectUtils: 	at java.lang.Class.getMethod(Class.java:2940)
09-17 07:17:43.091  3402  3666 D ReflectUtils: 	at java.lang.Class.getDeclaredMethod(Class.java:2919)
09-17 07:17:43.091  3402  3666 D ReflectUtils: 	at com.miui.launcher.utils.ReflectUtils.callObjectMethod(ReflectUtils.java:35)
09-17 07:17:43.091  3402  3666 D ReflectUtils: 	at com.android.hideapi.TransitionInfoExpose$ChangeExpose.getAllowEnterPip(TransitionInfoExpose.java:119)
09-17 07:17:43.091  3402  3666 D ReflectUtils: 	at com.android.wm.shell.util.TransitionUtil.newTarget(TransitionUtil.java:582)
09-17 07:17:43.091  3402  3666 D ReflectUtils: 	at com.android.wm.shell.util.TransitionUtil.newTarget(TransitionUtil.java:519)
09-17 07:17:43.091  3402  3666 D ReflectUtils: 	at com.android.wm.shell.util.TransitionUtil.newTarget(TransitionUtil.java:510)
09-17 07:17:43.091  3402  3666 D ReflectUtils: 	at com.android.systemui.shared.recents.system.RemoteAnimationTargetCompat.wrap(RemoteAnimationTargetCompat.java:212)
09-17 07:17:43.091  3402  3666 D ReflectUtils: 	at com.android.systemui.shared.recents.system.RemoteAnimationTargetCompat.wrapAppsForCompat(RemoteAnimationTargetCompat.java:232)
09-17 07:17:43.091  3402  3666 D ReflectUtils: 	at com.android.systemui.shared.recents.system.WindowTransitionCompat$2.lambda$startAnimation$0(WindowTransitionCompat.java:136)
09-17 07:17:43.091  3402  3666 D ReflectUtils: 	at com.android.systemui.shared.recents.system.WindowTransitionCompat$2.$r8$lambda$hcqKCUwnRuMqtvMJ6DPLae5xnFA(Unknown Source:0)
09-17 07:17:43.091  3402  3666 D ReflectUtils: 	at com.android.systemui.shared.recents.system.WindowTransitionCompat$2$$ExternalSyntheticLambda0.run(Unknown Source:10)
09-17 07:17:43.091  3402  3666 D ReflectUtils: 	at android.os.Handler.handleCallback(Handler.java:959)
09-17 07:17:43.091  3402  3666 D ReflectUtils: 	at android.os.Handler.dispatchMessage(Handler.java:100)
09-17 07:17:43.091  3402  3666 D ReflectUtils: 	at android.os.Looper.loopOnce(Looper.java:249)
09-17 07:17:43.091  3402  3666 D ReflectUtils: 	at android.os.Looper.loop(Looper.java:337)
09-17 07:17:43.091  3402  3666 D ReflectUtils: 	at android.os.HandlerThread.run(HandlerThread.java:85)
09-17 07:17:43.091  3402  3666 W TransitionInfoExpose.ChangeExpose: getAllowEnterPip: return null from reflection, use default value false
09-17 07:17:43.091  1327  1327 E SurfaceFlinger: MiSurfaceFlingerStub isAnimationScene
09-17 07:17:43.092  3402  3666 D TAG     : obtainElement: false
09-17 07:17:43.092  3402  3666 D TAG     : java.lang.RuntimeException
09-17 07:17:43.092  3402  3666 D TAG     : 	at com.android.systemui.shared.recents.system.RemoteAnimationTargetCompat.obtainElement(RemoteAnimationTargetCompat.java:116)
09-17 07:17:43.092  3402  3666 D TAG     : 	at com.android.systemui.shared.recents.system.RemoteAnimationTargetCompat.<init>(RemoteAnimationTargetCompat.java:94)
09-17 07:17:43.092  3402  3666 D TAG     : 	at com.android.systemui.shared.recents.system.RemoteAnimationTargetCompat.wrap(RemoteAnimationTargetCompat.java:188)
09-17 07:17:43.092  3402  3666 D TAG     : 	at com.android.systemui.shared.recents.system.RemoteAnimationTargetCompat.wrapAppsForCompat(RemoteAnimationTargetCompat.java:233)
09-17 07:17:43.092  3402  3666 D TAG     : 	at com.android.systemui.shared.recents.system.WindowTransitionCompat$2.lambda$startAnimation$0(WindowTransitionCompat.java:136)
09-17 07:17:43.092  3402  3666 D TAG     : 	at com.android.systemui.shared.recents.system.WindowTransitionCompat$2.$r8$lambda$hcqKCUwnRuMqtvMJ6DPLae5xnFA(Unknown Source:0)
09-17 07:17:43.092  3402  3666 D TAG     : 	at com.android.systemui.shared.recents.system.WindowTransitionCompat$2$$ExternalSyntheticLambda0.run(Unknown Source:10)
09-17 07:17:43.092  3402  3666 D TAG     : 	at android.os.Handler.handleCallback(Handler.java:959)
09-17 07:17:43.092  3402  3666 D TAG     : 	at android.os.Handler.dispatchMessage(Handler.java:100)
09-17 07:17:43.092  3402  3666 D TAG     : 	at android.os.Looper.loopOnce(Looper.java:249)
09-17 07:17:43.092  3402  3666 D TAG     : 	at android.os.Looper.loop(Looper.java:337)
09-17 07:17:43.092  3402  3666 D TAG     : 	at android.os.HandlerThread.run(HandlerThread.java:85)
09-17 07:17:43.092  3402  3666 D TAG     : obtainElement: 0.0
09-17 07:17:43.092  3402  3666 D TAG     : java.lang.RuntimeException
09-17 07:17:43.092  3402  3666 D TAG     : 	at com.android.systemui.shared.recents.system.RemoteAnimationTargetCompat.obtainCornerRadius(RemoteAnimationTargetCompat.java:104)
09-17 07:17:43.092  3402  3666 D TAG     : 	at com.android.systemui.shared.recents.system.RemoteAnimationTargetCompat.<init>(RemoteAnimationTargetCompat.java:95)
09-17 07:17:43.092  3402  3666 D TAG     : 	at com.android.systemui.shared.recents.system.RemoteAnimationTargetCompat.wrap(RemoteAnimationTargetCompat.java:188)
09-17 07:17:43.092  3402  3666 D TAG     : 	at com.android.systemui.shared.recents.system.RemoteAnimationTargetCompat.wrapAppsForCompat(RemoteAnimationTargetCompat.java:233)
09-17 07:17:43.092  3402  3666 D TAG     : 	at com.android.systemui.shared.recents.system.WindowTransitionCompat$2.lambda$startAnimation$0(WindowTransitionCompat.java:136)
09-17 07:17:43.092  3402  3666 D TAG     : 	at com.android.systemui.shared.recents.system.WindowTransitionCompat$2.$r8$lambda$hcqKCUwnRuMqtvMJ6DPLae5xnFA(Unknown Source:0)
09-17 07:17:43.092  3402  3666 D TAG     : 	at com.android.systemui.shared.recents.system.WindowTransitionCompat$2$$ExternalSyntheticLambda0.run(Unknown Source:10)
09-17 07:17:43.092  3402  3666 D TAG     : 	at android.os.Handler.handleCallback(Handler.java:959)
09-17 07:17:43.092  3402  3666 D TAG     : 	at android.os.Handler.dispatchMessage(Handler.java:100)
09-17 07:17:43.092  3402  3666 D TAG     : 	at android.os.Looper.loopOnce(Looper.java:249)
09-17 07:17:43.092  3402  3666 D TAG     : 	at android.os.Looper.loop(Looper.java:337)
09-17 07:17:43.092  3402  3666 D TAG     : 	at android.os.HandlerThread.run(HandlerThread.java:85)
09-17 07:17:43.093  3402  3666 D TAG     : obtainElement: false
09-17 07:17:43.093  3402  3666 D TAG     : java.lang.RuntimeException
09-17 07:17:43.093  3402  3666 D TAG     : 	at com.android.systemui.shared.recents.system.RemoteAnimationTargetCompat.obtainElement(RemoteAnimationTargetCompat.java:116)
09-17 07:17:43.093  3402  3666 D TAG     : 	at com.android.systemui.shared.recents.system.RemoteAnimationTargetCompat.<init>(RemoteAnimationTargetCompat.java:94)
09-17 07:17:43.093  3402  3666 D TAG     : 	at com.android.systemui.shared.recents.system.RemoteAnimationTargetCompat.wrap(RemoteAnimationTargetCompat.java:188)
09-17 07:17:43.093  3402  3666 D TAG     : 	at com.android.systemui.shared.recents.system.RemoteAnimationTargetCompat.wrapAppsForCompat(RemoteAnimationTargetCompat.java:233)
09-17 07:17:43.093  3402  3666 D TAG     : 	at com.android.systemui.shared.recents.system.WindowTransitionCompat$2.lambda$startAnimation$0(WindowTransitionCompat.java:136)
09-17 07:17:43.093  3402  3666 D TAG     : 	at com.android.systemui.shared.recents.system.WindowTransitionCompat$2.$r8$lambda$hcqKCUwnRuMqtvMJ6DPLae5xnFA(Unknown Source:0)
09-17 07:17:43.093  3402  3666 D TAG     : 	at com.android.systemui.shared.recents.system.WindowTransitionCompat$2$$ExternalSyntheticLambda0.run(Unknown Source:10)
09-17 07:17:43.093  3402  3666 D TAG     : 	at android.os.Handler.handleCallback(Handler.java:959)
09-17 07:17:43.093  3402  3666 D TAG     : 	at android.os.Handler.dispatchMessage(Handler.java:100)
09-17 07:17:43.093  3402  3666 D TAG     : 	at android.os.Looper.loopOnce(Looper.java:249)
09-17 07:17:43.093  3402  3666 D TAG     : 	at android.os.Looper.loop(Looper.java:337)
09-17 07:17:43.093  3402  3666 D TAG     : 	at android.os.HandlerThread.run(HandlerThread.java:85)
09-17 07:17:43.093  3402  3666 D TAG     : obtainElement: 0.0
09-17 07:17:43.093  3402  3666 D TAG     : java.lang.RuntimeException
09-17 07:17:43.093  3402  3666 D TAG     : 	at com.android.systemui.shared.recents.system.RemoteAnimationTargetCompat.obtainCornerRadius(RemoteAnimationTargetCompat.java:104)
09-17 07:17:43.093  3402  3666 D TAG     : 	at com.android.systemui.shared.recents.system.RemoteAnimationTargetCompat.<init>(RemoteAnimationTargetCompat.java:95)
09-17 07:17:43.093  3402  3666 D TAG     : 	at com.android.systemui.shared.recents.system.RemoteAnimationTargetCompat.wrap(RemoteAnimationTargetCompat.java:188)
09-17 07:17:43.093  3402  3666 D TAG     : 	at com.android.systemui.shared.recents.system.RemoteAnimationTargetCompat.wrapAppsForCompat(RemoteAnimationTargetCompat.java:233)
09-17 07:17:43.093  3402  3666 D TAG     : 	at com.android.systemui.shared.recents.system.WindowTransitionCompat$2.lambda$startAnimation$0(WindowTransitionCompat.java:136)
09-17 07:17:43.093  3402  3666 D TAG     : 	at com.android.systemui.shared.recents.system.WindowTransitionCompat$2.$r8$lambda$hcqKCUwnRuMqtvMJ6DPLae5xnFA(Unknown Source:0)
09-17 07:17:43.093  3402  3666 D TAG     : 	at com.android.systemui.shared.recents.system.WindowTransitionCompat$2$$ExternalSyntheticLambda0.run(Unknown Source:10)
09-17 07:17:43.093  3402  3666 D TAG     : 	at android.os.Handler.handleCallback(Handler.java:959)
09-17 07:17:43.093  3402  3666 D TAG     : 	at android.os.Handler.dispatchMessage(Handler.java:100)
09-17 07:17:43.093  3402  3666 D TAG     : 	at android.os.Looper.loopOnce(Looper.java:249)
09-17 07:17:43.093  3402  3666 D TAG     : 	at android.os.Looper.loop(Looper.java:337)
09-17 07:17:43.093  3402  3666 D TAG     : 	at android.os.HandlerThread.run(HandlerThread.java:85)
09-17 07:17:43.101  1327  1327 E MI-SF   : MiSurfaceFlingerImpl.cpp.vsyncId=17027588, oldVsyncId=17027531, layerName=TL_Surface(name=Task=1#47)/@0x27befa_transition-leash#8634
09-17 07:17:43.101  1327  1327 E MI-SF   : MiSurfaceFlingerImpl.cpp.vsyncId=17027588, mIsContainTask1=1, mIsContainTaskOther=0
09-17 07:17:43.101  1327  1327 E MI-SF   : MiSurfaceFlingerImpl.cpp.vsyncId=17027588, oldVsyncId=17027588, layerName=TL_Surface(name=Task=234#8620)/@0x71f7d25_transition-leash#8633
09-17 07:17:43.101  1327  1327 E MI-SF   : MiSurfaceFlingerImpl.cpp.vsyncId=17027588, mIsContainTask1=1, mIsContainTaskOther=1
09-17 07:17:43.101  1327  1327 E MI-SF   : MiSurfaceFlingerImpl.cpp.vsyncId=17027588, oldVsyncId=17027588, layerName=Task=234#8620
09-17 07:17:43.101  1327  1327 E MI-SF   : MiSurfaceFlingerImpl.cpp.vsyncId=17027588, mIsContainTask1=1, mIsContainTaskOther=1
09-17 07:17:43.101  1327  1327 E MI-SF   : MiSurfaceFlingerImpl.cpp.vsyncId=17027588, oldVsyncId=17027588, layerName=Task=1#47
09-17 07:17:43.101  1327  1327 E MI-SF   : MiSurfaceFlingerImpl.cpp.vsyncId=17027588, mIsContainTask1=1, mIsContainTaskOther=1
09-17 07:17:43.101  1327  1327 E MI-SF   : MiSurfaceFlingerImpl.cpp.vsyncId=17027588, oldVsyncId=17027588, layerName=Transition Root #454: Task=234#8630
09-17 07:17:43.101  1327  1327 E MI-SF   : MiSurfaceFlingerImpl.cpp.vsyncId=17027588, mIsContainTask1=1, mIsContainTaskOther=1
09-17 07:17:43.101  1327  1327 E MI-SF   : MiSurfaceFlingerImpl.cpp.vsyncId=17027588, oldVsyncId=17027588, layerName=d7daf93 Splash Screen com.hzc23.nonocontroller#8622
09-17 07:17:43.101  1327  1327 E MI-SF   : MiSurfaceFlingerImpl.cpp.vsyncId=17027588, mIsContainTask1=1, mIsContainTaskOther=1
09-17 07:17:43.101  1327  1327 E MI-SF   : MiSurfaceFlingerImpl.cpp.vsyncId=17027588, oldVsyncId=17027588, layerName=Splash Screen com.hzc23.nonocontroller#8629
09-17 07:17:43.101  1327  1327 E MI-SF   : MiSurfaceFlingerImpl.cpp.vsyncId=17027588, mIsContainTask1=1, mIsContainTaskOther=1
09-17 07:17:43.101  1327  1327 E MI-SF   : MiSurfaceFlingerImpl.cpp.vsyncId=17027588, oldVsyncId=17027588, layerName=ActivityRecord{b75121e u0 com.hzc23.nonocontroller/.MainActivity t234}#8621
09-17 07:17:43.101  1327  1327 E MI-SF   : MiSurfaceFlingerImpl.cpp.vsyncId=17027588, mIsContainTask1=1, mIsContainTaskOther=1
09-17 07:17:43.101  1327  1327 E MI-SF   : MiSurfaceFlingerImpl.cpp.vsyncId=17027588, oldVsyncId=17027588, layerName=StatusBar#115
09-17 07:17:43.101  1327  1327 E MI-SF   : MiSurfaceFlingerImpl.cpp.vsyncId=17027588, mIsContainTask1=1, mIsContainTaskOther=1
09-17 07:17:43.101  1327  1327 E MI-SF   : MiSurfaceFlingerImpl.cpp.vsyncId=17027588, oldVsyncId=17027588, layerName=StatusBar#115
09-17 07:17:43.101  1327  1327 E MI-SF   : MiSurfaceFlingerImpl.cpp.vsyncId=17027588, mIsContainTask1=1, mIsContainTaskOther=1
09-17 07:17:43.101  1327  1327 E MI-SF   : MiSurfaceFlingerImpl.cpp.vsyncId=17027588, oldVsyncId=17027588, layerName=Surface(name=WindowToken{64110f4 type=2027 android.os.BinderProxy@48896e1}#69)/@0x29c5463 - animation-leash of token_transform#8628
09-17 07:17:43.101  1327  1327 E MI-SF   : MiSurfaceFlingerImpl.cpp.vsyncId=17027588, mIsContainTask1=1, mIsContainTaskOther=1
09-17 07:17:43.101  1327  1327 E MI-SF   : MiSurfaceFlingerImpl.cpp.vsyncId=17027588, oldVsyncId=17027588, layerName=Surface(name=WindowToken{a7d80e1 type=2000 android.os.BinderProxy@782cceb}#109)/@0x3ba9e06 - animation-leash of token_transform#8624
09-17 07:17:43.101  1327  1327 E MI-SF   : MiSurfaceFlingerImpl.cpp.vsyncId=17027588, mIsContainTask1=1, mIsContainTaskOther=1
09-17 07:17:43.101  1327  1327 E MI-SF   : MiSurfaceFlingerImpl.cpp.vsyncId=17027588, oldVsyncId=17027588, layerName=Surface(name=WindowToken{ddf867e type=2026 android.os.BinderProxy@b2b6039}#8608)/@0x69ad7df - animation-leash of token_transform#8623
09-17 07:17:43.101  1327  1327 E MI-SF   : MiSurfaceFlingerImpl.cpp.vsyncId=17027588, mIsContainTask1=1, mIsContainTaskOther=1
09-17 07:17:43.101  1327  1327 E MI-SF   : MiSurfaceFlingerImpl.cpp.vsyncId=17027588, oldVsyncId=17027588, layerName=Surface(name=WindowToken{761c4ec type=2003 android.os.BinderProxy@67defd}#8612)/@0xc3d34a - animation-leash of token_transform#8626
09-17 07:17:43.101  1327  1327 E MI-SF   : MiSurfaceFlingerImpl.cpp.vsyncId=17027588, mIsContainTask1=1, mIsContainTaskOther=1
09-17 07:17:43.101  1327  1327 E MI-SF   : MiSurfaceFlingerImpl.cpp.vsyncId=17027588, oldVsyncId=17027588, layerName=Surface(name=WindowToken{85a90fd type=2024 android.os.BinderProxy@8201954}#72)/@0xd0f76c0 - animation-leash of token_transform#8625
09-17 07:17:43.101  1327  1327 E MI-SF   : MiSurfaceFlingerImpl.cpp.vsyncId=17027588, mIsContainTask1=1, mIsContainTaskOther=1
09-17 07:17:43.101  1327  1327 E MI-SF   : MiSurfaceFlingerImpl.cpp.vsyncId=17027588, oldVsyncId=17027588, layerName=Surface(name=WindowToken{6d05883 type=2027 android.os.BinderProxy@e95d332}#67)/@0x9ffca00 - animation-leash of token_transform#8627
09-17 07:17:43.101  1327  1327 E MI-SF   : MiSurfaceFlingerImpl.cpp.vsyncId=17027588, mIsContainTask1=1, mIsContainTaskOther=1
09-17 07:17:43.101  1327  1327 E MI-SF   : MiSurfaceFlingerImpl.cpp.vsyncId=17027588, oldVsyncId=17027588, layerName=Surface(name=WindowToken{64110f4 type=2027 android.os.BinderProxy@48896e1}#69)/@0x29c5463 - animation-leash of token_transform#8628
09-17 07:17:43.101  1327  1327 E MI-SF   : MiSurfaceFlingerImpl.cpp.vsyncId=17027588, mIsContainTask1=1, mIsContainTaskOther=1
09-17 07:17:43.101  1327  1327 E MI-SF   : MiSurfaceFlingerImpl.cpp.vsyncId=17027588, oldVsyncId=17027588, layerName=Surface(name=WindowToken{a7d80e1 type=2000 android.os.BinderProxy@782cceb}#109)/@0x3ba9e06 - animation-leash of token_transform#8624
09-17 07:17:43.101  1327  1327 E MI-SF   : MiSurfaceFlingerImpl.cpp.vsyncId=17027588, mIsContainTask1=1, mIsContainTaskOther=1
09-17 07:17:43.101  1327  1327 E MI-SF   : MiSurfaceFlingerImpl.cpp.vsyncId=17027588, oldVsyncId=17027588, layerName=Surface(name=WindowToken{ddf867e type=2026 android.os.BinderProxy@b2b6039}#8608)/@0x69ad7df - animation-leash of token_transform#8623
09-17 07:17:43.101  1327  1327 E MI-SF   : MiSurfaceFlingerImpl.cpp.vsyncId=17027588, mIsContainTask1=1, mIsContainTaskOther=1
09-17 07:17:43.101  1327  1327 E MI-SF   : MiSurfaceFlingerImpl.cpp.vsyncId=17027588, oldVsyncId=17027588, layerName=Surface(name=WindowToken{761c4ec type=2003 android.os.BinderProxy@67defd}#8612)/@0xc3d34a - animation-leash of token_transform#8626
09-17 07:17:43.101  1327  1327 E MI-SF   : MiSurfaceFlingerImpl.cpp.vsyncId=17027588, mIsContainTask1=1, mIsContainTaskOther=1
09-17 07:17:43.101  1327  1327 E MI-SF   : MiSurfaceFlingerImpl.cpp.vsyncId=17027588, oldVsyncId=17027588, layerName=Surface(name=WindowToken{85a90fd type=2024 android.os.BinderProxy@8201954}#72)/@0xd0f76c0 - animation-leash of token_transform#8625
09-17 07:17:43.101  1327  1327 E MI-SF   : MiSurfaceFlingerImpl.cpp.vsyncId=17027588, mIsContainTask1=1, mIsContainTaskOther=1
09-17 07:17:43.101  1327  1327 E MI-SF   : MiSurfaceFlingerImpl.cpp.vsyncId=17027588, oldVsyncId=17027588, layerName=Surface(name=WindowToken{6d05883 type=2027 android.os.BinderProxy@e95d332}#67)/@0x9ffca00 - animation-leash of token_transform#8627
09-17 07:17:43.101  1327  1327 E MI-SF   : MiSurfaceFlingerImpl.cpp.vsyncId=17027588, mIsContainTask1=1, mIsContainTaskOther=1
09-17 07:17:43.101  1327  1327 E MI-SF   : MiSurfaceFlingerImpl.cpp.vsyncId=17027588, oldVsyncId=17027588, layerName=Surface(name=WindowToken{64110f4 type=2027 android.os.BinderProxy@48896e1}#69)/@0x29c5463 - animation-leash of token_transform#8628
09-17 07:17:43.101  1327  1327 E MI-SF   : MiSurfaceFlingerImpl.cpp.vsyncId=17027588, mIsContainTask1=1, mIsContainTaskOther=1
09-17 07:17:43.101  1327  1327 E MI-SF   : MiSurfaceFlingerImpl.cpp.vsyncId=17027588, oldVsyncId=17027588, layerName=Surface(name=WindowToken{a7d80e1 type=2000 android.os.BinderProxy@782cceb}#109)/@0x3ba9e06 - animation-leash of token_transform#8624
09-17 07:17:43.101  1327  1327 E MI-SF   : MiSurfaceFlingerImpl.cpp.vsyncId=17027588, mIsContainTask1=1, mIsContainTaskOther=1
09-17 07:17:43.101  1327  1327 E MI-SF   : MiSurfaceFlingerImpl.cpp.vsyncId=17027588, oldVsyncId=17027588, layerName=Surface(name=WindowToken{ddf867e type=2026 android.os.BinderProxy@b2b6039}#8608)/@0x69ad7df - animation-leash of token_transform#8623
09-17 07:17:43.101  1327  1327 E MI-SF   : MiSurfaceFlingerImpl.cpp.vsyncId=17027588, mIsContainTask1=1, mIsContainTaskOther=1
09-17 07:17:43.101  1327  1327 E MI-SF   : MiSurfaceFlingerImpl.cpp.vsyncId=17027588, oldVsyncId=17027588, layerName=Surface(name=WindowToken{761c4ec type=2003 android.os.BinderProxy@67defd}#8612)/@0xc3d34a - animation-leash of token_transform#8626
09-17 07:17:43.101  1327  1327 E MI-SF   : MiSurfaceFlingerImpl.cpp.vsyncId=17027588, mIsContainTask1=1, mIsContainTaskOther=1
09-17 07:17:43.101  1327  1327 E MI-SF   : MiSurfaceFlingerImpl.cpp.vsyncId=17027588, oldVsyncId=17027588, layerName=Surface(name=WindowToken{85a90fd type=2024 android.os.BinderProxy@8201954}#72)/@0xd0f76c0 - animation-leash of token_transform#8625
09-17 07:17:43.101  1327  1327 E MI-SF   : MiSurfaceFlingerImpl.cpp.vsyncId=17027588, mIsContainTask1=1, mIsContainTaskOther=1
09-17 07:17:43.101  1327  1327 E MI-SF   : MiSurfaceFlingerImpl.cpp.vsyncId=17027588, oldVsyncId=17027588, layerName=Surface(name=WindowToken{6d05883 type=2027 android.os.BinderProxy@e95d332}#67)/@0x9ffca00 - animation-leash of token_transform#8627
09-17 07:17:43.101  1327  1327 E MI-SF   : MiSurfaceFlingerImpl.cpp.vsyncId=17027588, mIsContainTask1=1, mIsContainTaskOther=1
09-17 07:17:43.102  1327  1327 E MI-SF   : MiSurfaceFlingerImpl.cpp.vsyncId=17027588, oldVsyncId=17027588, layerName=com.miui.home/com.miui.home.launcher.Launcher#8555
09-17 07:17:43.102  1327  1327 E MI-SF   : MiSurfaceFlingerImpl.cpp.vsyncId=17027588, mIsContainTask1=1, mIsContainTaskOther=1
09-17 07:17:43.102  1327  1327 E MI-SF   : MiSurfaceFlingerImpl.cpp.vsyncId=17027588, oldVsyncId=17027588, layerName=com.miui.home/com.miui.home.launcher.Launcher#8555
09-17 07:17:43.102  1327  1327 E MI-SF   : MiSurfaceFlingerImpl.cpp.vsyncId=17027588, mIsContainTask1=1, mIsContainTaskOther=1
09-17 07:17:43.105  1327  1327 E SurfaceFlinger: MiSurfaceFlingerStub isAnimationScene
09-17 07:17:43.106  3402  3804 E ActivityManagerWrapper: getRecentTasksForceIncludingTaskIdIfValid: getRecentTasks: size=2
09-17 07:17:43.106  3402  3804 E ActivityManagerWrapper:  mainTaskId=234   userId=0   windowMode=1   baseIntent=Intent { act=android.intent.action.MAIN flag=270532608 cmp=ComponentInfo{com.hzc23.nonocontroller/com.hzc23.nonocontroller.MainActivity} }
09-17 07:17:43.106  3402  3804 E ActivityManagerWrapper:  mainTaskId=145   userId=0   windowMode=0   baseIntent=Intent { act=android.intent.action.MAIN flag=270532608 cmp=ComponentInfo{com.nothing.smartcenter/com.nothing.smartcenter.host.MainActivity} }
09-17 07:17:43.106  3402  3666 I WindowTransitionCompat: onAnimationStart appsCompat size = 2, isWallpaperTransition=false, isReturnToHome=false
09-17 07:17:43.106  3402  3666 I WindowElement: 2f50653 onOpeningWindowTransitionStart
09-17 07:17:43.106  3402  3666 D WindowTransitionCompat: startAnimation end
09-17 07:17:43.107  3402  3804 D WorldCirculate: getWorldCirculateInfo, taskInfo.baseIntent=Intent { act=android.intent.action.MAIN cat=[android.intent.category.LAUNCHER] flg=0x10200000 cmp=com.nothing.smartcenter/.host.MainActivity }, displayId=-1, but get Display failed
09-17 07:17:43.108  3402  3804 D TaskSnapshotCompatVV: getIsInvalidateFromTaskSnapshot, return, mTaskSnapshot=null, mTaskSnapshotClazz=null
09-17 07:17:43.113 19231 19231 I .nonocontroller: Using CollectorTypeCMC GC.
09-17 07:17:43.115  1327  1620 D MI-SF   : isTpIdleScene ,mAverageFrameRate is 60, 0 
09-17 07:17:43.116  1327  1327 E MI-SF   : MiSurfaceFlingerImpl.cpp.vsyncId=17027624, oldVsyncId=17027588, layerName=StatusBar#115
09-17 07:17:43.116  1327  1327 E MI-SF   : MiSurfaceFlingerImpl.cpp.vsyncId=17027624, mIsContainTask1=0, mIsContainTaskOther=0
09-17 07:17:43.116  1327  1327 E MI-SF   : MiSurfaceFlingerImpl.cpp.vsyncId=17027624, oldVsyncId=17027624, layerName=StatusBar#115
09-17 07:17:43.116  1327  1327 E MI-SF   : MiSurfaceFlingerImpl.cpp.vsyncId=17027624, mIsContainTask1=0, mIsContainTaskOther=0
09-17 07:17:43.116  1327  1327 E MI-SF   : MiSurfaceFlingerImpl.cpp.vsyncId=17027624, oldVsyncId=17027624, layerName=Surface(name=WindowToken{64110f4 type=2027 android.os.BinderProxy@48896e1}#69)/@0x29c5463 - animation-leash of token_transform#8628
09-17 07:17:43.116  1327  1327 E MI-SF   : MiSurfaceFlingerImpl.cpp.vsyncId=17027624, mIsContainTask1=0, mIsContainTaskOther=0
09-17 07:17:43.116  1327  1327 E MI-SF   : MiSurfaceFlingerImpl.cpp.vsyncId=17027624, oldVsyncId=17027624, layerName=Surface(name=WindowToken{a7d80e1 type=2000 android.os.BinderProxy@782cceb}#109)/@0x3ba9e06 - animation-leash of token_transform#8624
09-17 07:17:43.116  1327  1327 E MI-SF   : MiSurfaceFlingerImpl.cpp.vsyncId=17027624, mIsContainTask1=0, mIsContainTaskOther=0
09-17 07:17:43.116  1327  1327 E MI-SF   : MiSurfaceFlingerImpl.cpp.vsyncId=17027624, oldVsyncId=17027624, layerName=Surface(name=WindowToken{ddf867e type=2026 android.os.BinderProxy@b2b6039}#8608)/@0x69ad7df - animation-leash of token_transform#8623
09-17 07:17:43.116  1327  1327 E MI-SF   : MiSurfaceFlingerImpl.cpp.vsyncId=17027624, mIsContainTask1=0, mIsContainTaskOther=0
09-17 07:17:43.116  1327  1327 E MI-SF   : MiSurfaceFlingerImpl.cpp.vsyncId=17027624, oldVsyncId=17027624, layerName=Surface(name=WindowToken{761c4ec type=2003 android.os.BinderProxy@67defd}#8612)/@0xc3d34a - animation-leash of token_transform#8626
09-17 07:17:43.116  1327  1327 E MI-SF   : MiSurfaceFlingerImpl.cpp.vsyncId=17027624, mIsContainTask1=0, mIsContainTaskOther=0
09-17 07:17:43.116  1327  1327 E MI-SF   : MiSurfaceFlingerImpl.cpp.vsyncId=17027624, oldVsyncId=17027624, layerName=Surface(name=WindowToken{85a90fd type=2024 android.os.BinderProxy@8201954}#72)/@0xd0f76c0 - animation-leash of token_transform#8625
09-17 07:17:43.116  1327  1327 E MI-SF   : MiSurfaceFlingerImpl.cpp.vsyncId=17027624, mIsContainTask1=0, mIsContainTaskOther=0
09-17 07:17:43.116  1327  1327 E MI-SF   : MiSurfaceFlingerImpl.cpp.vsyncId=17027624, oldVsyncId=17027624, layerName=Surface(name=WindowToken{6d05883 type=2027 android.os.BinderProxy@e95d332}#67)/@0x9ffca00 - animation-leash of token_transform#8627
09-17 07:17:43.116  1327  1327 E MI-SF   : MiSurfaceFlingerImpl.cpp.vsyncId=17027624, mIsContainTask1=0, mIsContainTaskOther=0
09-17 07:17:43.116  1327  1327 E MI-SF   : MiSurfaceFlingerImpl.cpp.vsyncId=17027624, oldVsyncId=17027624, layerName=d7daf93 Splash Screen com.hzc23.nonocontroller#8622
09-17 07:17:43.116  1327  1327 E MI-SF   : MiSurfaceFlingerImpl.cpp.vsyncId=17027624, mIsContainTask1=0, mIsContainTaskOther=0
09-17 07:17:43.116  1327  1327 E MI-SF   : MiSurfaceFlingerImpl.cpp.vsyncId=17027624, oldVsyncId=17027624, layerName=ActivityRecord{b75121e u0 com.hzc23.nonocontroller/.MainActivity t234}#8621
09-17 07:17:43.116  1327  1327 E MI-SF   : MiSurfaceFlingerImpl.cpp.vsyncId=17027624, mIsContainTask1=0, mIsContainTaskOther=0
09-17 07:17:43.116  1327  1327 E MI-SF   : MiSurfaceFlingerImpl.cpp.vsyncId=17027624, oldVsyncId=17027624, layerName=Surface(name=WindowToken{64110f4 type=2027 android.os.BinderProxy@48896e1}#69)/@0x29c5463 - animation-leash of token_transform#8628
09-17 07:17:43.116  1327  1327 E MI-SF   : MiSurfaceFlingerImpl.cpp.vsyncId=17027624, mIsContainTask1=0, mIsContainTaskOther=0
09-17 07:17:43.116  1327  1327 E MI-SF   : MiSurfaceFlingerImpl.cpp.vsyncId=17027624, oldVsyncId=17027624, layerName=Surface(name=WindowToken{a7d80e1 type=2000 android.os.BinderProxy@782cceb}#109)/@0x3ba9e06 - animation-leash of token_transform#8624
09-17 07:17:43.116  1327  1327 E MI-SF   : MiSurfaceFlingerImpl.cpp.vsyncId=17027624, mIsContainTask1=0, mIsContainTaskOther=0
09-17 07:17:43.116  1327  1327 E MI-SF   : MiSurfaceFlingerImpl.cpp.vsyncId=17027624, oldVsyncId=17027624, layerName=Surface(name=WindowToken{ddf867e type=2026 android.os.BinderProxy@b2b6039}#8608)/@0x69ad7df - animation-leash of token_transform#8623
09-17 07:17:43.116  1327  1327 E MI-SF   : MiSurfaceFlingerImpl.cpp.vsyncId=17027624, mIsContainTask1=0, mIsContainTaskOther=0
09-17 07:17:43.116  1327  1327 E MI-SF   : MiSurfaceFlingerImpl.cpp.vsyncId=17027624, oldVsyncId=17027624, layerName=Surface(name=WindowToken{761c4ec type=2003 android.os.BinderProxy@67defd}#8612)/@0xc3d34a - animation-leash of token_transform#8626
09-17 07:17:43.116  1327  1327 E MI-SF   : MiSurfaceFlingerImpl.cpp.vsyncId=17027624, mIsContainTask1=0, mIsContainTaskOther=0
09-17 07:17:43.116  1327  1327 E MI-SF   : MiSurfaceFlingerImpl.cpp.vsyncId=17027624, oldVsyncId=17027624, layerName=Surface(name=WindowToken{85a90fd type=2024 android.os.BinderProxy@8201954}#72)/@0xd0f76c0 - animation-leash of token_transform#8625
09-17 07:17:43.116  1327  1327 E MI-SF   : MiSurfaceFlingerImpl.cpp.vsyncId=17027624, mIsContainTask1=0, mIsContainTaskOther=0
09-17 07:17:43.116  1327  1327 E MI-SF   : MiSurfaceFlingerImpl.cpp.vsyncId=17027624, oldVsyncId=17027624, layerName=Surface(name=WindowToken{6d05883 type=2027 android.os.BinderProxy@e95d332}#67)/@0x9ffca00 - animation-leash of token_transform#8627
09-17 07:17:43.116  1327  1327 E MI-SF   : MiSurfaceFlingerImpl.cpp.vsyncId=17027624, mIsContainTask1=0, mIsContainTaskOther=0
09-17 07:17:43.116  1327  1327 E MI-SF   : MiSurfaceFlingerImpl.cpp.vsyncId=17027624, oldVsyncId=17027624, layerName=com.miui.home/com.miui.home.launcher.Launcher#8555
09-17 07:17:43.116  1327  1327 E MI-SF   : MiSurfaceFlingerImpl.cpp.vsyncId=17027624, mIsContainTask1=0, mIsContainTaskOther=0
09-17 07:17:43.116  1327  1327 E MI-SF   : MiSurfaceFlingerImpl.cpp.vsyncId=17027624, oldVsyncId=17027624, layerName=com.miui.home/com.miui.home.launcher.Launcher#8555
09-17 07:17:43.116  1327  1327 E MI-SF   : MiSurfaceFlingerImpl.cpp.vsyncId=17027624, mIsContainTask1=0, mIsContainTaskOther=0
09-17 07:17:43.119  1327  1327 E SurfaceFlinger: MiSurfaceFlingerStub isAnimationScene
09-17 07:17:43.122  1906  1999 I adbd    : jdwp connection from 19231
09-17 07:17:43.122  3402  3402 I WindowElement: 2f50653 MAIN_THREAD:onOpeningWindowTransitionStart
09-17 07:17:43.123  3402  3402 D BoostRtHelper: boostGesture main
09-17 07:17:43.123  3402  3402 D Launcher.Boost: setTurboSchedActionWithPriority::threadIds = [3402, 3586, 3666, 0, 0]
09-17 07:17:43.124  3402  3402 D AnimatorDurationScaleHelper: isCloseAnimator=false
09-17 07:17:43.124  2400  2811 D PerfStubImpl: perfLockAcquire
09-17 07:17:43.124  3402  3402 E WindowAnimParamsProvider: getWindowTargetBounds    bounds=Rect(0, 0 - 1080, 2400)
09-17 07:17:43.124  3402  3402 E ClipAnimationHelper: updateSourceStack  mSourceInsets=Rect(0, 0 - 0, 0), mSourceStackBounds=Rect(0, 0 - 1080, 2400)
09-17 07:17:43.124  3402  3402 D ClipAnimationHelper: updateSourceStackBounds, mSourceStackBounds=Rect(0, 0 - 1080, 2400)
09-17 07:17:43.124  3402  3402 E ClipAnimationHelper: updateHomeStack  mSourceInsets=Rect(0, 0 - 0, 0), mHomeStackBounds=Rect(0, 0 - 1080, 2400)
09-17 07:17:43.124  3402  3402 E ClipAnimationHelper: updateTargetRect  mSourceRect=RectF(0.0, 0.0, 1080.0, 2400.0)   mTargetRect=RectF(0.0, 0.0, 1080.0, 2400.0)   mSourceWindowClipInsets=RectF(0.0, 0.0, 0.0, 0.0)   mHomeStackBounds=Rect(0, 0 - 1080, 2400)   targetRect=Rect(0, 0 - 1080, 2400)
09-17 07:17:43.124  3402  3402 I WindowAnimParamsProvider: startOpeningWindowAnimators, currentDisplayRotation=0, homeRotation=0, iconLoc=Rect(681, 1401 - 812, 1532), startRectF=RectF(43.19998, 96.0, 1036.8, 2304.0), endRectF=RectF(0.0, 0.0, 1080.0, 2400.0), windowTargetBounds=Rect(0, 0 - 1080, 2400), startRadius = 102.0, endRadius = 102.0, launchPosition = 1, isUseTranslucentAnim = false
09-17 07:17:43.124  2400  2811 D SchedBoost: startBoostInternal 1000
09-17 07:17:43.125  3402  3402 D HomeLayerElement: bindHomeLeash com.android.systemui.shared.recents.system.SurfaceControlCompat@f6091e4
09-17 07:17:43.125  3402  3402 D HomeLayerElement: java.lang.Exception
09-17 07:17:43.125  3402  3402 D HomeLayerElement: 	at com.miui.home.recents.anim.HomeLayerElement.bindHomeLeash(HomeLayerElement.kt:85)
09-17 07:17:43.125  3402  3402 D HomeLayerElement: 	at com.miui.home.recents.anim.WindowElement.startRemoteAnimation(WindowElement.kt:383)
09-17 07:17:43.125  3402  3402 D HomeLayerElement: 	at com.miui.home.recents.anim.WindowElement$init$1.onOpeningWindowTransitionStart$lambda-0(WindowElement.kt:1127)
09-17 07:17:43.125  3402  3402 D HomeLayerElement: 	at com.miui.home.recents.anim.WindowElement$init$1.$r8$lambda$AlIECH7uESUZ-O2POLAkVmDDVsk(Unknown Source:0)
09-17 07:17:43.125  3402  3402 D HomeLayerElement: 	at com.miui.home.recents.anim.WindowElement$init$1$$ExternalSyntheticLambda0.run(Unknown Source:8)
09-17 07:17:43.125  3402  3402 D HomeLayerElement: 	at android.os.Handler.handleCallback(Handler.java:959)
09-17 07:17:43.125  3402  3402 D HomeLayerElement: 	at android.os.Handler.dispatchMessage(Handler.java:100)
09-17 07:17:43.125  3402  3402 D HomeLayerElement: 	at android.os.Looper.loopOnce(Looper.java:249)
09-17 07:17:43.125  3402  3402 D HomeLayerElement: 	at android.os.Looper.loop(Looper.java:337)
09-17 07:17:43.125  3402  3402 D HomeLayerElement: 	at android.app.ActivityThread.main(ActivityThread.java:9593)
09-17 07:17:43.125  3402  3402 D HomeLayerElement: 	at java.lang.reflect.Method.invoke(Native Method)
09-17 07:17:43.125  3402  3402 D HomeLayerElement: 	at com.android.internal.os.RuntimeInit$MethodAndArgsCaller.run(RuntimeInit.java:593)
09-17 07:17:43.125  3402  3402 D HomeLayerElement: 	at com.android.internal.os.ZygoteInit.main(ZygoteInit.java:936)
09-17 07:17:43.125  3402  3402 I AnimStateManager: onAnimParamsReady windowElement = com.miui.home.recents.anim.WindowElement@2f50653
09-17 07:17:43.125  3402  3402 D WindowElement: 2f50653 animTo, params=RectFParams(targetApps=com.miui.home.recents.util.RemoteAnimationTargetSet@4831502, startRect=RectF(43.19998, 96.0, 1036.8, 2304.0), targetRect=RectF(0.0, 0.0, 1080.0, 2400.0), startRadius=102.0, endRadius=102.0, startAlpha=0.0, endAlpha=1.0, animType=OPEN_FROM_HOME, ignoreIcon=false, showTask=false, isQuickSwitchMode=false, targetView=null, animListener=com.miui.home.recents.anim.WindowAnimParamsProvider$getOpeningWindowsAnimParams$animListener$1@dc2be13, clipAnimationHelper=com.miui.home.recents.util.ClipAnimationHelper@786e850, clearLastListener=false, currentDisplayRotation=0, homeRotation=0, needFinishOnAnimEnd=true, currentTaskIndex=0, isSplitModeBack=false, isUseTranslucentAnim=false, runningTaskId=0, touchRange=2, hasAnimTarget=true), isRunning()=false
09-17 07:17:43.125  3402  3402 D WindowElement: 2f50653 updateFloatingIconView, animType=OPEN_FROM_HOME
09-17 07:17:43.125  3402  3402 D WindowElement: 2f50653 updateFloatingIconView, oldTargetView=null, params.targetView=null
09-17 07:17:43.125  3402  3402 D WindowElement: 2f50653 updateFloatingIconView, targetView is same
09-17 07:17:43.125  3402  3402 D WindowElement: 2f50653 bindIconLayerLeashIfNeeded false  null  Surface(name=TL_Surface(name=Task=1#47)/@0x27befa_transition-leash#8634)/@0xd6ddaaa target = null
09-17 07:17:43.125  3402  3402 D WindowAnimImplementorDispatcher: 2f50653 animTo by com.miui.home.recents.anim.windowanim.LocalWindowAnimImplementor@d197a49
09-17 07:17:43.125  3402  3402 D LocalWindowAnimImplementor: animTo, params=RectFParams(targetApps=com.miui.home.recents.util.RemoteAnimationTargetSet@4831502, startRect=RectF(43.19998, 96.0, 1036.8, 2304.0), targetRect=RectF(0.0, 0.0, 1080.0, 2400.0), startRadius=102.0, endRadius=102.0, startAlpha=0.0, endAlpha=1.0, animType=OPEN_FROM_HOME, ignoreIcon=false, showTask=false, isQuickSwitchMode=false, targetView=null, animListener=com.miui.home.recents.anim.WindowAnimParamsProvider$getOpeningWindowsAnimParams$animListener$1@dc2be13, clipAnimationHelper=com.miui.home.recents.util.ClipAnimationHelper@786e850, clearLastListener=false, currentDisplayRotation=0, homeRotation=0, needFinishOnAnimEnd=true, currentTaskIndex=0, isSplitModeBack=false, isUseTranslucentAnim=false, runningTaskId=0, touchRange=2, hasAnimTarget=true), isRunningAndNotRequestEndOrCancel()=false
09-17 07:17:43.125  3402  3402 I RectFSpringAnim: setStartRect = RectF(43.19998, 96.0, 1036.8, 2304.0)
09-17 07:17:43.125  3402  3402 I RectFSpringAnim: java.lang.Exception
09-17 07:17:43.125  3402  3402 I RectFSpringAnim: 	at com.miui.home.recents.util.RectFSpringAnim.setStartRect(RectFSpringAnim.java:384)
09-17 07:17:43.125  3402  3402 I RectFSpringAnim: 	at com.miui.home.recents.util.RectFSpringAnim.resetAnimValue(RectFSpringAnim.java:283)
09-17 07:17:43.125  3402  3402 I RectFSpringAnim: 	at com.miui.home.recents.util.RectFSpringAnim.reset(RectFSpringAnim.java:301)
09-17 07:17:43.125  3402  3402 I RectFSpringAnim: 	at com.miui.home.recents.anim.windowanim.LocalWindowAnimImplementor.animResetReady(LocalWindowAnimImplementor.kt:291)
09-17 07:17:43.125  3402  3402 I RectFSpringAnim: 	at com.miui.home.recents.anim.windowanim.LocalWindowAnimImplementor.animTo$lambda-2(LocalWindowAnimImplementor.kt:147)
09-17 07:17:43.125  3402  3402 I RectFSpringAnim: 	at com.miui.home.recents.anim.windowanim.LocalWindowAnimImplementor.$r8$lambda$Ewy9u0e__x-TZvI2w2yZMTdFjGs(Unknown Source:0)
09-17 07:17:43.125  3402  3402 I RectFSpringAnim: 	at com.miui.home.recents.anim.windowanim.LocalWindowAnimImplementor$$ExternalSyntheticLambda1.run(Unknown Source:4)
09-17 07:17:43.125  3402  3402 I RectFSpringAnim: 	at com.miui.home.library.utils.LooperExecutor.execute(LooperExecutor.java:43)
09-17 07:17:43.125  3402  3402 I RectFSpringAnim: 	at com.miui.home.recents.anim.windowanim.LocalWindowAnimImplementor.animTo(LocalWindowAnimImplementor.kt:142)
09-17 07:17:43.125  3402  3402 I RectFSpringAnim: 	at com.miui.home.recents.anim.windowanim.WindowAnimImplementorDispatcher.animTo(WindowAnimImplementorDispatcher.kt:85)
09-17 07:17:43.125  3402  3402 I RectFSpringAnim: 	at com.miui.home.recents.anim.WindowElement.animTo(WindowElement.kt:968)
09-17 07:17:43.125  3402  3402 I RectFSpringAnim: 	at com.miui.home.recents.anim.StateManager.handleAllElementParams(StateManager.kt:301)
09-17 07:17:43.125  3402  3402 I RectFSpringAnim: 	at com.miui.home.recents.anim.StateManager.onAnimParamsReady(StateManager.kt:240)
09-17 07:17:43.125  3402  3402 I RectFSpringAnim: 	at com.miui.home.recents.anim.WindowElement.startRemoteAnimation(WindowElement.kt:389)
09-17 07:17:43.125  3402  3402 I RectFSpringAnim: 	at com.miui.home.recents.anim.WindowElement$init$1.onOpeningWindowTransitionStart$lambda-0(WindowElement.kt:1127)
09-17 07:17:43.125  3402  3402 I RectFSpringAnim: 	at com.miui.home.recents.anim.WindowElement$init$1.$r8$lambda$AlIECH7uESUZ-O2POLAkVmDDVsk(Unknown Source:0)
09-17 07:17:43.125  3402  3402 I RectFSpringAnim: 	at com.miui.home.recents.anim.WindowElement$init$1$$ExternalSyntheticLambda0.run(Unknown Source:8)
09-17 07:17:43.125  3402  3402 I RectFSpringAnim: 	at android.os.Handler.handleCallback(Handler.java:959)
09-17 07:17:43.125  3402  3402 I RectFSpringAnim: 	at android.os.Handler.dispatchMessage(Handler.java:100)
09-17 07:17:43.125  3402  3402 I RectFSpringAnim: 	at android.os.Looper.loopOnce(Looper.java:249)
09-17 07:17:43.125  3402  3402 I RectFSpringAnim: 	at android.os.Looper.loop(Looper.java:337)
09-17 07:17:43.125  3402  3402 I RectFSpringAnim: 	at android.app.ActivityThread.main(ActivityThread.java:9593)
09-17 07:17:43.125  3402  3402 I RectFSpringAnim: 	at java.lang.reflect.Method.invoke(Native Method)
09-17 07:17:43.125  3402  3402 I RectFSpringAnim: 	at com.android.internal.os.RuntimeInit$MethodAndArgsCaller.run(RuntimeInit.java:593)
09-17 07:17:43.125  3402  3402 I RectFSpringAnim: 	at com.android.internal.os.ZygoteInit.main(ZygoteInit.java:936)
09-17 07:17:43.125  3402  3402 I RectFSpringAnim: resetAnimValue KEY_SURFACE_EXT_ALPHA mTargetRect = RectF(0.0, 0.0, 1080.0, 2400.0) endAlpha=1.0
09-17 07:17:43.125  3402  3402 D RectFSpringAnim: clearRectFSpringAnimListener
09-17 07:17:43.125  3402  3402 I RectFSpringAnim: changeAnimStart start=false
09-17 07:17:43.125  3402  3402 D LocalWindowAnimImplementor: animResetReady, reset mAnim=RectFSpringAnim{mStartRect=RectF(43.19998, 96.0, 1036.8, 2304.0), mTargetRect=RectF(0.0, 0.0, 1080.0, 2400.0), mStartAlpha=0.0, mEndAlpha=1.0}
09-17 07:17:43.126  3402  3402 D NavStubView: setWindowAnimType  type=OPEN_FROM_HOME
09-17 07:17:43.126  3402  3402 D NavStubView: setIsAnimatingToLauncher  isAnimatingToLauncher=false
09-17 07:17:43.126  3402  3402 I RectFSpringAnim: setAnimParamByType = OPEN_FROM_HOME
09-17 07:17:43.126  3402  3402 E MultiSpringDynamicAnimation1732b90: ERROR Not Found Bundle Radius
09-17 07:17:43.126  3402  3402 E MultiSpringDynamicAnimation1732b90: ERROR Not Found Bundle SurfaceExtAlpha
09-17 07:17:43.126  3402  3402 D RectFSpringAnim: addAnimatorListener
09-17 07:17:43.126  3402  3402 D WindowElement: 2f50653 bindIconLayerLeashIfNeeded false  null  Surface(name=TL_Surface(name=Task=1#47)/@0x27befa_transition-leash#8634)/@0xd6ddaaa target = null
09-17 07:17:43.126  3402  3402 I RectFSpringAnim: startInGestureThread
09-17 07:17:43.126  3402  3402 E MultiSpringDynamicAnimation1732b90: ERROR Not Found Bundle SurfaceExtAlpha
09-17 07:17:43.126  3402  3402 E MultiSpringDynamicAnimation1732b90: ERROR Not Found Bundle SurfaceExtAlpha
09-17 07:17:43.126  3402  3402 I RectFSpringAnim: changeAnimStart start=true
09-17 07:17:43.126  3402  3402 I ScenarioRecognitionUtil: setScenarioState, type:296, isStart: false, packageName: com.hzc23.nonocontroller
09-17 07:17:43.126  3402  3402 D ShortcutMenuLayerElement: animTo, params=ShortcutMenuLayerParams(alpha=0.0, scaleX=0.85, scaleY=0.85, dampingRation=1.2, response=0.5, isSurfaceChange=true)
09-17 07:17:43.126  3402  3402 D ShortcutMenuLayerElement: java.lang.Exception
09-17 07:17:43.126  3402  3402 D ShortcutMenuLayerElement: 	at com.miui.home.recents.anim.ShortcutMenuLayerElement.animTo(ShortcutMenuLayerElement.kt:247)
09-17 07:17:43.126  3402  3402 D ShortcutMenuLayerElement: 	at com.miui.home.recents.anim.StateManager.handleAllElementParams(StateManager.kt:308)
09-17 07:17:43.126  3402  3402 D ShortcutMenuLayerElement: 	at com.miui.home.recents.anim.StateManager.onAnimParamsReady(StateManager.kt:240)
09-17 07:17:43.126  3402  3402 D ShortcutMenuLayerElement: 	at com.miui.home.recents.anim.WindowElement.startRemoteAnimation(WindowElement.kt:389)
09-17 07:17:43.126  3402  3402 D ShortcutMenuLayerElement: 	at com.miui.home.recents.anim.WindowElement$init$1.onOpeningWindowTransitionStart$lambda-0(WindowElement.kt:1127)
09-17 07:17:43.126  3402  3402 D ShortcutMenuLayerElement: 	at com.miui.home.recents.anim.WindowElement$init$1.$r8$lambda$AlIECH7uESUZ-O2POLAkVmDDVsk(Unknown Source:0)
09-17 07:17:43.126  3402  3402 D ShortcutMenuLayerElement: 	at com.miui.home.recents.anim.WindowElement$init$1$$ExternalSyntheticLambda0.run(Unknown Source:8)
09-17 07:17:43.126  3402  3402 D ShortcutMenuLayerElement: 	at android.os.Handler.handleCallback(Handler.java:959)
09-17 07:17:43.126  3402  3402 D ShortcutMenuLayerElement: 	at android.os.Handler.dispatchMessage(Handler.java:100)
09-17 07:17:43.126  3402  3402 D ShortcutMenuLayerElement: 	at android.os.Looper.loopOnce(Looper.java:249)
09-17 07:17:43.126  3402  3402 D ShortcutMenuLayerElement: 	at android.os.Looper.loop(Looper.java:337)
09-17 07:17:43.126  3402  3402 D ShortcutMenuLayerElement: 	at android.app.ActivityThread.main(ActivityThread.java:9593)
09-17 07:17:43.126  3402  3402 D ShortcutMenuLayerElement: 	at java.lang.reflect.Method.invoke(Native Method)
09-17 07:17:43.126  3402  3402 D ShortcutMenuLayerElement: 	at com.android.internal.os.RuntimeInit$MethodAndArgsCaller.run(RuntimeInit.java:593)
09-17 07:17:43.126  3402  3402 D ShortcutMenuLayerElement: 	at com.android.internal.os.ZygoteInit.main(ZygoteInit.java:936)
09-17 07:17:43.126  3402  3402 D WallpaperElement: animTo   zoomOut=1.14 useWallpaperAnim=false
09-17 07:17:43.126  3402  3402 D RecentBlurViewElement: animTo: params = RecentBlurParams(blurRadius=0.0, dimming=1.0, dampingRatio=0.95, response=0.3) blurView = null
09-17 07:17:43.126  3402  3402 D HomeLayerElement: animTo, ennable = true params=HomeLayerParams(startAlpha=1.0, startScale=1.0, endAlpha=0.0, endScale=0.95)
09-17 07:17:43.126  3402  3402 D HomeLayerElement: java.lang.Exception
09-17 07:17:43.126  3402  3402 D HomeLayerElement: 	at com.miui.home.recents.anim.HomeLayerElement.animTo(HomeLayerElement.kt:163)
09-17 07:17:43.126  3402  3402 D HomeLayerElement: 	at com.miui.home.recents.anim.StateManager.handleAllElementParams(StateManager.kt:312)
09-17 07:17:43.126  3402  3402 D HomeLayerElement: 	at com.miui.home.recents.anim.StateManager.onAnimParamsReady(StateManager.kt:240)
09-17 07:17:43.126  3402  3402 D HomeLayerElement: 	at com.miui.home.recents.anim.WindowElement.startRemoteAnimation(WindowElement.kt:389)
09-17 07:17:43.126  3402  3402 D HomeLayerElement: 	at com.miui.home.recents.anim.WindowElement$init$1.onOpeningWindowTransitionStart$lambda-0(WindowElement.kt:1127)
09-17 07:17:43.126  3402  3402 D HomeLayerElement: 	at com.miui.home.recents.anim.WindowElement$init$1.$r8$lambda$AlIECH7uESUZ-O2POLAkVmDDVsk(Unknown Source:0)
09-17 07:17:43.126  3402  3402 D HomeLayerElement: 	at com.miui.home.recents.anim.WindowElement$init$1$$ExternalSyntheticLambda0.run(Unknown Source:8)
09-17 07:17:43.126  3402  3402 D HomeLayerElement: 	at android.os.Handler.handleCallback(Handler.java:959)
09-17 07:17:43.126  3402  3402 D HomeLayerElement: 	at android.os.Handler.dispatchMessage(Handler.java:100)
09-17 07:17:43.126  3402  3402 D HomeLayerElement: 	at android.os.Looper.loopOnce(Looper.java:249)
09-17 07:17:43.126  3402  3402 D HomeLayerElement: 	at android.os.Looper.loop(Looper.java:337)
09-17 07:17:43.126  3402  3402 D HomeLayerElement: 	at android.app.ActivityThread.main(ActivityThread.java:9593)
09-17 07:17:43.126  3402  3402 D HomeLayerElement: 	at java.lang.reflect.Method.invoke(Native Method)
09-17 07:17:43.126  3402  3402 D HomeLayerElement: 	at com.android.internal.os.RuntimeInit$MethodAndArgsCaller.run(RuntimeInit.java:593)
09-17 07:17:43.126  3402  3402 D HomeLayerElement: 	at com.android.internal.os.ZygoteInit.main(ZygoteInit.java:936)
09-17 07:17:43.126  3402  3402 E MultiSpringDynamicAnimation40fd42f: ERROR Not Found Bundle scaleY
09-17 07:17:43.127  3402  3402 I AnimStateManager: go to state com.miui.home.recents.anim.StateManager$AppState@1b16d20
09-17 07:17:43.127  3402  3402 E Launcher.application: setClickAppWaitForCallback = false
09-17 07:17:43.128  1327  1327 E MI-SF   : MiSurfaceFlingerImpl.cpp.vsyncId=17027653, oldVsyncId=17027624, layerName=StatusBar#115
09-17 07:17:43.128  1327  1327 E MI-SF   : MiSurfaceFlingerImpl.cpp.vsyncId=17027653, mIsContainTask1=0, mIsContainTaskOther=0
09-17 07:17:43.128  1327  1327 E MI-SF   : MiSurfaceFlingerImpl.cpp.vsyncId=17027653, oldVsyncId=17027653, layerName=Surface(name=WindowToken{64110f4 type=2027 android.os.BinderProxy@48896e1}#69)/@0x29c5463 - animation-leash of token_transform#8628
09-17 07:17:43.128  1327  1327 E MI-SF   : MiSurfaceFlingerImpl.cpp.vsyncId=17027653, mIsContainTask1=0, mIsContainTaskOther=0
09-17 07:17:43.128  1327  1327 E MI-SF   : MiSurfaceFlingerImpl.cpp.vsyncId=17027653, oldVsyncId=17027653, layerName=Surface(name=WindowToken{a7d80e1 type=2000 android.os.BinderProxy@782cceb}#109)/@0x3ba9e06 - animation-leash of token_transform#8624
09-17 07:17:43.128  1327  1327 E MI-SF   : MiSurfaceFlingerImpl.cpp.vsyncId=17027653, mIsContainTask1=0, mIsContainTaskOther=0
09-17 07:17:43.128  1327  1327 E MI-SF   : MiSurfaceFlingerImpl.cpp.vsyncId=17027653, oldVsyncId=17027653, layerName=Surface(name=WindowToken{ddf867e type=2026 android.os.BinderProxy@b2b6039}#8608)/@0x69ad7df - animation-leash of token_transform#8623
09-17 07:17:43.128  1327  1327 E MI-SF   : MiSurfaceFlingerImpl.cpp.vsyncId=17027653, mIsContainTask1=0, mIsContainTaskOther=0
09-17 07:17:43.128  1327  1327 E MI-SF   : MiSurfaceFlingerImpl.cpp.vsyncId=17027653, oldVsyncId=17027653, layerName=Surface(name=WindowToken{761c4ec type=2003 android.os.BinderProxy@67defd}#8612)/@0xc3d34a - animation-leash of token_transform#8626
09-17 07:17:43.128  1327  1327 E MI-SF   : MiSurfaceFlingerImpl.cpp.vsyncId=17027653, mIsContainTask1=0, mIsContainTaskOther=0
09-17 07:17:43.128  1327  1327 E MI-SF   : MiSurfaceFlingerImpl.cpp.vsyncId=17027653, oldVsyncId=17027653, layerName=Surface(name=WindowToken{85a90fd type=2024 android.os.BinderProxy@8201954}#72)/@0xd0f76c0 - animation-leash of token_transform#8625
09-17 07:17:43.128  1327  1327 E MI-SF   : MiSurfaceFlingerImpl.cpp.vsyncId=17027653, mIsContainTask1=0, mIsContainTaskOther=0
09-17 07:17:43.128  1327  1327 E MI-SF   : MiSurfaceFlingerImpl.cpp.vsyncId=17027653, oldVsyncId=17027653, layerName=Surface(name=WindowToken{6d05883 type=2027 android.os.BinderProxy@e95d332}#67)/@0x9ffca00 - animation-leash of token_transform#8627
09-17 07:17:43.128  1327  1327 E MI-SF   : MiSurfaceFlingerImpl.cpp.vsyncId=17027653, mIsContainTask1=0, mIsContainTaskOther=0
09-17 07:17:43.128  1327  1327 E MI-SF   : MiSurfaceFlingerImpl.cpp.vsyncId=17027653, oldVsyncId=17027653, layerName=Surface(name=WindowToken{64110f4 type=2027 android.os.BinderProxy@48896e1}#69)/@0x29c5463 - animation-leash of token_transform#8628
