09-16 20:32:03.858 20412 29343 V BluetoothAdapterService: isProfileSupported(device=XX:XX:XX:XX:DE:F3, profile=LE_AUDIO): local_uuids=[0000110a-0000-1000-8000-00805f9b34fb, 0000111f-0000-1000-8000-00805f9b34fb, 00001112-0000-1000-8000-00805f9b34fb, 0000112f-0000-1000-8000-00805f9b34fb, 00001132-0000-1000-8000-00805f9b34fb], remote_uuids=[00001101-0000-1000-8000-00805f9b3411, 00001101-0000-1000-8000-00805f9b3412, 00001101-0000-1000-8000-00805f9b3413, 0000110a-0000-1000-8000-00805f9b34fb, 0000110b-0000-1000-8000-00805f9b34fb, 0000110e-0000-1000-8000-00805f9b34fb, 00001112-0000-1000-8000-00805f9b34fb, 0000111f-0000-1000-8000-00805f9b34fb, ade3d529-c784-4f63-a987-eb69f70ee816, e23b00bc-217c-453b-9c08-fc44577136fe]
09-16 20:32:03.859  2400  2539 D AutomaticBrightnessControllerImpl: drop the ambient lux due to proximity events.
09-16 20:32:03.860  1327  1327 E MI-SF   : MiSurfaceFlingerImpl.cpp.vsyncId=3974103, oldVsyncId=3974081, layerName=com.miui.securitycenter/.FloatingWindow#6026
09-16 20:32:03.860  1327  1327 E MI-SF   : MiSurfaceFlingerImpl.cpp.vsyncId=3974103, mIsContainTask1=0, mIsContainTaskOther=0
09-16 20:32:03.861  3365  3629 D BluetoothUtils: Bluetooth device 27" Odyssey G6 doesn't have exclusive manager
09-16 20:32:03.861  3365  3629 D LocalBluetoothProfileManager: onReceiveInternal action:android.bluetooth.input.profile.action.CONNECTION_STATE_CHANGED mProfile:HID
09-16 20:32:03.861  3365  3629 D CachedBluetoothDevice: onProfileStateChanged: profile HID, device XX:XX:XX:XX:22:43, newProfileState 2
09-16 20:32:03.861  3365  3629 D CachedBluetoothDevice: fetchActiveDevices XX:XX:XX:XX:22:43
09-16 20:32:03.861  3365  3629 D BluetoothAdapter: getActiveDevices(profile= A2DP)
09-16 20:32:03.861  1327  1327 E SurfaceFlinger: MiSurfaceFlingerStub isAnimationScene
09-16 20:32:03.861  7977  7977 D AutoDensity: 	getAccessibilityDpi Exception: android.provider.Settings$SettingNotFoundException: display_density_forced
09-16 20:32:03.864  5663  5663 D ApplicationLoaders: Returning zygote-cached class loader: /system_ext/framework/androidx.window.extensions.jar
09-16 20:32:03.864  5663  5663 D ApplicationLoaders: Returning zygote-cached class loader: /system_ext/framework/androidx.window.sidecar.jar
09-16 20:32:03.865  5663  5663 D CompatChangeReporter: Compat change id reported: 202956589; UID 10101; state: ENABLED
09-16 20:32:03.868  1327  1327 E MI-SF   : MiSurfaceFlingerImpl.cpp.vsyncId=3974118, oldVsyncId=3974103, layerName=com.miui.securitycenter/.FloatingWindow#6026
09-16 20:32:03.868  1327  1327 E MI-SF   : MiSurfaceFlingerImpl.cpp.vsyncId=3974118, mIsContainTask1=0, mIsContainTaskOther=0
09-16 20:32:03.868  1168 20595 I vendor.qti.bluetooth@1.0-ibs_handler: ProcessIbsCmd: Received IBS_WAKE_IND: 0xFD
09-16 20:32:03.868  1168 20595 I vendor.qti.bluetooth@1.0-ibs_handler: ProcessIbsCmd: Writing IBS_WAKE_ACK
09-16 20:32:03.869  1327  1327 E SurfaceFlinger: MiSurfaceFlingerStub isAnimationScene
09-16 20:32:03.874  2400  2658 D CompatChangeReporter: Compat change id reported: 151861875; UID 10449; state: ENABLED
09-16 20:32:03.874 20412 20765 I BluetoothAdapterService: getActiveDevices: A2dp device: null
09-16 20:32:03.874  3365  3629 D BluetoothAdapter: getActiveDevices(profile= HEADSET)
09-16 20:32:03.875  2400  2658 D CompatChangeReporter: Compat change id reported: 151861875; UID 10113; state: ENABLED
09-16 20:32:03.877  2400  2658 D CompatChangeReporter: Compat change id reported: 151861875; UID 10170; state: ENABLED
09-16 20:32:03.882  1782  1782 I wificond: station_bandwidth: P
09-16 20:32:03.885  4362  4362 D AutoDensity: 	getAccessibilityDpi Exception: android.provider.Settings$SettingNotFoundException: display_density_forced
09-16 20:32:03.890  5616  5616 D AutoDensity: 	getAccessibilityDpi Exception: android.provider.Settings$SettingNotFoundException: display_density_forced
09-16 20:32:03.892  3347  3347 D AutoDensity: 	getAccessibilityDpi Exception: android.provider.Settings$SettingNotFoundException: display_density_forced
09-16 20:32:03.893  3347  3347 D AutoDensity: 	getAccessibilityDpi Exception: android.provider.Settings$SettingNotFoundException: display_density_forced
09-16 20:32:03.895  5409  5409 D AutoDensity: 	getAccessibilityDpi Exception: android.provider.Settings$SettingNotFoundException: display_density_forced
09-16 20:32:03.897  2400  2658 I WindowManager: Override config changes=20000480 {0.9 208mcc20mnc [fr_FR] ldltr sw393dp w873dp h393dp 440dpi nrml long land uimode=12 finger -keyb/v/h -nav/h winConfig={ mBounds=Rect(0, 0 - 2400, 1080) mAppBounds=Rect(0, 0 - 2400, 1080) mMaxBounds=Rect(0, 0 - 2400, 1080) mDisplayRotation=ROTATION_90 mWindowingMode=fullscreen mActivityType=undefined mAlwaysOnTop=undefined mRotation=ROTATION_90 mInSplitScreen=false letterBoxed=false foScaled=false isSpecificEmbedded=false screenType=0} s.7209 fontWeightAdjustment=0/d themeChanged=0 themeChangedFlags=0 extraData = Bundle[{}] screenType=0/0} for displayId=0
09-16 20:32:03.898  2400  2658 D WindowManager: finishFixedRotationTransform ActivityRecord{1e84d0a u0 com.hzc23.nonocontroller/.MainActivity t208} applyDisplayRotation=false size=1
09-16 20:32:03.898  2400  2400 D AutoDensity: getAccessibilityDpi Exception: android.provider.Settings$SettingNotFoundException: display_density_forced
09-16 20:32:03.899  7945  7945 D AutoDensity: 	getAccessibilityDpi Exception: android.provider.Settings$SettingNotFoundException: display_density_forced
09-16 20:32:03.903  4695 32006 E GmsCoreLogger: Missing account for FACET_USAGE_GAIA_UNSAMPLED [CONTEXT service_id=299 ]
09-16 20:32:03.904  2400  2833 E HyperSentinel: -------------------------------------------------------
09-16 20:32:03.904  2400  2833 E HyperSentinel: Event_ThreadAmount
09-16 20:32:03.904  2400  2833 E HyperSentinel: -> audit event by proc 5422 "com.miui.securitycenter:ui": running threads amount, 0 -> 61
09-16 20:32:03.904  2400  2658 D WindowManager: setFixedRotationLaunchingApp 0 prev=ActivityRecord{1e84d0a u0 com.hzc23.nonocontroller/.MainActivity t208} now=null rotation=-1
09-16 20:32:03.904  2400  2658 D DisplayContentStubImpl: Remove FixedRotationTimeoutRunnable
09-16 20:32:03.905  4167  4167 D AutoDensity: getAccessibilityDpi Exception: android.provider.Settings$SettingNotFoundException: display_density_forced
09-16 20:32:03.905  2400  2658 D WindowManager: Collecting in transition 312: Task{f462fd6 #208 type=standard A=10101:com.hzc23.nonocontroller} init visibleRequested:true
09-16 20:32:03.905  2400  2658 D WindowManager: Collecting in transition 312: WindowToken{7f762a1 type=2024 android.os.BinderProxy@cf45b08} init visibleRequested:true
09-16 20:32:03.906  2400  2658 D WindowManager: Collecting in transition 312: WindowToken{79edabb type=2024 android.os.BinderProxy@c109b4a} init visibleRequested:true
09-16 20:32:03.906 20412 20602 V BtGatt.ScanHelper: onScanResult() - eventType=0x10, addressType=1, address=04:A1:7B:CE:AB:BA, primaryPhy=1, secondaryPhy=0, advertisingSid=0xff, txPower=127, rssi=-74, periodicAdvInt=0x0, originalAddress=00:00:00:00:00:00
09-16 20:32:03.906  2400  2658 D WindowManager: Collecting in transition 312: WallpaperWindowToken{cd1f09f token=android.os.Binder@8148a3e} init visibleRequested:false
09-16 20:32:03.906 20412 20602 V BtGatt.ScanHelper: Skipping client: permission=true matches=false
09-16 20:32:03.906 20412 20602 V BtGatt.ScanHelper: Skipping client: permission=true matches=false
09-16 20:32:03.907  2400  2400 W WindowTokenClientController: Can't find attached WindowTokenClient for android.window.WindowTokenClient@830bfc4
09-16 20:32:03.907 20412 20602 V BtGatt.ScanHelper: Skipping client: permission=true matches=false
09-16 20:32:03.907 20412 20602 V BtGatt.ScanHelper: Skipping client: permission=true matches=false
09-16 20:32:03.907 20412 20602 V BtGatt.ScanHelper: Skipping client: permission=true matches=false
09-16 20:32:03.908 20412 20602 V BtGatt.ScanHelper: onScanResult() - eventType=0x10, addressType=1, address=D3:64:B9:F5:4B:F0, primaryPhy=1, secondaryPhy=0, advertisingSid=0xff, txPower=127, rssi=-95, periodicAdvInt=0x0, originalAddress=00:00:00:00:00:00
09-16 20:32:03.908 20412 20602 V BtGatt.ScanHelper: Skipping client: permission=true matches=false
09-16 20:32:03.908 20412 20602 V BtGatt.ScanHelper: Skipping client: permission=true matches=false
09-16 20:32:03.909 20412 29343 I BluetoothAdapterService: getActiveDevices: Headset device: XX:XX:XX:XX:22:43
09-16 20:32:03.909 20412 20602 V BtGatt.ScanHelper: Skipping client: permission=true matches=false
09-16 20:32:03.909 20412 20602 V BtGatt.ScanHelper: Skipping client: permission=true matches=false
09-16 20:32:03.909 20412 20602 V BtGatt.ScanHelper: Skipping client: permission=true matches=false
09-16 20:32:03.912  3365  3629 D BluetoothAdapter: getActiveDevices(profile= HEARING_AID)
09-16 20:32:03.914  2400  3484 W Binder  : Outgoing transactions from this process must be FLAG_ONEWAY
09-16 20:32:03.914  2400  3484 W Binder  : java.lang.Throwable
09-16 20:32:03.914  2400  3484 W Binder  : 	at android.os.BinderProxy.transact(BinderProxy.java:637)
09-16 20:32:03.914  2400  3484 W Binder  : 	at com.miui.analytics.ITrackBinder$Stub$Proxy.trackEvent(ITrackBinder.java:150)
09-16 20:32:03.914  2400  3484 W Binder  : 	at com.android.server.wm.AonRotationOneTrackUtil.trackEvent(AonRotationOneTrackUtil.java:134)
09-16 20:32:03.914  2400  3484 W Binder  : 	at com.android.server.wm.AonRotationOneTrackUtil.trackDisplayRotationChangeUnchecked(AonRotationOneTrackUtil.java:250)
09-16 20:32:03.914  2400  3484 W Binder  : 	at com.android.server.wm.AonRotationOneTrackUtil.lambda$trackDisplayRotationChange$4(AonRotationOneTrackUtil.java:258)
09-16 20:32:03.914  2400  3484 W Binder  : 	at com.android.server.wm.AonRotationOneTrackUtil.$r8$lambda$yQr6yUp_ke1lTsJXk-M8Lu_miCU(Unknown Source:0)
09-16 20:32:03.914  2400  3484 W Binder  : 	at com.android.server.wm.AonRotationOneTrackUtil$$ExternalSyntheticLambda4.run(D8$$SyntheticClass:0)
09-16 20:32:03.914  2400  3484 W Binder  : 	at android.os.Handler.handleCallback(Handler.java:959)
09-16 20:32:03.914  2400  3484 W Binder  : 	at android.os.Handler.dispatchMessage(Handler.java:100)
09-16 20:32:03.914  2400  3484 W Binder  : 	at android.os.Looper.loopOnce(Looper.java:249)
09-16 20:32:03.914  2400  3484 W Binder  : 	at android.os.Looper.loop(Looper.java:337)
09-16 20:32:03.914  2400  3484 W Binder  : 	at android.os.HandlerThread.run(HandlerThread.java:85)
09-16 20:32:03.915  2400  2658 D MiuiOrientationImpl: needShowToast displayId=0
09-16 20:32:03.917 20412 29343 I BluetoothAdapterService: getActiveDevices: Hearing Aid devices: Left[null] - Right[null]
09-16 20:32:03.918  1327  1327 E MI-SF   : MiSurfaceFlingerImpl.cpp.vsyncId=3974133, oldVsyncId=3974118, layerName=StatusBar#115
09-16 20:32:03.918  1327  1327 E MI-SF   : MiSurfaceFlingerImpl.cpp.vsyncId=3974133, mIsContainTask1=0, mIsContainTaskOther=0
09-16 20:32:03.918  1327  1327 E MI-SF   : MiSurfaceFlingerImpl.cpp.vsyncId=3974133, oldVsyncId=3974133, layerName=com.miui.securitycenter/.FloatingWindow#6026
09-16 20:32:03.918  1327  1327 E MI-SF   : MiSurfaceFlingerImpl.cpp.vsyncId=3974133, mIsContainTask1=0, mIsContainTaskOther=0
09-16 20:32:03.918 20412 20765 D BluetoothPbapService: getConnectionState: XX:XX:XX:XX:01:58
09-16 20:32:03.919  1327  1327 E SurfaceFlinger: MiSurfaceFlingerStub isAnimationScene
09-16 20:32:03.920  3365  3629 D CachedBluetoothDevice: device: Quantum-Watch refresh()
09-16 20:32:03.923 20412 29353 V BluetoothAdapterService: isProfileSupported(device=XX:XX:XX:XX:C6:CE, profile=LE_AUDIO): local_uuids=[0000110a-0000-1000-8000-00805f9b34fb, 0000111f-0000-1000-8000-00805f9b34fb, 00001112-0000-1000-8000-00805f9b34fb, 0000112f-0000-1000-8000-00805f9b34fb, 00001132-0000-1000-8000-00805f9b34fb], remote_uuids=[00000000-0000-1000-8000-00805f9b34fb, 00000000-deca-fade-deca-deafdecacafe, 0000110a-0000-1000-8000-00805f9b34fb, 0000110e-0000-1000-8000-00805f9b34fb, 00001116-0000-1000-8000-00805f9b34fb, 0000111f-0000-1000-8000-00805f9b34fb, 0000112f-0000-1000-8000-00805f9b34fb, 00001132-0000-1000-8000-00805f9b34fb, 02030302-1d19-415f-86f2-22a2106a0a77]
09-16 20:32:03.923  3365  3629 D BluetoothUtils: Bluetooth device iPhone 8 de Sophie doesn't have exclusive manager
09-16 20:32:03.926 20412 29343 D BluetoothPbapService: getConnectionState: XX:XX:XX:XX:F7:17
09-16 20:32:03.926  1327  1327 E MI-SF   : MiSurfaceFlingerImpl.cpp.vsyncId=3974155, oldVsyncId=3974133, layerName=com.miui.securitycenter/.FloatingWindow#6026
09-16 20:32:03.926  1327  1327 E MI-SF   : MiSurfaceFlingerImpl.cpp.vsyncId=3974155, mIsContainTask1=0, mIsContainTaskOther=0
09-16 20:32:03.926  1327  1327 E MI-SF   : MiSurfaceFlingerImpl.cpp.vsyncId=3974155, oldVsyncId=3974155, layerName=com.miui.securitycenter/.FloatingWindow#6026
09-16 20:32:03.926  1327  1327 E MI-SF   : MiSurfaceFlingerImpl.cpp.vsyncId=3974155, mIsContainTask1=0, mIsContainTaskOther=0
09-16 20:32:03.927 20412 20765 V BluetoothAdapterService: isProfileSupported(device=XX:XX:XX:XX:01:58, profile=LE_AUDIO): local_uuids=[0000110a-0000-1000-8000-00805f9b34fb, 0000111f-0000-1000-8000-00805f9b34fb, 00001112-0000-1000-8000-00805f9b34fb, 0000112f-0000-1000-8000-00805f9b34fb, 00001132-0000-1000-8000-00805f9b34fb], remote_uuids=[0000110a-0000-1000-8000-00805f9b34fb, 0000110b-0000-1000-8000-00805f9b34fb, 0000110e-0000-1000-8000-00805f9b34fb, 00001115-0000-1000-8000-00805f9b34fb, 0000111e-0000-1000-8000-00805f9b34fb, 0000111f-0000-1000-8000-00805f9b34fb, c7f94713-891e-496a-a0e7-983a0946126e]
09-16 20:32:03.927  1327  1327 E SurfaceFlinger: MiSurfaceFlingerStub isAnimationScene
09-16 20:32:03.928  3365  3629 D BluetoothUtils: Bluetooth device QUANTUM_PC doesn't have exclusive manager
09-16 20:32:03.930  2400  2658 I SurfaceComposerClient: SF-DisplayRect: setDisplayProjection, tranId=10307921510409, orientation=1, mCurrentLayerStackRect=(0,0,2400,1080), mCurrentDisplayRect=(0,0,2400,1080)
09-16 20:32:03.931 20412 20765 D HidHostService: getDevicesMatchingConnectionStates()
09-16 20:32:03.932  5422  5437 E FrameEvents: addRelease: Did not find frame.
09-16 20:32:03.934  2400  2658 D SurfaceControl: setPosition  sc = Surface(name=58687dd RoundCornerBottom#100)/@0x99ec223x = 0.0y = 580.0
09-16 20:32:03.934  2400  2658 D SurfaceControl: java.lang.Throwable
09-16 20:32:03.934  2400  2658 D SurfaceControl: 	at android.view.SurfaceControl$Transaction.setPosition(SurfaceControl.java:3424)
09-16 20:32:03.934  2400  2658 D SurfaceControl: 	at com.android.server.wm.WindowState.lambda$new$1(WindowState.java:869)
09-16 20:32:03.934  2400  2658 D SurfaceControl: 	at com.android.server.wm.WindowState.$r8$lambda$fef2KYzxiyPlqMk0JTPv9yWQXp0(Unknown Source:0)
09-16 20:32:03.934  2400  2658 D SurfaceControl: 	at com.android.server.wm.WindowState$$ExternalSyntheticLambda1.accept(D8$$SyntheticClass:0)
09-16 20:32:03.934  2400  2658 D SurfaceControl: 	at com.android.server.wm.WindowState.updateSurfacePosition(WindowState.java:5952)
09-16 20:32:03.934  2400  2658 D SurfaceControl: 	at com.android.server.wm.WindowState.updateSurfacePositionIfNeeded(WindowState.java:5864)
09-16 20:32:03.934  2400  2658 D SurfaceControl: 	at com.android.server.wm.RootWindowContainer.handleResizingWindows(RootWindowContainer.java:1179)
09-16 20:32:03.934  2400  2658 D SurfaceControl: 	at com.android.server.wm.RootWindowContainer.performSurfacePlacementNoTrace(RootWindowContainer.java:945)
09-16 20:32:03.934  2400  2658 D SurfaceControl: 	at com.android.server.wm.RootWindowContainer.performSurfacePlacement(RootWindowContainer.java:899)
09-16 20:32:03.934  2400  2658 D SurfaceControl: 	at com.android.server.wm.WindowSurfacePlacer.performSurfacePlacementLoop(WindowSurfacePlacer.java:200)
09-16 20:32:03.934  2400  2658 D SurfaceControl: 	at com.android.server.wm.WindowSurfacePlacer.performSurfacePlacement(WindowSurfacePlacer.java:149)
09-16 20:32:03.934  2400  2658 D SurfaceControl: 	at com.android.server.wm.WindowSurfacePlacer.performSurfacePlacement(WindowSurfacePlacer.java:138)
09-16 20:32:03.934  2400  2658 D SurfaceControl: 	at com.android.server.wm.WindowSurfacePlacer.continueLayout(WindowSurfacePlacer.java:120)
09-16 20:32:03.934  2400  2658 D SurfaceControl: 	at com.android.server.wm.ActivityTaskManagerService.continueWindowLayout(ActivityTaskManagerService.java:5586)
09-16 20:32:03.934  2400  2658 D SurfaceControl: 	at com.android.server.wm.DisplayContent.updateDisplayOverrideConfigurationLocked(DisplayContent.java:7026)
09-16 20:32:03.934  2400  2658 D SurfaceControl: 	at com.android.server.wm.DisplayContent.updateDisplayOverrideConfigurationLocked(DisplayContent.java:6976)
09-16 20:32:03.934  2400  2658 D SurfaceControl: 	at com.android.server.wm.DisplayContent.sendNewConfiguration(DisplayContent.java:1927)
09-16 20:32:03.934  2400  2658 D SurfaceControl: 	at com.android.server.wm.InputManagerCallback$$ExternalSyntheticLambda0.accept(D8$$SyntheticClass:0)
09-16 20:32:03.934  2400  2658 D SurfaceControl: 	at com.android.server.wm.RootWindowContainer.forAllDisplays(RootWindowContainer.java:1418)
09-16 20:32:03.934  2400  2658 D SurfaceControl: 	at com.android.server.wm.InputManagerCallback.notifyConfigurationChanged(InputManagerCallback.java:121)
09-16 20:32:03.934  2400  2658 D SurfaceControl: 	at com.android.server.input.InputManagerService.notifyConfigurationChanged(InputManagerService.java:2292)
09-16 20:32:03.935  1327  1327 E MI-SF   : MiSurfaceFlingerImpl.cpp.vsyncId=3974163, oldVsyncId=3974155, layerName=com.miui.securitycenter/.FloatingWindow#6026
09-16 20:32:03.935  1327  1327 E MI-SF   : MiSurfaceFlingerImpl.cpp.vsyncId=3974163, mIsContainTask1=0, mIsContainTaskOther=0
09-16 20:32:03.935  1327  1327 E MI-SF   : MiSurfaceFlingerImpl.cpp.vsyncId=3974163, oldVsyncId=3974163, layerName=com.miui.securitycenter/.FloatingWindow#6026
09-16 20:32:03.935  1327  1327 E MI-SF   : MiSurfaceFlingerImpl.cpp.vsyncId=3974163, mIsContainTask1=0, mIsContainTaskOther=0
09-16 20:32:03.935  1327  1327 E SurfaceFlinger: MiSurfaceFlingerStub isAnimationScene
09-16 20:32:03.936  1168 20595 I vendor.qti.bluetooth@1.0-ibs_handler: ProcessIbsCmd: Received IBS_SLEEP_IND: 0xFE
09-16 20:32:03.940  2400  2510 D MiuiMultiWindowRecommendHelper: displayConfigurationChange: configuration= {0.9 208mcc20mnc [fr_FR] ldltr sw393dp w873dp h393dp 440dpi nrml long land uimode=12 finger -keyb/v/h -nav/h winConfig={ mBounds=Rect(0, 0 - 2400, 1080) mAppBounds=Rect(0, 0 - 2400, 1080) mMaxBounds=Rect(0, 0 - 2400, 1080) mDisplayRotation=ROTATION_90 mWindowingMode=fullscreen mActivityType=undefined mAlwaysOnTop=undefined mRotation=ROTATION_90 mInSplitScreen=false letterBoxed=false foScaled=false isSpecificEmbedded=false screenType=0} s.7209 fontWeightAdjustment=0/d themeChanged=0 themeChangedFlags=0 extraData = Bundle[{}] screenType=0/0}
09-16 20:32:03.940  2400  2510 D MiuiMultiWindowRecommendHelper: orientationChange
09-16 20:32:03.940  2400  2510 D MiuiMultiWindowRecommendController:  removeFreeFormRecommendView mFreeFormRecommendLayout= null
09-16 20:32:03.940  5422  5683 E FrameEvents: addRelease: Did not find frame.
09-16 20:32:03.941  2400  2510 D MiuiMultiWindowRecommendController:  removeSplitScreenRecommendView mSplitScreenRecommendLayout= null
09-16 20:32:03.942  2400  2833 E HyperSentinel: -------------------------------------------------------
09-16 20:32:03.942  2400  2833 E HyperSentinel: Event_ThreadAmount
09-16 20:32:03.942  2400  2833 E HyperSentinel: -> audit event by proc 5447 "com.miui.analytics": running threads amount, 0 -> 30
09-16 20:32:03.943  1327  1327 E MI-SF   : MiSurfaceFlingerImpl.cpp.vsyncId=3974171, oldVsyncId=3974163, layerName=com.miui.securitycenter/.FloatingWindow#6026
09-16 20:32:03.943  1327  1327 E MI-SF   : MiSurfaceFlingerImpl.cpp.vsyncId=3974171, mIsContainTask1=0, mIsContainTaskOther=0
09-16 20:32:03.943  1327  1327 E MI-SF   : MiSurfaceFlingerImpl.cpp.vsyncId=3974171, oldVsyncId=3974171, layerName=com.miui.securitycenter/.FloatingWindow#6026
09-16 20:32:03.943  1327  1327 E MI-SF   : MiSurfaceFlingerImpl.cpp.vsyncId=3974171, mIsContainTask1=0, mIsContainTaskOther=0
09-16 20:32:03.944  1327  1327 E SurfaceFlinger: MiSurfaceFlingerStub isAnimationScene
09-16 20:32:03.944  3365  3365 D AutoDensity: 	getAccessibilityDpi Exception: android.provider.Settings$SettingNotFoundException: display_density_forced
09-16 20:32:03.945  3365  3365 D AutoDensityController: custom density updated context dpi from 440 to 440 origin dpi:440 target dpi:440
09-16 20:32:03.945  3365  3365 D ControlCenterControllerImpl: disable1: 0 -> 0 (diff1: 0)
09-16 20:32:03.945  3365  3365 D ControlCenterControllerImpl: disable2: 0 -> 0 (diff1: 0)
09-16 20:32:03.945  3365  3365 D ControlCenterControllerImpl: panelEnabled changed from true to true
09-16 20:32:03.945  3365  3365 D CollapsedStatusBarFragment: adjustDisableFlags: ShadeExpansionState = 0 mHideIconsForBouncer = false mWereIconsJustHidden = false, mWakeUpCoordinator.getNotificationsFullyHidden = false, mIsExpanded = false, mBypassController.getBypassEnabled = false, mStatusBarStateController.getState() = 0, mKeyguardStateController.isKeyguardGoingAway() = false, mHeadsUpManager.hasPinnedHeadsUp = false, mControlPanelExpand = false
09-16 20:32:03.947  3365  3365 I NoBackGesture: Config changed: newConfig={0.9 208mcc20mnc [fr_FR] ldltr sw393dp w873dp h393dp 440dpi nrml long land uimode=12 finger -keyb/v/h -nav/h winConfig={ mBounds=Rect(0, 0 - 2400, 1080) mAppBounds=Rect(0, 0 - 2400, 1080) mMaxBounds=Rect(0, 0 - 2400, 1080) mDisplayRotation=ROTATION_90 mWindowingMode=fullscreen mActivityType=undefined mAlwaysOnTop=undefined mRotation=ROTATION_90 mInSplitScreen=false letterBoxed=false foScaled=false isSpecificEmbedded=false screenType=0} s.7252 fontWeightAdjustment=0/d themeChanged=0 themeChangedFlags=0 extraData = Bundle[{}] screenType=0/0} lastReportedConfig={0.9 208mcc20mnc [fr_FR] ldltr sw393dp w393dp h873dp 440dpi nrml long port uimode=12 finger -keyb/v/h -nav/h winConfig={ mBounds=Rect(0, 0 - 1080, 2400) mAppBounds=Rect(0, 0 - 1080, 2400) mMaxBounds=Rect(0, 0 - 1080, 2400) mDisplayRotation=ROTATION_0 mWindowingMode=fullscreen mActivityType=undefined mAlwaysOnTop=undefined mRotation=ROTATION_0 mInSplitScreen=false letterBoxed=false foScaled=false isSpecificEmbedded=false screenType=0} s.7175 fontWeightAdjustment=0/d themeChanged=0 themeChangedFlags=0 extraData = Bundle[{}] screenType=0/0}
09-16 20:32:03.947  3365  3365 I NoBackGesture: NavbarController: newConfig={0.9 208mcc20mnc [fr_FR] ldltr sw393dp w873dp h393dp 440dpi nrml long land uimode=12 finger -keyb/v/h -nav/h winConfig={ mBounds=Rect(0, 0 - 2400, 1080) mAppBounds=Rect(0, 0 - 2400, 1080) mMaxBounds=Rect(0, 0 - 2400, 1080) mDisplayRotation=ROTATION_90 mWindowingMode=fullscreen mActivityType=undefined mAlwaysOnTop=undefined mRotation=ROTATION_90 mInSplitScreen=false letterBoxed=false foScaled=false isSpecificEmbedded=false screenType=0} s.7252 fontWeightAdjustment=0/d themeChanged=0 themeChangedFlags=0 extraData = Bundle[{}] screenType=0/0} mTaskbarDelegate initialized=false willApplyConfigToNavbars=false navBarCount=0
09-16 20:32:03.947  3365  3365 I MiuiScreenDecorations: onConfigChanged: {0.9 208mcc20mnc [fr_FR] ldltr sw393dp w873dp h393dp 440dpi nrml long land uimode=12 finger -keyb/v/h -nav/h winConfig={ mBounds=Rect(0, 0 - 2400, 1080) mAppBounds=Rect(0, 0 - 2400, 1080) mMaxBounds=Rect(0, 0 - 2400, 1080) mDisplayRotation=ROTATION_90 mWindowingMode=fullscreen mActivityType=undefined mAlwaysOnTop=undefined mRotation=ROTATION_90 mInSplitScreen=false letterBoxed=false foScaled=false isSpecificEmbedded=false screenType=0} s.7252 fontWeightAdjustment=0/d themeChanged=0 themeChangedFlags=0 extraData = Bundle[{}] screenType=0/0}
09-16 20:32:03.948  5422  5683 E FrameEvents: addRelease: Did not find frame.
09-16 20:32:03.949  2400  2605 I ATMSImpl: cacheTasksForDefaultDisplay size=2
09-16 20:32:03.949  2400  2492 W Looper  : Slow dispatch took 134ms android.ui h=android.os.Handler c=android.hardware.display.DisplayManagerGlobal$DisplayListenerDelegate$$ExternalSyntheticLambda0@437293b m=0
09-16 20:32:03.950  2400  2494 W system_server: Long monitor contention with owner InputDispatcher (2658) at void com.android.server.wm.MiuiFreeFormManagerService.traverseTask(com.android.server.wm.Task, java.util.function.Consumer)(MiuiFreeFormManagerService.java:1516) waiters=3 in void com.android.server.wm.WindowManagerService$LocalService.requestTraversalFromDisplayManager() for 133ms
09-16 20:32:03.950  3365  3365 W ConstraintSet: id unknown normal_flip_privacy_container
09-16 20:32:03.951  3365  3365 D CombinedHeaderController: onSwitchProgressChanged: progress = 1.0
09-16 20:32:03.951  1327  1327 E MI-SF   : MiSurfaceFlingerImpl.cpp.vsyncId=3974179, oldVsyncId=3974171, layerName=com.miui.securitycenter/.FloatingWindow#6026
09-16 20:32:03.951  1327  1327 E MI-SF   : MiSurfaceFlingerImpl.cpp.vsyncId=3974179, mIsContainTask1=0, mIsContainTaskOther=0
09-16 20:32:03.952  2400  2494 I InputManager-JNI: Viewport [0] to add: local:4630946359590559105, isActive: true
09-16 20:32:03.952  1327  1327 E SurfaceFlinger: MiSurfaceFlingerStub isAnimationScene
09-16 20:32:03.953  2400  4509 I ATMSImpl: cacheTasksForDefaultDisplay size=2
09-16 20:32:03.955  2400  5065 I SmartPower: com.google.android.googlequicksearchbox:googleapp/10168(7350): visible->invisible(10322ms) R(become invisible) adj=0.
09-16 20:32:03.955  2400  2659 I InputReader: Reconfiguring input devices, changes=DISPLAY_INFO
09-16 20:32:03.956  2400  4509 D CompatChangeReporter: Compat change id reported: 261072174; UID 1000; state: ENABLED
09-16 20:32:03.956  2400  5065 I SmartPower: com.google.android.googlequicksearchbox:googleapp/10168(7350): invisible->background(1ms) R(become background) adj=0.
09-16 20:32:03.957  5422  5683 E FrameEvents: addRelease: Did not find frame.
09-16 20:32:03.957  2400  5065 I SmartPower: com.google.android.googlequicksearchbox:interactor/10168(7098): invisible->background(10325ms) R(become background) adj=100.
09-16 20:32:03.960  3402  3804 D RecentsModel: getRunningTask ignoreActivityType : 2 ,ignoreWindowMode:5
09-16 20:32:03.960  3402  3804 W RecentsModel: getRunningTask   taskInfo=TaskInfo{userId=0 taskId=208 displayId=0 isRunning=true baseIntent=Intent { act=android.intent.action.MAIN cat=[android.intent.category.LAUNCHER] flg=0x10200000 cmp=com.hzc23.nonocontroller/.MainActivity } baseActivity=ComponentInfo{com.hzc23.nonocontroller/com.hzc23.nonocontroller.MainActivity} topActivity=ComponentInfo{com.hzc23.nonocontroller/com.hzc23.nonocontroller.MainActivity} origActivity=null realActivity=ComponentInfo{com.hzc23.nonocontroller/com.hzc23.nonocontroller.MainActivity} numActivities=1 lastActiveTime=13405022 supportsSplitScreenMultiWindow=true supportsMultiWindow=true resizeMode=1 isResizeable=true minWidth=-1 minHeight=-1 defaultMinSize=200 token=WCT{android.window.IWindowContainerToken$Stub$Proxy@a6602d8} topActivityType=1 pictureInPictureParams=null shouldDockBigOverlays=false launchIntoPipHostTaskId=-1 lastParentTaskIdBeforePip=-1 displayCutoutSafeInsets=null topActivityInfo=ActivityInfo{d5d3631 com.hzc23.nonocontroller.MainActivity} launchCookies=[] positionInParent=Point(0, 0) parentTaskId=-1 isFocused=false isVisible=true isVisibleRequested=true isSleeping=false locusId=null displayAreaFeatureId=1 isTopActivityTransparent=false appCompatTaskInfo=AppCompatTaskInfo { topActivityInSizeCompat=false topActivityInMiuiSizeCompat=false topActivityEligibleForLetterboxEducation= falseisLetterboxEducationEnabled= false isLetterboxDoubleTapEnabled= false topActivityEligibleForUserAspectRatioButton= false topActivityBoundsLetterboxed= false isFromLetterboxDoubleTap= false topActivityLetterboxVerticalPosition= -1 topActivityLetterboxHorizontalPosition= -1 topActivityLetterboxWidth=2400 topActivityLetterboxHeight=1080 isUserFullscreenOverrideEnabled=false isSystemFullscreenOverrideEnabled=false cameraCompatTaskInfo=CameraCompatTaskInfo { cameraCompatControlState=hidden freeformCameraCompatMode=inactive}} isImmersive=false mTopActivityRequestOrientation=0 mBehindAppLockPkg=null mOriginatingUid=0 isEmbedded=false shouldBeVisible=true mIsCastMode=false mTopActivityMediaSize=null mTopActivityRecordName=ActivityRecord{1e84d0a u0 com.hzc23.nonocontroller/.MainActivity t208} mTopActivityOrientation=0}
09-16 20:32:03.960  3402  3804 D RecentsModel: preloadRecents runningTaskId:208, mCurrentRunningTaskId:-1, mRecentsTaskLoadPlan=com.android.systemui.shared.recents.model.RecentsTaskLoadPlan@2193116
09-16 20:32:03.961  3402  3804 E ActivityManagerWrapper: get all recent tasks force including 208
09-16 20:32:03.961 20412 29343 D HidHostService: getDevicesMatchingConnectionStates()
09-16 20:32:03.963  8056  8056 W x       : onStartInput event aborted
09-16 20:32:03.963  8056  8056 W x       : on.t: could not obtain extracted text
09-16 20:32:03.963  8056  8056 W x       : 	at on.I.H(Unknown Source:344)
09-16 20:32:03.963  8056  8056 W x       : 	at Ek.D.q(Unknown Source:272)
09-16 20:32:03.963  8056  8056 W x       : 	at Ek.T0.q(Unknown Source:2)
09-16 20:32:03.963  8056  8056 W x       : 	at com.touchtype.KeyboardService.onStartInput(Unknown Source:11)
09-16 20:32:03.963  8056  8056 W x       : 	at android.inputmethodservice.InputMethodService.doStartInput(InputMethodService.java:3436)
09-16 20:32:03.963  8056  8056 W x       : 	at android.inputmethodservice.InputMethodService.resetStateForNewConfiguration(InputMethodService.java:1983)
09-16 20:32:03.963  8056  8056 W x       : 	at android.inputmethodservice.InputMethodService.$r8$lambda$oRMkK66rOxqNaqhjifweqVkTB4Q(Unknown Source:0)
09-16 20:32:03.963  8056  8056 W x       : 	at android.inputmethodservice.InputMethodService$$ExternalSyntheticLambda5.run(D8$$SyntheticClass:0)
09-16 20:32:03.963  8056  8056 W x       : 	at android.inputmethodservice.ImsConfigurationTracker.onConfigurationChanged(ImsConfigurationTracker.java:97)
09-16 20:32:03.963  8056  8056 W x       : 	at android.inputmethodservice.InputMethodService.onConfigurationChanged(InputMethodService.java:1969)
09-16 20:32:03.963  8056  8056 W x       : 	at com.touchtype.KeyboardService.c(Unknown Source:0)
09-16 20:32:03.963  8056  8056 W x       : 	at Ek.D.onConfigurationChanged(Unknown Source:48)
09-16 20:32:03.963  8056  8056 W x       : 	at Ek.T0.onConfigurationChanged(Unknown Source:2)
09-16 20:32:03.963  8056  8056 W x       : 	at com.touchtype.KeyboardService.onConfigurationChanged(Unknown Source:9)
09-16 20:32:03.963  8056  8056 W x       : 	at android.window.WindowTokenClient.onConfigurationChangedInner(WindowTokenClient.java:211)
09-16 20:32:03.963  8056  8056 W x       : 	at android.window.WindowTokenClient.onConfigurationChanged(WindowTokenClient.java:155)
09-16 20:32:03.963  8056  8056 W x       : 	at android.window.WindowTokenClient.onConfigurationChanged(WindowTokenClient.java:112)
09-16 20:32:03.963  8056  8056 W x       : 	at android.window.WindowTokenClientController.onWindowContextInfoChanged(WindowTokenClientController.java:207)
09-16 20:32:03.963  8056  8056 W x       : 	at android.app.ActivityThread.handleWindowContextInfoChanged(ActivityThread.java:7157)
09-16 20:32:03.963  8056  8056 W x       : 	at android.app.servertransaction.WindowContextInfoChangeItem.execute(WindowContextInfoChangeItem.java:45)
09-16 20:32:03.963  8056  8056 W x       : 	at android.app.servertransaction.TransactionExecutor.executeNonLifecycleItem(TransactionExecutor.java:186)
09-16 20:32:03.963  8056  8056 W x       : 	at android.app.servertransaction.TransactionExecutor.executeTransactionItems(TransactionExecutor.java:112)
09-16 20:32:03.963  8056  8056 W x       : 	at android.app.servertransaction.TransactionExecutor.execute(TransactionExecutor.java:84)
09-16 20:32:03.963  8056  8056 W x       : 	at android.app.ActivityThread$H.handleMessage(ActivityThread.java:2881)
09-16 20:32:03.963  8056  8056 W x       : 	at android.os.Handler.dispatchMessage(Handler.java:107)
09-16 20:32:03.963  8056  8056 W x       : 	at android.os.Looper.loopOnce(Looper.java:249)
09-16 20:32:03.963  8056  8056 W x       : 	at android.os.Looper.loop(Looper.java:337)
09-16 20:32:03.963  8056  8056 W x       : 	at android.app.ActivityThread.main(ActivityThread.java:9593)
09-16 20:32:03.963  8056  8056 W x       : 	at java.lang.reflect.Method.invoke(Native Method)
09-16 20:32:03.963  8056  8056 W x       : 	at com.android.internal.os.RuntimeInit$MethodAndArgsCaller.run(RuntimeInit.java:593)
09-16 20:32:03.963  8056  8056 W x       : 	at com.android.internal.os.ZygoteInit.main(ZygoteInit.java:936)
09-16 20:32:03.965  5422  5422 D AutoDensity: 	getAccessibilityDpi Exception: android.provider.Settings$SettingNotFoundException: display_density_forced
09-16 20:32:03.966  5422  5422 I DockWindowManagerService: onDisplayChanged:4	last_ori=-1	cur_ori=90	dpi=440	uimode=28
09-16 20:32:03.966  5422  5422 D DockWindowManager: removePanelFloatViewWithOutAnimation: main 
09-16 20:32:03.966  5422  5422 I GTGuideManager: removeGtView: null
09-16 20:32:03.966  5422  5422 D DockWindowManager: removePanelFloatViewWithOutAnimation: assistant 
09-16 20:32:03.966  5422  5422 I GTGuideManager: removeGtView: null
09-16 20:32:03.966  5422  5422 I DockWindowManager: removeSidebar:false false DockWindowManager = j8.k@d4bf3e
09-16 20:32:03.966  5422  5422 I RegionSamplingImageView: stopRegionSampling
09-16 20:32:03.966  1327  1538 I BpBinder: onLastStrongRef automatically unlinking death recipients: 
09-16 20:32:03.967  3402  3402 D AutoDensity: 	getAccessibilityDpi Exception: android.provider.Settings$SettingNotFoundException: display_density_forced
09-16 20:32:03.967  5422  5422 D RegionSamplingHelper: unregister CompsitionSamplingListener
09-16 20:32:03.968  3365  3528 D MiuiFreeformModeAvoidAlgorithm: getCurrMiniPos: SameSideMiniPosList: []
09-16 20:32:03.968  3365  3528 D MiuiFreeformModeAvoidAlgorithm: getCurrMiniPos: SameSideMiniPosList: []
09-16 20:32:03.968  3365  3528 D MiuiFreeformModeAvoidAlgorithm: end autoOrderingAvoidMiniTask res:AvoidResult{distance=0, combination={}, activeTaskPos=Rect(0, 0 - 0, 0)}
09-16 20:32:03.968  3365  3528 D MultiTaskingDisplayInfo:  onDisplayChanging: displayId: 0 fromRotation: 0 toRotation: 1
09-16 20:32:03.969  3365  3528 D SoScStageCoordinator: onDisplayChange fromRotation:0 toRotation:1 newDisplayAreaInfo:null
09-16 20:32:03.969  3365  3528 D WindowManagerShell: PipTaskOrganizer: Skip onMovementBoundsChanged on rotation change InSwipePipToHomeTransition=false mWaitForFixedRotation=true getTransitionState=0
09-16 20:32:03.969  3402  3402 E AwesomeClockCompat: compatClock errorjava.lang.NumberFormatException: For input string: ""
09-16 20:32:03.970  3365  3528 D WindowManagerShell: onFixedRotationFinished: null, state=PipTransitionState(mState=undefined, mInSwipePipToHomeTransition=false)
09-16 20:32:03.970  3402  3402 W ScreenElementRoot: set scale: 0.84444445
09-16 20:32:03.970  3365  3528 D MiuiFreeformModeDisplayInfo: onFixedRotationFinished
09-16 20:32:03.970  3365  3528 D MulWinSwitchDecorViewModel: onFixedRotationFinished: displayId=0
09-16 20:32:03.970  3365  3365 I MiuiScreenDecorations: onConfigChanged: {0.9 208mcc20mnc [fr_FR] ldltr sw393dp w873dp h393dp 440dpi nrml long land uimode=12 finger -keyb/v/h -nav/h winConfig={ mBounds=Rect(0, 0 - 2400, 1080) mAppBounds=Rect(0, 0 - 2400, 1080) mMaxBounds=Rect(0, 0 - 2400, 1080) mDisplayRotation=ROTATION_90 mWindowingMode=fullscreen mActivityType=undefined mAlwaysOnTop=undefined mRotation=ROTATION_90 mInSplitScreen=false letterBoxed=false foScaled=false isSpecificEmbedded=false screenType=0} s.7252 fontWeightAdjustment=0/d themeChanged=0 themeChangedFlags=0 extraData = Bundle[{}] screenType=0/0}
09-16 20:32:03.970  3402  3402 W ScreenElementRoot: set scale: 0.9166667
09-16 20:32:03.971  3365  3528 W libc    : Access denied finding property "qemu.hw.mainkeys"
09-16 20:32:03.971  3402  3402 W ScreenElementRoot: set scale: 0.9166667
09-16 20:32:03.971  3365  3528 D MultiTaskingDisplayInfo:  onDisplayConfigurationChanged: displayId: 0 newConfig: {0.9 208mcc20mnc [fr_FR] ldltr sw393dp w873dp h393dp 440dpi nrml long land uimode=12 finger -keyb/v/h -nav/h winConfig={ mBounds=Rect(0, 0 - 2400, 1080) mAppBounds=Rect(0, 0 - 2400, 1080) mMaxBounds=Rect(0, 0 - 2400, 1080) mDisplayRotation=ROTATION_90 mWindowingMode=fullscreen mActivityType=undefined mAlwaysOnTop=undefined mRotation=ROTATION_90 mInSplitScreen=false letterBoxed=false foScaled=false isSpecificEmbedded=false screenType=0} s.7209 fontWeightAdjustment=0/d themeChanged=0 themeChangedFlags=0 extraData = Bundle[{}] screenType=0/0}
09-16 20:32:03.971  3402  3402 W ScreenElementRoot: set scale: 0.9166667
09-16 20:32:03.964  3365  3365 W wmshell.main: type=1400 audit(0.0:14175): avc:  denied  { read } for  name="u:object_r:qemu_hw_prop:s0" dev="tmpfs" ino=337 scontext=u:r:system_app:s0 tcontext=u:object_r:qemu_hw_prop:s0 tclass=file permissive=0
09-16 20:32:03.972  3402  3402 W ScreenElementRoot: set scale: 0.9166667
09-16 20:32:03.972  3402  3402 D Launcher.application: onConfigurationChanged , sw = 393  , isInFoldDeviceLargeScreen= false  , isInFoldLargeScreenfalse
09-16 20:32:03.972  3402  3402 D TouchInteractionService: onConfigurationChanged
09-16 20:32:03.972  3402  3402 D TouchInteractionService: preloadOverview: mIsUserUnlocked=true
09-16 20:32:03.972  2400  2494 D WindowManager: Set transition=TransitionRecord{57fe4c3 id=312 type=CHANGE flags=0x0}, ready=false, SyncId=312 used=false, override=false, defer=0, states=
09-16 20:32:03.972  1327  1538 I BpBinder: onLastStrongRef automatically unlinking death recipients: 
09-16 20:32:03.973  3402  3402 D NavStubView: onConfigurationChanged: orientationChange = true screenSizeChange = true smallestScreenSizeChange = false densitySizeChange = false
09-16 20:32:03.973  3365  3365 D MiuiShortcut-ShortcutPluginImpl: onSystemUIAction, action: onConfigChanged, newConfig={0.9 208mcc20mnc [fr_FR] ldltr sw393dp w873dp h393dp 440dpi nrml long land uimode=12 finger -keyb/v/h -nav/h winConfig={ mBounds=Rect(0, 0 - 2400, 1080) mAppBounds=Rect(0, 0 - 2400, 1080) mMaxBounds=Rect(0, 0 - 2400, 1080) mDisplayRotation=ROTATION_90 mWindowingMode=fullscreen mActivityType=undefined mAlwaysOnTop=undefined mRotation=ROTATION_90 mInSplitScreen=false letterBoxed=false foScaled=false isSpecificEmbedded=false screenType=0} s.7252 fontWeightAdjustment=0/d themeChanged=0 themeChangedFlags=0 extraData = Bundle[{}] screenType=0/0}
09-16 20:32:03.973  3365  3365 I MiuiShortcut-MiuiShortcutManager: onConfigurationChanged changeFlag=536872064
09-16 20:32:03.973  2400  2494 D WindowManager: Set transition=TransitionRecord{57fe4c3 id=312 type=CHANGE flags=0x0}, ready=true, SyncId=312 
09-16 20:32:03.973  3365  3365 I MiuiShortcut-BaseShortcutAnimView: onConfigurationChanged, orientationChanged=true, smallWidthChanged=false
09-16 20:32:03.973  3365  3365 I MiuiShortcut-BaseShortcutAnimView: updateSizeForScreenSizeChange, screenWidth=2400, screenHeight=1080
09-16 20:32:03.973  3365  3365 D MiuiShortcut-BaseShortcutAnimView: reset, from=smallWidthChanged|orientationChanged
09-16 20:32:03.973  3365  3365 I MiuiShortcut-BaseShortcutAnimController: onConfigurationChanged, orientationChanged=true, smallWidthChanged=false
09-16 20:32:03.974  3402  3402 D Launcher.DeviceConfig: updateProfileOnSpecialFDevice: isSpecialDevice = false isInSFDeviceExpandedMode = true
09-16 20:32:03.974  3402  3402 D Launcher.DeviceConfig: java.lang.RuntimeException
09-16 20:32:03.974  3402  3402 D Launcher.DeviceConfig: 	at com.miui.home.launcher.DeviceConfig.updateProfileOnSpecialFDevice(DeviceConfig.java:530)
09-16 20:32:03.974  3402  3402 D Launcher.DeviceConfig: 	at com.miui.home.recents.NavStubView.onConfigurationChanged(NavStubView.java:1129)
09-16 20:32:03.974  3402  3402 D Launcher.DeviceConfig: 	at android.view.View.dispatchConfigurationChanged(View.java:17304)
09-16 20:32:03.974  3402  3402 D Launcher.DeviceConfig: 	at android.view.ViewGroup.dispatchConfigurationChanged(ViewGroup.java:1653)
09-16 20:32:03.974  3402  3402 D Launcher.DeviceConfig: 	at android.view.ViewRootImpl.updateConfiguration(ViewRootImpl.java:7399)
09-16 20:32:03.974  3402  3402 D Launcher.DeviceConfig: 	at android.view.ViewRootImpl.performConfigurationChange(ViewRootImpl.java:7363)
09-16 20:32:03.974  3402  3402 D Launcher.DeviceConfig: 	at android.view.ViewRootImpl.handleResized(ViewRootImpl.java:2742)
09-16 20:32:03.974  3402  3402 D Launcher.DeviceConfig: 	at android.view.ViewRootImpl.-$$Nest$mhandleResized(Unknown Source:0)
09-16 20:32:03.974  3402  3402 D Launcher.DeviceConfig: 	at android.view.ViewRootImpl$W.resized(ViewRootImpl.java:12678)
09-16 20:32:03.974  3402  3402 D Launcher.DeviceConfig: 	at android.app.servertransaction.WindowStateResizeItem.execute(WindowStateResizeItem.java:64)
09-16 20:32:03.974  3402  3402 D Launcher.DeviceConfig: 	at android.app.servertransaction.WindowStateTransactionItem.execute(WindowStateTransactionItem.java:59)
09-16 20:32:03.974  3402  3402 D Launcher.DeviceConfig: 	at android.app.servertransaction.TransactionExecutor.executeNonLifecycleItem(TransactionExecutor.java:186)
09-16 20:32:03.974  3402  3402 D Launcher.DeviceConfig: 	at android.app.servertransaction.TransactionExecutor.executeTransactionItems(TransactionExecutor.java:112)
09-16 20:32:03.974  3402  3402 D Launcher.DeviceConfig: 	at android.app.servertransaction.TransactionExecutor.execute(TransactionExecutor.java:84)
09-16 20:32:03.974  3402  3402 D Launcher.DeviceConfig: 	at android.app.ActivityThread$H.handleMessage(ActivityThread.java:2881)
09-16 20:32:03.974  3402  3402 D Launcher.DeviceConfig: 	at android.os.Handler.dispatchMessage(Handler.java:107)
09-16 20:32:03.974  3402  3402 D Launcher.DeviceConfig: 	at android.os.Looper.loopOnce(Looper.java:249)
09-16 20:32:03.974  3402  3402 D Launcher.DeviceConfig: 	at android.os.Looper.loop(Looper.java:337)
09-16 20:32:03.974  3402  3402 D Launcher.DeviceConfig: 	at android.app.ActivityThread.main(ActivityThread.java:9593)
09-16 20:32:03.974  3402  3402 D Launcher.DeviceConfig: 	at java.lang.reflect.Method.invoke(Native Method)
09-16 20:32:03.974  3402  3402 D Launcher.DeviceConfig: 	at com.android.internal.os.RuntimeInit$MethodAndArgsCaller.run(RuntimeInit.java:593)
09-16 20:32:03.974  3402  3402 D Launcher.DeviceConfig: 	at com.android.internal.os.ZygoteInit.main(ZygoteInit.java:936)
09-16 20:32:03.974  3402  3402 W NavStubView: getHotSpaceHeight   heightDP=20.5   density=2.75   heightPX=56
09-16 20:32:03.975  3402  3402 D NavStubView: isLandScapeActually: orientation = 2
09-16 20:32:03.975  3402  3402 I SmallWindowCrop: updateConfiguration: mLastCropStatus = -1; isInit() = false
09-16 20:32:03.975  3402  3402 D VRI[GestureStub]: vri.reportNextDraw android.view.ViewRootImpl.handleResized:2769 android.view.ViewRootImpl.-$$Nest$mhandleResized:0 android.view.ViewRootImpl$W.resized:12678 android.app.servertransaction.WindowStateResizeItem.execute:64 android.app.servertransaction.WindowStateTransactionItem.execute:59 
09-16 20:32:03.975  1168 20595 I vendor.qti.bluetooth@1.0-ibs_handler: ProcessIbsCmd: Received IBS_WAKE_IND: 0xFD
09-16 20:32:03.975  1168 20595 I vendor.qti.bluetooth@1.0-ibs_handler: ProcessIbsCmd: Writing IBS_WAKE_ACK
09-16 20:32:03.976  2400  2494 I BLASTSyncEngine: SyncGroup 312:  Unfinished container:WindowToken{7f762a1 type=2024 android.os.BinderProxy@cf45b08}
09-16 20:32:03.976  2400  2494 I BLASTSyncEngine: isActivitySyncFinished isSyncFinished false WindowToken{7f762a1 type=2024 android.os.BinderProxy@cf45b08}
09-16 20:32:03.977  1327  1327 I BpBinder: onLastStrongRef automatically unlinking death recipients: 
09-16 20:32:03.977  3402  3574 W GestureStubView_Left: onConfigurationChanged, changes=20000480
09-16 20:32:03.977  3402  3574 W GestureStubView_Left: adaptRotation   currentRotation=1   mRotation=0
09-16 20:32:03.977  3402  3574 D GestureStubView_Left: mNotchRect=Rect(0, 512 - 94, 568)
09-16 20:32:03.977  3402  3574 D GesturesBackController: setGestureEdgeWidth, gestureEdgeLeft=62, gestureEdgeRight=1018
09-16 20:32:03.977  5422  5422 I DockWindowManager: clearSidebarBounds: [{"l":1072,"t":969,"r":1080,"b":1151}]
09-16 20:32:03.977  3402  3574 E GestureStubView_Left: rotateGesture---requestApplyInsets
09-16 20:32:03.978  3402  3574 D GestureBackArrowView_Left: onConfigurationChanged, changes=20000480
09-16 20:32:03.978  7350  7350 I bmkt    : (REDACTED) onApplyWindowInsets: systemWindowInsets=%s
09-16 20:32:03.978  7350  7350 I bmkt    : (REDACTED) onApplyWindowInsets: systemWindowInsets=%s
09-16 20:32:03.978  3402  3574 D VRI[GestureStubLeft]: vri.reportNextDraw android.view.ViewRootImpl.handleResized:2769 android.view.ViewRootImpl.-$$Nest$mhandleResized:0 android.view.ViewRootImpl$ViewRootHandler.handleMessageImpl:7659 android.view.ViewRootImpl$ViewRootHandler.handleMessage:7619 android.os.Handler.dispatchMessage:107 
09-16 20:32:03.978  3365  4160 I MiuiScreenDecorations: updateView: index=BOTTOM
09-16 20:32:03.978  2400  5065 I BLASTSyncEngine: SyncGroup 312:  Unfinished container:WindowToken{7f762a1 type=2024 android.os.BinderProxy@cf45b08}
09-16 20:32:03.978  2400  5065 I BLASTSyncEngine: isActivitySyncFinished isSyncFinished false WindowToken{7f762a1 type=2024 android.os.BinderProxy@cf45b08}
09-16 20:32:03.980  3402  3402 D NavStubView: isLandScapeActually: orientation = 2
09-16 20:32:03.980  3402  3402 D NavStubView: gatherTransparentRegion: need render w:2400  h:56
09-16 20:32:03.980  7362  7362 D AndroidAutoSize: initScaledDensity = 2.475 on ConfigurationChanged
09-16 20:32:03.981  3402  3402 W NavStubView_Touch: onComputeInternalInsets  bounds=Rect(0, 0 - 2400, 56)   mHideGestureLine=true   mIsShowNavBar=true   mKeepHidden=false   mDisableTouch=false   mUseEmptyTouchableRegion=false
09-16 20:32:03.981  3402  3402 D NavStubView: Hot Area Rect: Rect(850, 1024 - 1550, 1080)
09-16 20:32:03.981  3402  3402 W NavStubView_Touch:   onComputeInternalInsets  path.addRect: NavStubTraggeRange=NavStubTraggeRange{mLeftRange=RectF(0.0, 0.0, 0.0, 0.0), mCenterRange=RectF(0.0, 0.0, 2400.0, 56.0), mRightRange=RectF(0.0, 0.0, 0.0, 0.0)}
09-16 20:32:03.981  2400  2433 W UserManagerService: Requested status bar icon for non-badged user 0
09-16 20:32:03.981  3402  3402 D VRI[GestureStub]: vri.reportNextDraw android.view.ViewRootImpl.performTraversals:4923 android.view.ViewRootImpl.doTraversal:3553 android.view.ViewRootImpl$TraversalRunnable.run:11520 android.view.Choreographer$CallbackRecord.run:1730 android.view.Choreographer$CallbackRecord.run:1739 
09-16 20:32:03.981  3402  3402 D VRI[GestureStub]: vri.Setup new sync=wmsSync-VRI[GestureStub]#30
09-16 20:32:03.983  7362  7362 D AutoDensity: getAccessibilityDpi Exception: android.provider.Settings$SettingNotFoundException: display_density_forced
09-16 20:32:03.984  3365  3528 D MiuiFreeformModeController: avoidForInsetsBottomChangedIfNeed newMovableBottom: 1036
09-16 20:32:03.984  3365  3528 D MiuiFreeformModeCornerTipHandler: task#208 onTaskVanished
09-16 20:32:03.984  3365  3528 I MiuiBubbleController: removeBubble: 208 reason=2
09-16 20:32:03.984  3365  3528 I MultiTaskingTaskRepository: onTaskInfoChanged multi list = [5, 4], full = [208]
09-16 20:32:03.984  3365  4160 I MiuiScreenDecorations: updateView: index=BOTTOM
09-16 20:32:03.985  3059  3059 I MiuiWallpaper-ImageWallpaper: onConfigurationChanged
09-16 20:32:03.985  3402  3574 W GestureStubView_Right: onConfigurationChanged, changes=20000480
09-16 20:32:03.985  1327  1327 E MI-SF   : MiSurfaceFlingerImpl.cpp.vsyncId=3974223, oldVsyncId=3974179, layerName=Display 0 name="cran intgr"#43
09-16 20:32:03.985  1327  1327 E MI-SF   : MiSurfaceFlingerImpl.cpp.vsyncId=3974223, mIsContainTask1=0, mIsContainTaskOther=0
09-16 20:32:03.985  1327  1327 E MI-SF   : MiSurfaceFlingerImpl.cpp.vsyncId=3974223, oldVsyncId=3974223, layerName=e59a155 DockAssistantView#6019
09-16 20:32:03.985  1327  1327 E MI-SF   : MiSurfaceFlingerImpl.cpp.vsyncId=3974223, mIsContainTask1=0, mIsContainTaskOther=0
09-16 20:32:03.985  1327  1327 E MI-SF   : MiSurfaceFlingerImpl.cpp.vsyncId=3974223, oldVsyncId=3974223, layerName=1556122 DockAssistantView#6023
09-16 20:32:03.985  1327  1327 E MI-SF   : MiSurfaceFlingerImpl.cpp.vsyncId=3974223, mIsContainTask1=0, mIsContainTaskOther=0
09-16 20:32:03.985  1327  1327 E MI-SF   : MiSurfaceFlingerImpl.cpp.vsyncId=3974223, oldVsyncId=3974223, layerName=ActivityRecord{1e84d0a u0 com.hzc23.nonocontroller/.MainActivity t208}#6029
09-16 20:32:03.985  1327  1327 E MI-SF   : MiSurfaceFlingerImpl.cpp.vsyncId=3974223, mIsContainTask1=0, mIsContainTaskOther=0
09-16 20:32:03.985  1327  1327 E MI-SF   : MiSurfaceFlingerImpl.cpp.vsyncId=3974223, oldVsyncId=3974223, layerName=d0afd41 DockAssistantView#6021
09-16 20:32:03.985  1327  1327 E MI-SF   : MiSurfaceFlingerImpl.cpp.vsyncId=3974223, mIsContainTask1=0, mIsContainTaskOther=0
09-16 20:32:03.985  1327  1327 E MI-SF   : MiSurfaceFlingerImpl.cpp.vsyncId=3974223, oldVsyncId=3974223, layerName=9e81d9f GestureStub#73
09-16 20:32:03.985  1327  1327 E MI-SF   : MiSurfaceFlingerImpl.cpp.vsyncId=3974223, mIsContainTask1=0, mIsContainTaskOther=0
09-16 20:32:03.985  1327  1327 E MI-SF   : MiSurfaceFlingerImpl.cpp.vsyncId=3974223, oldVsyncId=3974223, layerName=d644119 GestureStubRight#70
09-16 20:32:03.985  1327  1327 E MI-SF   : MiSurfaceFlingerImpl.cpp.vsyncId=3974223, mIsContainTask1=0, mIsContainTaskOther=0
09-16 20:32:03.985  1327  1327 E MI-SF   : MiSurfaceFlingerImpl.cpp.vsyncId=3974223, oldVsyncId=3974223, layerName=RoundCornerTop#101
09-16 20:32:03.985  1327  1327 E MI-SF   : MiSurfaceFlingerImpl.cpp.vsyncId=3974223, mIsContainTask1=0, mIsContainTaskOther=0
09-16 20:32:03.985  1327  1327 E MI-SF   : MiSurfaceFlingerImpl.cpp.vsyncId=3974223, oldVsyncId=3974223, layerName=7b82844 DockAssistantView#6017
09-16 20:32:03.985  1327  1327 E MI-SF   : MiSurfaceFlingerImpl.cpp.vsyncId=3974223, mIsContainTask1=0, mIsContainTaskOther=0
