09-17 07:17:43.468  3365  3365 I NoBackGesture: NavbarController: newConfig={0.9 208mcc20mnc [fr_FR] ldltr sw393dp w873dp h393dp 440dpi nrml long land uimode=12 finger qwerty/v/v dpad/v winConfig={ mBounds=Rect(0, 0 - 2400, 1080) mAppBounds=Rect(0, 0 - 2400, 1080) mMaxBounds=Rect(0, 0 - 2400, 1080) mDisplayRotation=ROTATION_90 mWindowingMode=fullscreen mActivityType=undefined mAlwaysOnTop=undefined mRotation=ROTATION_90 mInSplitScreen=false letterBoxed=false foScaled=false isSpecificEmbedded=false screenType=0} s.9116 fontWeightAdjustment=0/d themeChanged=0 themeChangedFlags=0 extraData = Bundle[{}] screenType=0/0} mTaskbarDelegate initialized=false willApplyConfigToNavbars=false navBarCount=0
09-17 07:17:43.469 15238 18286 E app_process: Failed to get interface:vendor.xiaomi.hardware.videoservice.IVideoService/default
09-17 07:17:43.469 15238 18286 D app_process: VideoServiceClientImpl::reportCodecStatus
09-17 07:17:43.469  3365  3365 I MiuiScreenDecorations: onConfigChanged: {0.9 208mcc20mnc [fr_FR] ldltr sw393dp w873dp h393dp 440dpi nrml long land uimode=12 finger qwerty/v/v dpad/v winConfig={ mBounds=Rect(0, 0 - 2400, 1080) mAppBounds=Rect(0, 0 - 2400, 1080) mMaxBounds=Rect(0, 0 - 2400, 1080) mDisplayRotation=ROTATION_90 mWindowingMode=fullscreen mActivityType=undefined mAlwaysOnTop=undefined mRotation=ROTATION_90 mInSplitScreen=false letterBoxed=false foScaled=false isSpecificEmbedded=false screenType=0} s.9116 fontWeightAdjustment=0/d themeChanged=0 themeChangedFlags=0 extraData = Bundle[{}] screenType=0/0}
09-17 07:17:43.470  2400  8078 I ATMSImpl: cacheTasksForDefaultDisplay size=2
09-17 07:17:43.471  3365  3365 W ConstraintSet: id unknown normal_flip_privacy_container
09-17 07:17:43.471  3365  4160 I MiuiScreenDecorations: updateView: index=BOTTOM
09-17 07:17:43.471  2400  2659 I InputReader: Reconfiguring input devices, changes=DISPLAY_INFO
09-17 07:17:43.471  3365  3365 D CombinedHeaderController: onSwitchProgressChanged: progress = 1.0
09-17 07:17:43.472 15238 18285 I MediaCodec: [mId: 3] [video-debug-enc] setState: INITIALIZED
09-17 07:17:43.472 18364 19265 D CacheViewHelper: preLoadView
09-17 07:17:43.472 15238 18285 I MediaCodec: [mId: 3] [video-debug-enc] setState: RELEASING
09-17 07:17:43.473  2400  6990 D SymlinkUtils: attachApplication file op go pass: 1 ms
09-17 07:17:43.473  1319 29555 D AudioFlingerImpl: setGameParameters keyvalue: screen_state=on
09-17 07:17:43.473  2400  6990 I SmartPower: com.android.vending/10155(19248): died->background(20176ms) R(process start ) adj=-10000.
09-17 07:17:43.473 23329 28942 E GmsCoreLogger: Missing account for FACET_USAGE_GAIA_UNSAMPLED [CONTEXT service_id=299 ]
09-17 07:17:43.474  1165  4909 D AHAL: AudioDeviceCustom: SetParameters: 17: Enter: kvpairs is screen_state=on
09-17 07:17:43.474  1165  4909 D AHAL: AudioDevice: SetParameters: 1391: enter: screen_state=on
09-17 07:17:43.474  1165  4909 D AHAL: AudioVoice: VoiceSetParameters: 89: Enter params: screen_state=on
09-17 07:17:43.474  1165  4909 D AHAL: AudioVoice: VoiceSetParameters: 310: Exit ret: 0
09-17 07:17:43.474  1165  4909 D AHAL: hfp: hfp_set_parameters: 510: enter
09-17 07:17:43.474  1165  4909 D AHAL: FM: fm_set_parameters: 262: Enter
09-17 07:17:43.474  1165  4909 D AHAL: FM: fm_set_parameters: 320: exit
09-17 07:17:43.474  1165  4909 D AHAL: Loopback_karaoke: karaoke_set_parameters: 404: Enter
09-17 07:17:43.474  1165  4909 D AHAL: Loopback_karaoke: karaoke_set_parameters: 523: Exit
09-17 07:17:43.474  1165  4909 D AHAL: AudioDevice: SetParameters: 1432:  - screen = on
09-17 07:17:43.474  1165  4909 I PAL: ResourceManager: setParameter: 8408: Screen State:1
09-17 07:17:43.474  1165  4909 D AHAL: AudioDevice: SetParameters: 1959: exit: screen_state=on
09-17 07:17:43.474  3365  4160 I MiuiScreenDecorations: updateView: index=BOTTOM
09-17 07:17:43.474  1165  4909 D r_submix: adev_set_parameters() kvpairs='screen_state=on'
09-17 07:17:43.475  1319 29555 D AudioFlingerImpl: setGameParameters keyvalue: rotation=90
09-17 07:17:43.475  1165  4909 D AHAL: AudioDeviceCustom: SetParameters: 17: Enter: kvpairs is rotation=90
09-17 07:17:43.475  1165  4909 D AHAL: AudioDevice: SetParameters: 1391: enter: rotation=90
09-17 07:17:43.475  1165  4909 D AHAL: AudioVoice: VoiceSetParameters: 89: Enter params: rotation=90
09-17 07:17:43.475  1165  4909 D AHAL: AudioVoice: VoiceSetParameters: 310: Exit ret: 0
09-17 07:17:43.475  1165  4909 D AHAL: hfp: hfp_set_parameters: 510: enter
09-17 07:17:43.475  1165  4909 D AHAL: FM: fm_set_parameters: 262: Enter
09-17 07:17:43.475  1165  4909 D AHAL: FM: fm_set_parameters: 320: exit
09-17 07:17:43.475  1165  4909 D AHAL: Loopback_karaoke: karaoke_set_parameters: 404: Enter
09-17 07:17:43.475  1165  4909 D AHAL: Loopback_karaoke: karaoke_set_parameters: 523: Exit
09-17 07:17:43.475  1165  4909 D AHAL: AudioDevice: SetParameters: 1959: exit: rotation=90
09-17 07:17:43.476  1165 12958 D r_submix: adev_set_parameters() kvpairs='rotation=90'
09-17 07:17:43.476 15238 18285 I MediaCodec: [mId: 3] [video-debug-enc] setState: UNINITIALIZED
09-17 07:17:43.476 15238 19266 I hw-BpHwBinder: onLastStrongRef automatically unlinking death recipients
09-17 07:17:43.477 18351 18351 D AutoDensity: 	getAccessibilityDpi Exception: android.provider.Settings$SettingNotFoundException: display_density_forced
09-17 07:17:43.477 18351 18351 I DockWindowManagerService: onDisplayChanged:4	last_ori=-1	cur_ori=90	dpi=440	uimode=28
09-17 07:17:43.478 18351 18351 D DockWindowManager: removePanelFloatViewWithOutAnimation: main 
09-17 07:17:43.478 18351 18351 I GTGuideManager: removeGtView: null
09-17 07:17:43.478 18351 18351 D DockWindowManager: removePanelFloatViewWithOutAnimation: assistant 
09-17 07:17:43.478 18351 18351 I GTGuideManager: removeGtView: null
09-17 07:17:43.478 18351 18351 I DockWindowManager: removeSidebar:false false DockWindowManager = j8.k@9fecac0
09-17 07:17:43.478 18351 18351 I RegionSamplingImageView: stopRegionSampling
09-17 07:17:43.478  1327  2544 I BpBinder: onLastStrongRef automatically unlinking death recipients: 
09-17 07:17:43.479  2400  3571 I ATMSImpl: cacheTasksForDefaultDisplay size=2
09-17 07:17:43.480  1780 21612 I BatteryNotifier: noteStopVideo: the video refcount for uid(2000) clientName(com.android.shell) is 0.
09-17 07:17:43.481  3402  3804 D RecentsModel: getRunningTask ignoreActivityType : 2 ,ignoreWindowMode:5
09-17 07:17:43.481 15238 18285 I MediaCodec: MediaStub sendHdrInfo/sendFrameRateFloatCal/updateFrcAieAisState
09-17 07:17:43.481 15238 18285 D MediaImpl: FRC not support: valueSupport : 
09-17 07:17:43.481 15238 18285 D MediaImpl: AIE not support: valueSupport : 
09-17 07:17:43.481 15238 18285 D MediaImpl: AIS not support: valueSupport : 
09-17 07:17:43.481 15238 18285 I MediaCodec: MediaStub sendVideoPlayData
09-17 07:17:43.481 15238 18285 D MediaImpl: sendVideoPlayData, start
09-17 07:17:43.481 15238 18285 D MediaImpl: MediaImpl::sendVideoPlayData::mediacodec_mime : video/x-vnd.on2.vp8
09-17 07:17:43.481 15238 18285 D MediaImpl: MediaImpl::sendVideoPlayData::mediacodec_packgeName : com.android.shell
09-17 07:17:43.481 15238 18285 D MediaImpl: MediaImpl::sendVideoPlayData::mine : video/x-vnd.on2.vp8
09-17 07:17:43.481 15238 18285 D MediaImpl: MediaImpl::sendVideoPlayData::packgeName : com.android.shell
09-17 07:17:43.481 15238 18285 E send_data_to_xlog: send_video_play_to_xlog, start
09-17 07:17:43.481 15238 18285 D send_data_to_xlog: send_video_play_to_xlog::mine : video/x-vnd.on2.vp8
09-17 07:17:43.481 15238 18285 D send_data_to_xlog: send_video_play_to_xlog::packgeName : com.android.shell
09-17 07:17:43.481 15238 18285 V xlog_client:  xlog_send  msg_id: 13
09-17 07:17:43.481 15238 18285 V xlog_client:  xlog_send 
09-17 07:17:43.481  3402  3804 W RecentsModel: getRunningTask   taskInfo=TaskInfo{userId=0 taskId=234 displayId=0 isRunning=true baseIntent=Intent { act=android.intent.action.MAIN cat=[android.intent.category.LAUNCHER] flg=0x10200000 cmp=com.hzc23.nonocontroller/.MainActivity } baseActivity=ComponentInfo{com.hzc23.nonocontroller/com.hzc23.nonocontroller.MainActivity} topActivity=ComponentInfo{com.hzc23.nonocontroller/com.hzc23.nonocontroller.MainActivity} origActivity=null realActivity=ComponentInfo{com.hzc23.nonocontroller/com.hzc23.nonocontroller.MainActivity} numActivities=1 lastActiveTime=52144552 supportsSplitScreenMultiWindow=true supportsMultiWindow=true resizeMode=1 isResizeable=true minWidth=-1 minHeight=-1 defaultMinSize=200 token=WCT{android.window.IWindowContainerToken$Stub$Proxy@8b887b9} topActivityType=1 pictureInPictureParams=null shouldDockBigOverlays=false launchIntoPipHostTaskId=-1 lastParentTaskIdBeforePip=-1 displayCutoutSafeInsets=null topActivityInfo=ActivityInfo{20257fe com.hzc23.nonocontroller.MainActivity} launchCookies=[] positionInParent=Point(0, 0) parentTaskId=-1 isFocused=false isVisible=true isVisibleRequested=true isSleeping=false locusId=null displayAreaFeatureId=1 isTopActivityTransparent=false appCompatTaskInfo=AppCompatTaskInfo { topActivityInSizeCompat=false topActivityInMiuiSizeCompat=false topActivityEligibleForLetterboxEducation= falseisLetterboxEducationEnabled= false isLetterboxDoubleTapEnabled= false topActivityEligibleForUserAspectRatioButton= false topActivityBoundsLetterboxed= false isFromLetterboxDoubleTap= false topActivityLetterboxVerticalPosition= -1 topActivityLetterboxHorizontalPosition= -1 topActivityLetterboxWidth=2400 topActivityLetterboxHeight=1080 isUserFullscreenOverrideEnabled=false isSystemFullscreenOverrideEnabled=false cameraCompatTaskInfo=CameraCompatTaskInfo { cameraCompatControlState=hidden freeformCameraCompatMode=inactive}} isImmersive=false mTopActivityRequestOrientation=0 mBehindAppLockPkg=null mOriginatingUid=0 isEmbedded=false shouldBeVisible=true mIsCastMode=false mTopActivityMediaSize=null mTopActivityRecordName=ActivityRecord{b75121e u0 com.hzc23.nonocontroller/.MainActivity t234} mTopActivityOrientation=0}
09-17 07:17:43.481 15238 18285 D xlog_client: xlog_open: Error in open xlog
09-17 07:17:43.481 15238 18285 E xlog_client: xlog open fail
09-17 07:17:43.481 15238 18285 D xlog_client: xlog_format_msg: send msg 13
09-17 07:17:43.481  3402  3804 D RecentsModel: preloadRecents runningTaskId:234, mCurrentRunningTaskId:-1, mRecentsTaskLoadPlan=com.android.systemui.shared.recents.model.RecentsTaskLoadPlan@e430b5f
09-17 07:17:43.482  3365  4156 D MiuiGxzwAnimView: onDisplayChanged: oldState = 2, newState = 2
09-17 07:17:43.482  1835  3097 I hw-BpHwBinder: onLastStrongRef automatically unlinking death recipients
09-17 07:17:43.482 15238 18285 D app_process: EventReporter , EventReporter init failed
09-17 07:17:43.482  1327  1327 E MI-SF   : MiSurfaceFlingerImpl.cpp.vsyncId=17028192, oldVsyncId=17028125, layerName=Display 0 name="cran intgr"#43
09-17 07:17:43.482 15238 18285 E xlog_client: _xlog_write_flat_msg:fail to  send msg {"name":"video_play","audio_event":{"video_play_framerate":"60","video_play_hdr":"0","video_play_width_height":"576_1280","video_play_framratecal":"-1","video_play_frc":"-1","video_play_aie":"-1","video_play_ais":"-1","video_play_dolbyvision":"-1", "video_play_codecdomain":"1", "video_play_durationsec":"22","video_play_codec":"video/x-vnd.on2.vp8", "video_play_app":"com.android.shell"},"dgt":"null","audio_ext":"null" }
09-17 07:17:43.482 15238 18285 V xlog_client: xlog_close -1
09-17 07:17:43.482  1327  1327 E MI-SF   : MiSurfaceFlingerImpl.cpp.vsyncId=17028192, mIsContainTask1=0, mIsContainTaskOther=0
09-17 07:17:43.482  1327  1327 E MI-SF   : MiSurfaceFlingerImpl.cpp.vsyncId=17028192, oldVsyncId=17028192, layerName=e2e19b7 DockAssistantView#8611
09-17 07:17:43.482  1327  1327 E MI-SF   : MiSurfaceFlingerImpl.cpp.vsyncId=17028192, mIsContainTask1=0, mIsContainTaskOther=0
09-17 07:17:43.482  1327  1327 E MI-SF   : MiSurfaceFlingerImpl.cpp.vsyncId=17028192, oldVsyncId=17028192, layerName=a868e38 DockAssistantView#8615
09-17 07:17:43.482  1327  1327 E MI-SF   : MiSurfaceFlingerImpl.cpp.vsyncId=17028192, mIsContainTask1=0, mIsContainTaskOther=0
09-17 07:17:43.482  1327  1327 E MI-SF   : MiSurfaceFlingerImpl.cpp.vsyncId=17028192, oldVsyncId=17028192, layerName=ActivityRecord{b75121e u0 com.hzc23.nonocontroller/.MainActivity t234}#8621
09-17 07:17:43.482  1327  1327 E MI-SF   : MiSurfaceFlingerImpl.cpp.vsyncId=17028192, mIsContainTask1=0, mIsContainTaskOther=0
09-17 07:17:43.482  1327  1327 E MI-SF   : MiSurfaceFlingerImpl.cpp.vsyncId=17028192, oldVsyncId=17028192, layerName=2fdb2bb DockAssistantView#8613
09-17 07:17:43.482  1327  1327 E MI-SF   : MiSurfaceFlingerImpl.cpp.vsyncId=17028192, mIsContainTask1=0, mIsContainTaskOther=0
09-17 07:17:43.482  1327  1327 E MI-SF   : MiSurfaceFlingerImpl.cpp.vsyncId=17028192, oldVsyncId=17028192, layerName=9e81d9f GestureStub#73
09-17 07:17:43.482  1327  1327 E MI-SF   : MiSurfaceFlingerImpl.cpp.vsyncId=17028192, mIsContainTask1=0, mIsContainTaskOther=0
09-17 07:17:43.482  1327  1327 E MI-SF   : MiSurfaceFlingerImpl.cpp.vsyncId=17028192, oldVsyncId=17028192, layerName=d644119 GestureStubRight#70
09-17 07:17:43.482  1327  1327 E MI-SF   : MiSurfaceFlingerImpl.cpp.vsyncId=17028192, mIsContainTask1=0, mIsContainTaskOther=0
09-17 07:17:43.482  1327  1327 E MI-SF   : MiSurfaceFlingerImpl.cpp.vsyncId=17028192, oldVsyncId=17028192, layerName=32e0c2c DockAssistantView#8609
09-17 07:17:43.482  1327  1327 E MI-SF   : MiSurfaceFlingerImpl.cpp.vsyncId=17028192, mIsContainTask1=0, mIsContainTaskOther=0
09-17 07:17:43.482  7362  7362 D AndroidAutoSize: initScaledDensity = 2.475 on ConfigurationChanged
09-17 07:17:43.483 15238 18285 D app_process: VideoServiceClientImpl::reportCodecStatus
09-17 07:17:43.483 15238 18285 D VideoCodecInfo: [5750055194582843395] ipb: 0 ipd: 0ms ipbd: 0ms maxipi: 0ms
09-17 07:17:43.483 15238 18285 D VideoCodecInfo: [5750055194582843395] opb: 912 opd: 22737ms opbd: 21935ms maxopi: 153ms
09-17 07:17:43.483 15238 18285 D VideoCodecInfo: com.android.shell destroy video codec index: [5750055194582843395] 
09-17 07:17:43.483  3365  3528 D MiuiFreeformModeController: avoidForInsetsBottomChangedIfNeed newMovableBottom: 1036
09-17 07:17:43.484  7362  7362 D AutoDensity: getAccessibilityDpi Exception: android.provider.Settings$SettingNotFoundException: display_density_forced
09-17 07:17:43.484  1327  1327 E SurfaceFlinger: MiSurfaceFlingerStub isAnimationScene
09-17 07:17:43.484  3365  3528 D MiuiFreeformModeCornerTipHandler: task#234 onTaskVanished
09-17 07:17:43.484  3365  3528 I MiuiBubbleController: removeBubble: 234 reason=2
09-17 07:17:43.484  3365  3528 I MultiTaskingTaskRepository: onTaskInfoChanged multi list = [5, 4], full = [234]
09-17 07:17:43.484  3365  3528 I MultiTaskingTaskRepository: needSkip: is home task
09-17 07:17:43.484  3365  3528 I SoScStageTaskListener: onTaskInfoChanged taskInfo isVisible:false id:5 isFocused():false false
09-17 07:17:43.484  3365  3528 D SoScStageCoordinator: Side onSoScStatusChanged visible:false mVisible:false hasChildren:false mHasChildren:false isFocused:false mIsFocused:false mIngoreUpdateSoScVisibility:false mDividerVisible:false mSoScExit:false mIsExiting:false mIsOpenPairs:false mIsSingleOpen:false
09-17 07:17:43.484  3365  3528 D MiuiFreeformModeCornerTipHandler: task#5 onTaskVanished
09-17 07:17:43.484  3365  3528 I MiuiBubbleController: removeBubble: 5 reason=2
09-17 07:17:43.484  3365  3528 I MultiTaskingTaskInfo: before call clearMaskControl task id = 5, CoverLayerController = null, callers=com.android.wm.shell.multitasking.taskmanager.MultiTaskingTaskListener.onTaskInfoChanged:268 com.android.wm.shell.ShellTaskOrganizer.onTaskInfoChanged:145 android.window.TaskOrganizer$1.lambda$onTaskInfoChanged$6:315 android.window.TaskOrganizer$1.$r8$lambda$ymyF3xZeY830CRyp4eBo81WJpe0:0 android.window.TaskOrganizer$1$$ExternalSyntheticLambda6.run:0 
09-17 07:17:43.484  3365  3528 I MultiTaskingTaskRepository: onTaskInfoChanged multi list = [5, 4], full = [234]
09-17 07:17:43.484  3365  3528 I SoScStageTaskListener: onTaskInfoChanged taskInfo isVisible:false id:4 isFocused():false false
09-17 07:17:43.484  3365  3528 D SoScStageCoordinator: Main onSoScStatusChanged visible:false mVisible:false hasChildren:false mHasChildren:false isFocused:false mIsFocused:false mIngoreUpdateSoScVisibility:false mDividerVisible:false mSoScExit:false mIsExiting:false mIsOpenPairs:false mIsSingleOpen:false
09-17 07:17:43.484  3365  3528 D MiuiFreeformModeCornerTipHandler: task#4 onTaskVanished
09-17 07:17:43.484  3365  3528 I MiuiBubbleController: removeBubble: 4 reason=2
09-17 07:17:43.484  3365  3528 I MultiTaskingTaskInfo: before call clearMaskControl task id = 4, CoverLayerController = null, callers=com.android.wm.shell.multitasking.taskmanager.MultiTaskingTaskListener.onTaskInfoChanged:268 com.android.wm.shell.ShellTaskOrganizer.onTaskInfoChanged:145 android.window.TaskOrganizer$1.lambda$onTaskInfoChanged$6:315 android.window.TaskOrganizer$1.$r8$lambda$ymyF3xZeY830CRyp4eBo81WJpe0:0 android.window.TaskOrganizer$1$$ExternalSyntheticLambda6.run:0 
09-17 07:17:43.484  3365  3528 I MultiTaskingTaskRepository: onTaskInfoChanged multi list = [5, 4], full = [234]
09-17 07:17:43.484  1835  3097 I hw-BpHwBinder: onLastStrongRef automatically unlinking death recipients
09-17 07:17:43.485  3365  3528 D SplitLayout: updateConfiguration config:{0.9 208mcc20mnc [fr_FR] ldltr sw393dp w873dp h393dp 440dpi nrml long land uimode=12 finger qwerty/v/v dpad/v winConfig={ mBounds=Rect(0, 0 - 2400, 1080) mAppBounds=Rect(0, 0 - 2400, 1080) mMaxBounds=Rect(0, 0 - 2400, 1080) mDisplayRotation=ROTATION_90 mWindowingMode=fullscreen mActivityType=undefined mAlwaysOnTop=undefined mRotation=ROTATION_90 mInSplitScreen=false letterBoxed=false foScaled=false isSpecificEmbedded=false screenType=0} s.9059 fontWeightAdjustment=0/d themeChanged=0 themeChangedFlags=0 extraData = Bundle[EMPTY_PARCEL] screenType=0/0}
09-17 07:17:43.485  3365  3528 D SplitLayout:  mRootBounds:Rect(0, 0 - 1080, 2400) mBounds1:Rect(0, 0 - 1080, 1188) mBounds2:Rect(0, 1212 - 1080, 2400) mRotation:0 mOrientation:1 mDensity:440
09-17 07:17:43.485  3365  3528 D SplitLayout: com.android.wm.shell.sosc.SoScStageCoordinator.onTaskInfoChanged:47 com.android.wm.shell.ShellTaskOrganizer.onTaskInfoChanged:132 android.window.TaskOrganizer$1.lambda$onTaskInfoChanged$6:315 
09-17 07:17:43.485 18351 18351 D RegionSamplingHelper: unregister CompsitionSamplingListener
09-17 07:17:43.485  3402  3402 W Launcher: onDisplayChanged: newRotation=1, mCurrentRotation=0
09-17 07:17:43.485  3402  3402 D RecentsContainer: isNeedSkipTouch=true
09-17 07:17:43.485  3402  3402 D Launcher.ShortcutMenuLayer: isNeedSkipTouch=true
09-17 07:17:43.486  3365  3528 I SoScStageCoordinator: onTaskInfoChanged configChanged:true mFoldedChanged:false visible:false
09-17 07:17:43.486  3365  3528 I SoScStageCoordinator: sendOnBoundsChanged rootBounds:Rect(0, 0 - 2400, 1080) leftOrTopStageBounds:Rect(0, 0 - 1188, 1080) rightOrBottomStageBounds:Rect(1212, 0 - 2400, 1080)
09-17 07:17:43.486  3365  3528 I MultiTaskingTaskRepository: needSkip: is sosc root task
09-17 07:17:43.486  3365  3528 D ShellSplitScreen: onTaskInfoChanged: taskId=8 taskAct=null
09-17 07:17:43.486  3365  3528 I MultiTaskingTaskRepository: other MULTI_WINDOW
09-17 07:17:43.486  2400  3571 I ATMSImpl: cacheTasksForDefaultDisplay size=2
09-17 07:17:43.486  3365  3528 D ShellSplitScreen: onTaskInfoChanged: taskId=7 taskAct=null
09-17 07:17:43.486  3365  3528 I MultiTaskingTaskRepository: other MULTI_WINDOW
09-17 07:17:43.486  3365  3528 D SplitLayout: updateConfiguration config:{0.9 208mcc20mnc [fr_FR] ldltr sw393dp w873dp h393dp 440dpi nrml long land uimode=12 finger qwerty/v/v dpad/v winConfig={ mBounds=Rect(0, 0 - 2400, 1080) mAppBounds=Rect(0, 0 - 2400, 1080) mMaxBounds=Rect(0, 0 - 2400, 1080) mDisplayRotation=ROTATION_90 mWindowingMode=fullscreen mActivityType=undefined mAlwaysOnTop=undefined mRotation=ROTATION_90 mInSplitScreen=false letterBoxed=false foScaled=false isSpecificEmbedded=false screenType=0} s.9059 fontWeightAdjustment=0/d themeChanged=0 themeChangedFlags=0 extraData = Bundle[EMPTY_PARCEL] screenType=0/0}
09-17 07:17:43.486  3365  3528 D SplitLayout:  mRootBounds:Rect(0, 0 - 1080, 2400) mBounds1:Rect(0, 0 - 1080, 1188) mBounds2:Rect(0, 1212 - 1080, 2400) mRotation:0 mOrientation:1 mDensity:440
09-17 07:17:43.486  3365  3528 D SplitLayout: com.android.wm.shell.splitscreen.StageCoordinator.onTaskInfoChanged:30 com.android.wm.shell.ShellTaskOrganizer.onTaskInfoChanged:132 android.window.TaskOrganizer$1.lambda$onTaskInfoChanged$6:315 
09-17 07:17:43.487 15238 15273 E BufferQueueProducer: [GraphicBufferSource](id:3b8600000003,api:1,p:1327,c:15238) dequeueBuffer: BufferQueue has been abandoned
09-17 07:17:43.487  1327  1327 E CompositionEngine: ANativeWindow::dequeueBuffer failed for display [studio.screen.sharing:0] with error: -19
09-17 07:17:43.487  1327  1327 W CompositionEngine: Dequeuing buffer for display [studio.screen.sharing:0] failed, bailing out of client composition for this frame
09-17 07:17:43.487  3365  3528 I MultiTaskingTaskRepository: no MULTI_WINDOW, but base activity is null
09-17 07:17:43.488  3402  3574 W GestureStubView_Left: onDisplayChanged
09-17 07:17:43.488  3402  3574 W GestureStubView_Left: adaptRotation   currentRotation=0   mRotation=0
09-17 07:17:43.488  3402  3574 W GestureStubView_Right: onDisplayChanged
09-17 07:17:43.488  3402  3574 W GestureStubView_Right: adaptRotation   currentRotation=0   mRotation=0
09-17 07:17:43.491  3402  3402 D AutoDensity: 	getAccessibilityDpi Exception: android.provider.Settings$SettingNotFoundException: display_density_forced
09-17 07:17:43.492  2400  6990 D CompatibilityInfo: mCompatibilityFlags - 0
09-17 07:17:43.492  2400  6990 D CompatibilityInfo: applicationDensity - 440
09-17 07:17:43.492  2400  6990 D CompatibilityInfo: applicationScale - 1.0
09-17 07:17:43.492  3402  3402 W ScreenElementRoot: set scale: 0.9166667
09-17 07:17:43.493  3402  3402 W ScreenElementRoot: set scale: 0.9166667
09-17 07:17:43.493  3402  3402 W ScreenElementRoot: set scale: 0.9166667
09-17 07:17:43.495  3402  3402 E AwesomeClockCompat: compatClock errorjava.lang.NumberFormatException: For input string: ""
09-17 07:17:43.495  3402  3402 W ScreenElementRoot: set scale: 0.84444445
09-17 07:17:43.496  3402  3402 D Launcher.application: onConfigurationChanged , sw = 393  , isInFoldDeviceLargeScreen= false  , isInFoldLargeScreenfalse
09-17 07:17:43.496  3402  3402 D TouchInteractionService: onConfigurationChanged
09-17 07:17:43.496  3402  3402 D TouchInteractionService: preloadOverview: mIsUserUnlocked=true
09-17 07:17:43.497  3402  3402 D NavStubView: onConfigurationChanged: orientationChange = true screenSizeChange = true smallestScreenSizeChange = false densitySizeChange = false
09-17 07:17:43.498 20412 20412 D AutoDensity: getAccessibilityDpi Exception: android.provider.Settings$SettingNotFoundException: display_density_forced
09-17 07:17:43.498  3402  3402 D Launcher.DeviceConfig: updateProfileOnSpecialFDevice: isSpecialDevice = false isInSFDeviceExpandedMode = true
09-17 07:17:43.498  3402  3402 D Launcher.DeviceConfig: java.lang.RuntimeException
09-17 07:17:43.498  3402  3402 D Launcher.DeviceConfig: 	at com.miui.home.launcher.DeviceConfig.updateProfileOnSpecialFDevice(DeviceConfig.java:530)
09-17 07:17:43.498  3402  3402 D Launcher.DeviceConfig: 	at com.miui.home.recents.NavStubView.onConfigurationChanged(NavStubView.java:1129)
09-17 07:17:43.498  3402  3402 D Launcher.DeviceConfig: 	at android.view.View.dispatchConfigurationChanged(View.java:17304)
09-17 07:17:43.498  3402  3402 D Launcher.DeviceConfig: 	at android.view.ViewGroup.dispatchConfigurationChanged(ViewGroup.java:1653)
09-17 07:17:43.498  3402  3402 D Launcher.DeviceConfig: 	at android.view.ViewRootImpl.updateConfiguration(ViewRootImpl.java:7399)
09-17 07:17:43.498  3402  3402 D Launcher.DeviceConfig: 	at android.view.ViewRootImpl.performConfigurationChange(ViewRootImpl.java:7363)
09-17 07:17:43.498  3402  3402 D Launcher.DeviceConfig: 	at android.view.ViewRootImpl.handleResized(ViewRootImpl.java:2742)
09-17 07:17:43.498  3402  3402 D Launcher.DeviceConfig: 	at android.view.ViewRootImpl.-$$Nest$mhandleResized(Unknown Source:0)
09-17 07:17:43.498  3402  3402 D Launcher.DeviceConfig: 	at android.view.ViewRootImpl$W.resized(ViewRootImpl.java:12678)
09-17 07:17:43.498  3402  3402 D Launcher.DeviceConfig: 	at android.app.servertransaction.WindowStateResizeItem.execute(WindowStateResizeItem.java:64)
09-17 07:17:43.498  3402  3402 D Launcher.DeviceConfig: 	at android.app.servertransaction.WindowStateTransactionItem.execute(WindowStateTransactionItem.java:59)
09-17 07:17:43.498  3402  3402 D Launcher.DeviceConfig: 	at android.app.servertransaction.TransactionExecutor.executeNonLifecycleItem(TransactionExecutor.java:186)
09-17 07:17:43.498  3402  3402 D Launcher.DeviceConfig: 	at android.app.servertransaction.TransactionExecutor.executeTransactionItems(TransactionExecutor.java:112)
09-17 07:17:43.498  3402  3402 D Launcher.DeviceConfig: 	at android.app.servertransaction.TransactionExecutor.execute(TransactionExecutor.java:84)
09-17 07:17:43.498  3402  3402 D Launcher.DeviceConfig: 	at android.app.ActivityThread$H.handleMessage(ActivityThread.java:2881)
09-17 07:17:43.498  3402  3402 D Launcher.DeviceConfig: 	at android.os.Handler.dispatchMessage(Handler.java:107)
09-17 07:17:43.498  3402  3402 D Launcher.DeviceConfig: 	at android.os.Looper.loopOnce(Looper.java:249)
09-17 07:17:43.498  3402  3402 D Launcher.DeviceConfig: 	at android.os.Looper.loop(Looper.java:337)
09-17 07:17:43.498  3402  3402 D Launcher.DeviceConfig: 	at android.app.ActivityThread.main(ActivityThread.java:9593)
09-17 07:17:43.498  3402  3402 D Launcher.DeviceConfig: 	at java.lang.reflect.Method.invoke(Native Method)
09-17 07:17:43.498  3402  3402 D Launcher.DeviceConfig: 	at com.android.internal.os.RuntimeInit$MethodAndArgsCaller.run(RuntimeInit.java:593)
09-17 07:17:43.498  3402  3402 D Launcher.DeviceConfig: 	at com.android.internal.os.ZygoteInit.main(ZygoteInit.java:936)
09-17 07:17:43.498  3402  3402 W NavStubView: getHotSpaceHeight   heightDP=20.5   density=2.75   heightPX=56
09-17 07:17:43.498  3402  3402 D NavStubView: isLandScapeActually: orientation = 2
09-17 07:17:43.498  3402  3402 I SmallWindowCrop: updateConfiguration: mLastCropStatus = -1; isInit() = false
09-17 07:17:43.498  3402  3402 D VRI[GestureStub]: vri.reportNextDraw android.view.ViewRootImpl.handleResized:2769 android.view.ViewRootImpl.-$$Nest$mhandleResized:0 android.view.ViewRootImpl$W.resized:12678 android.app.servertransaction.WindowStateResizeItem.execute:64 android.app.servertransaction.WindowStateTransactionItem.execute:59 
09-17 07:17:43.499  1327  1327 E MI-SF   : MiSurfaceFlingerImpl.cpp.vsyncId=17028305, oldVsyncId=17028192, layerName=Splash Screen com.hzc23.nonocontroller#8629
09-17 07:17:43.499  1327  1327 E MI-SF   : MiSurfaceFlingerImpl.cpp.vsyncId=17028305, mIsContainTask1=0, mIsContainTaskOther=0
09-17 07:17:43.499  1327  1327 E MI-SF   : MiSurfaceFlingerImpl.cpp.vsyncId=17028305, oldVsyncId=17028305, layerName=StatusBar#115
09-17 07:17:43.499  1327  1327 E MI-SF   : MiSurfaceFlingerImpl.cpp.vsyncId=17028305, mIsContainTask1=0, mIsContainTaskOther=0
09-17 07:17:43.499  1327  1327 E MI-SF   : MiSurfaceFlingerImpl.cpp.vsyncId=17028305, oldVsyncId=17028305, layerName=RoundCornerTop#101
09-17 07:17:43.499  1327  1327 E MI-SF   : MiSurfaceFlingerImpl.cpp.vsyncId=17028305, mIsContainTask1=0, mIsContainTaskOther=0
09-17 07:17:43.499  1327  1327 E MI-SF   : MiSurfaceFlingerImpl.cpp.vsyncId=17028305, oldVsyncId=17028305, layerName=RoundCornerBottom#102
09-17 07:17:43.499  1327  1327 E MI-SF   : MiSurfaceFlingerImpl.cpp.vsyncId=17028305, mIsContainTask1=0, mIsContainTaskOther=0
09-17 07:17:43.499  1327  1327 E MI-SF   : MiSurfaceFlingerImpl.cpp.vsyncId=17028305, oldVsyncId=17028305, layerName=Input Consumer recents_animation_input_consumer#71
09-17 07:17:43.499  1327  1327 E MI-SF   : MiSurfaceFlingerImpl.cpp.vsyncId=17028305, mIsContainTask1=0, mIsContainTaskOther=0
09-17 07:17:43.500  3402  3574 W GestureStubView_Left: onConfigurationChanged, changes=20000480
09-17 07:17:43.500  3402  3574 W GestureStubView_Left: adaptRotation   currentRotation=1   mRotation=0
09-17 07:17:43.500  3402  3574 D GestureStubView_Left: mNotchRect=Rect(0, 512 - 94, 568)
09-17 07:17:43.500  3402  3574 D GesturesBackController: setGestureEdgeWidth, gestureEdgeLeft=62, gestureEdgeRight=1018
09-17 07:17:43.500  3402  3574 E GestureStubView_Left: rotateGesture---requestApplyInsets
09-17 07:17:43.500  3402  3574 D GestureBackArrowView_Left: onConfigurationChanged, changes=20000480
09-17 07:17:43.500  3402  3574 D VRI[GestureStubLeft]: vri.reportNextDraw android.view.ViewRootImpl.handleResized:2769 android.view.ViewRootImpl.-$$Nest$mhandleResized:0 android.view.ViewRootImpl$ViewRootHandler.handleMessageImpl:7659 android.view.ViewRootImpl$ViewRootHandler.handleMessage:7619 android.os.Handler.dispatchMessage:107 
09-17 07:17:43.500  1327  1536 D SurfaceFlinger: destroyVirtualDisplay:display token 0xb400007901ce2650 displayId=11529215047848314397
09-17 07:17:43.500  1327  1536 D MI-SF   : getP3ProjectionScreenSupportStatus: map is empty, studio.screen.sharing:0 status return 0
09-17 07:17:43.500  1327  1536 D MI-SF   : getP3ProjectionScreenSupportStatus: map is empty, unknown status return 0
09-17 07:17:43.500  1327  1536 D MI-SF   : destroyDisplay: displayName:studio.screen.sharing:0
09-17 07:17:43.500  1327  1327 E SurfaceFlinger: MiSurfaceFlingerStub isAnimationScene
09-17 07:17:43.501  2400  8059 D DisplayManagerService: Virtual Display: Display Device released
09-17 07:17:43.501  3402  3574 W GestureStubView_Right: onConfigurationChanged, changes=20000480
09-17 07:17:43.501  2400  8059 I DisplayDeviceRepository: Display device removed: DisplayDeviceInfo{"studio.screen.sharing:0": uniqueId="virtual:com.android.shell,2000,studio.screen.sharing:0,67", 576 x 1280, modeId 128, renderFrameRate 60.0, defaultModeId 128, userPreferredModeId -1, supportedModes [{id=128, width=576, height=1280, fps=60.0, vsync=60.0, synthetic=false, alternativeRefreshRates=[], supportedHdrTypes=[]}], colorMode 0, supportedColorModes [0], hdrCapabilities null, allmSupported false, gameContentTypeSupported false, density 440, 440.0 x 440.0 dpi, appVsyncOff 0, presDeadline 16666666, touch NONE, rotation 0, type VIRTUAL, deviceProductInfo null, state OFF, committedState UNKNOWN, owner com.android.shell (uid 2000), frameRateOverride , brightnessMinimum 0.0, brightnessMaximum 0.0, brightnessDefault 0.0, hdrSdrRatio NaN, FLAG_PRIVATE, installOrientation 0, displayShape DisplayShape{ spec=-151664995 displayWidth=576 displayHeight=1280 physicalPixelDisplaySizeRatio=1.0 rotation=0 offsetX=0 offsetY=0 scale=1.0}}
09-17 07:17:43.501  3402  3574 W GestureStubView_Right: adaptRotation   currentRotation=1   mRotation=0
09-17 07:17:43.501  1168 20595 I vendor.qti.bluetooth@1.0-ibs_handler: ProcessIbsCmd: Received IBS_WAKE_IND: 0xFD
09-17 07:17:43.501  3402  3574 D GestureStubView_Right: mNotchRect=Rect(0, 512 - 94, 568)
09-17 07:17:43.501  1168 20595 D vendor.qti.bluetooth@1.0-ibs_handler: SerialClockVote: vote for UART CLK ON
09-17 07:17:43.501  3402  3574 D GesturesBackController: setGestureEdgeWidth, gestureEdgeLeft=62, gestureEdgeRight=1018
09-17 07:17:43.501  3402  3574 E GestureStubView_Right: rotateGesture---requestApplyInsets
09-17 07:17:43.501  3402  3574 D GestureBackArrowView_Right: onConfigurationChanged, changes=20000480
09-17 07:17:43.501  3402  3804 E ActivityManagerWrapper: get all recent tasks force including 234
09-17 07:17:43.501  3402  3574 D VRI[GestureStubRight]: vri.reportNextDraw android.view.ViewRootImpl.handleResized:2769 android.view.ViewRootImpl.-$$Nest$mhandleResized:0 android.view.ViewRootImpl$ViewRootHandler.handleMessageImpl:7659 android.view.ViewRootImpl$ViewRootHandler.handleMessage:7619 android.os.Handler.dispatchMessage:107 
09-17 07:17:43.502 20412 20615 I BtGatt.ScanManager: msg.what = MSG_SCREEN_ON, msg.arg1 = None
09-17 07:17:43.503 15238 15273 E BufferQueueProducer: [GraphicBufferSource](id:3b8600000003,api:1,p:1327,c:15238) dequeueBuffer: BufferQueue has been abandoned
09-17 07:17:43.503  1327  1327 E CompositionEngine: ANativeWindow::dequeueBuffer failed for display [studio.screen.sharing:0] with error: -19
09-17 07:17:43.503  1327  1327 W CompositionEngine: Dequeuing buffer for display [studio.screen.sharing:0] failed, bailing out of client composition for this frame
09-17 07:17:43.503  2400  4510 W UserManagerService: Requested status bar icon for non-badged user 0
09-17 07:17:43.507  3402  3574 W GestureStubView_Left: onDisplayChanged
09-17 07:17:43.507  3402  3574 W GestureStubView_Left: adaptRotation   currentRotation=1   mRotation=1
09-17 07:17:43.507  3402  3574 W GestureStubView_Right: onDisplayChanged
09-17 07:17:43.507  3402  3574 W GestureStubView_Right: adaptRotation   currentRotation=1   mRotation=1
09-17 07:17:43.508  2400  2495 E ContentRecorder: Timed out waiting for surfaceSize results
09-17 07:17:43.509  2400  2495 I BLASTSyncEngine: SyncGroup 455:  Unfinished container:WindowToken{7f762a1 type=2024 android.os.BinderProxy@cf45b08}
09-17 07:17:43.509  2400  2495 I BLASTSyncEngine: isActivitySyncFinished isSyncFinished false WindowToken{7f762a1 type=2024 android.os.BinderProxy@cf45b08}
09-17 07:17:43.510  1327  1327 E SurfaceFlinger: MiSurfaceFlingerStub isAnimationScene
09-17 07:17:43.511 19248 19259 D MiuiDownscaleImpl: set override inverted scale : 1.0
09-17 07:17:43.512  1327  1327 I MI-SF   : surfaceflinger setAffinity mode=0
09-17 07:17:43.512  1327  1327 E MI-SF   : surfaceflinger setAffinity success
09-17 07:17:43.512  1168 20595 D vendor.qti.bluetooth@1.0-wake_lock: Acquire wakelock is acquired 
09-17 07:17:43.512  1168 20595 I vendor.qti.bluetooth@1.0-ibs_handler: ProcessIbsCmd: Writing IBS_WAKE_ACK
09-17 07:17:43.514  2400  3453 D DisplayManagerService: Virtual Display: creating DisplayDevice with VirtualDisplayAdapter
09-17 07:17:43.515  2400  3453 I DisplayDeviceRepository: Display device added: DisplayDeviceInfo{"studio.screen.sharing:0": uniqueId="virtual:com.android.shell,2000,studio.screen.sharing:0,68", 2400 x 1080, modeId 129, renderFrameRate 60.0, defaultModeId 129, userPreferredModeId -1, supportedModes [{id=129, width=2400, height=1080, fps=60.0, vsync=60.0, synthetic=false, alternativeRefreshRates=[], supportedHdrTypes=[]}], colorMode 0, supportedColorModes [0], hdrCapabilities null, allmSupported false, gameContentTypeSupported false, density 1, 1.0 x 1.0 dpi, appVsyncOff 0, presDeadline 16666666, touch NONE, rotation 0, type VIRTUAL, deviceProductInfo null, state OFF, committedState UNKNOWN, owner com.android.shell (uid 2000), frameRateOverride , brightnessMinimum 0.0, brightnessMaximum 0.0, brightnessDefault 0.0, hdrSdrRatio NaN, FLAG_PRIVATE, installOrientation 0, displayShape DisplayShape{ spec=-1464947851 displayWidth=2400 displayHeight=1080 physicalPixelDisplaySizeRatio=1.0 rotation=0 offsetX=0 offsetY=0 scale=1.0}}
09-17 07:17:43.516  1327  1327 E SurfaceFlinger: MiSurfaceFlingerStub isAnimationScene
09-17 07:17:43.519  2400  3453 I LogicalDisplayMapper: Applying layout: [{dispId: 0(ON), displayGroupName: , addr: {port=129, model=0x40446d2da1489d}, mThermalBrightnessThrottlingMapId: null, mRefreshRateZoneId: null, mLeadDisplayId: -1, mLeadDisplayAddress: null, mThermalRefreshRateThrottlingMapId: null, mPowerThrottlingMapId: null}], Previous layout: [{dispId: 0(ON), displayGroupName: , addr: {port=129, model=0x40446d2da1489d}, mThermalBrightnessThrottlingMapId: null, mRefreshRateZoneId: null, mLeadDisplayId: -1, mLeadDisplayAddress: null, mThermalRefreshRateThrottlingMapId: null, mPowerThrottlingMapId: null}]
09-17 07:17:43.519  2400  3453 I LogicalDisplayMapper: Setting new display group 0 for display 70, from previous group: null
09-17 07:17:43.520  2400  8578 E ContentRecorder: Timed out waiting for surfaceSize results
09-17 07:17:43.522 20412 20602 V BtGatt.ScanHelper: onScanResult() - eventType=0x10, addressType=1, address=0C:02:8B:03:D4:97, primaryPhy=1, secondaryPhy=0, advertisingSid=0xff, txPower=127, rssi=-71, periodicAdvInt=0x0, originalAddress=00:00:00:00:00:00
09-17 07:17:43.522 20412 20602 V BtGatt.ScanHelper: Skipping client: permission=true matches=false
09-17 07:17:43.522 20412 20602 V BtGatt.ScanHelper: Skipping client: permission=true matches=false
09-17 07:17:43.522 20412 20602 V BtGatt.ScanHelper: Skipping client: permission=true matches=false
09-17 07:17:43.523 20412 20602 V BtGatt.ScanHelper: Skipping client: permission=true matches=false
09-17 07:17:43.523 20412 20602 V BtGatt.ScanHelper: onScanResult() - eventType=0x1b, addressType=1, address=56:FF:ED:F4:0D:68, primaryPhy=1, secondaryPhy=0, advertisingSid=0xff, txPower=127, rssi=-90, periodicAdvInt=0x0, originalAddress=00:00:00:00:00:00
09-17 07:17:43.523 20412 20602 V BtGatt.ScanHelper: Skipping client: permission=true matches=false
09-17 07:17:43.523 20412 20602 V BtGatt.ScanHelper: Skipping client: permission=true matches=false
09-17 07:17:43.523 20412 20602 V BtGatt.ScanHelper: Skipping client: permission=true matches=false
09-17 07:17:43.523 20412 20602 V BtGatt.ScanHelper: Skipping client: permission=true matches=false
09-17 07:17:43.527  2400  3453 W BrightnessThrottler: DeviceConfig ThermalBrightnessThrottlingData is null
09-17 07:17:43.530  2400  2539 D BrightnessPowerClamper: Power throttling data is missing for configuration data.
09-17 07:17:43.530  2400  2454 D BrightnessThermalClamper: New thermal throttling status = 0
09-17 07:17:43.531  2400  3453 I DisplayPowerControllerImpl: update animator duration scale to 0.5
09-17 07:17:43.532  2400  3453 E RampRateController: The max nit of the device is not adapted.
09-17 07:17:43.532  2400  3453 E DisplayDeviceConfig: requesting nits when no mapping exists.
09-17 07:17:43.533  2400  3453 E DisplayDeviceConfig: requesting nits when no mapping exists.
09-17 07:17:43.534  2400  3453 W DisplayPowerController2[70]: Screen brightness nits configuration is unavailable; falling back
09-17 07:17:43.536 20412 20602 V BtGatt.ScanHelper: onScanResult() - eventType=0x1b, addressType=0, address=3C:B0:ED:D4:22:43, primaryPhy=1, secondaryPhy=0, advertisingSid=0xff, txPower=127, rssi=-51, periodicAdvInt=0x0, originalAddress=00:00:00:00:00:00
09-17 07:17:43.536 20412 20602 V BtGatt.ScanHelper: Skipping client: permission=true matches=false
09-17 07:17:43.537 20412 20602 V BtGatt.ScanHelper: Skipping client: permission=true matches=false
09-17 07:17:43.537 20412 20602 V BtGatt.ScanHelper: Skipping client: permission=true matches=false
09-17 07:17:43.537 20412 20602 V BtGatt.ScanHelper: Skipping client: permission=true matches=false
09-17 07:17:43.537 20412 20602 D BluetoothRemoteDevices: Update property, device=XX:XX:XX:XX:22:43, type: 1
09-17 07:17:43.537 20412 20602 D BluetoothRemoteDevices: Skip name update for XX:XX:XX:XX:22:43
09-17 07:17:43.537 20412 20602 D BluetoothRemoteDevices: Update property, device=XX:XX:XX:XX:22:43, type: 4
09-17 07:17:43.537 20412 20602 D BluetoothRemoteDevices: Skip class update, device=XX:XX:XX:XX:22:43, cod=0x240704
09-17 07:17:43.537 20412 20602 D BluetoothRemoteDevices: Update property, device=XX:XX:XX:XX:22:43, type: 5
09-17 07:17:43.537 20412 20602 D BluetoothRemoteDevices:  BT_PROPERTY_TYPE_OF_DEVICE addr:3C:B0:ED:D4:22:43 deviceType:3
09-17 07:17:43.538  2400  8578 I SurfaceComposerClient: SF-DisplayRect: setDisplayProjection, tranId=10307921510409, orientation=0, mCurrentLayerStackRect=(0,0,2400,1080), mCurrentDisplayRect=(0,0,2400,1080)
09-17 07:17:43.539  2400  8578 I BLASTSyncEngine: SyncGroup 455:  Unfinished container:WindowToken{7f762a1 type=2024 android.os.BinderProxy@cf45b08}
09-17 07:17:43.539  2400  8578 I BLASTSyncEngine: isActivitySyncFinished isSyncFinished false WindowToken{7f762a1 type=2024 android.os.BinderProxy@cf45b08}
09-17 07:17:43.539 18613 18639 I ognitionService: Background concurrent mark compact GC freed 22MB AllocSpace bytes, 9(244KB) LOS objects, 89% free, 2802KB/26MB, paused 523us,1.948ms total 140.628ms
09-17 07:17:43.540 18613 18641 W System  : A resource failed to call ZipFile.close. 
09-17 07:17:43.540 18613 18641 W System  : A resource failed to call AbstractCursor.close. 
09-17 07:17:43.541  2400  6990 W ActivityManager: Slow operation: 68ms so far, now at attachApplicationLocked: immediately after bindApplication
09-17 07:17:43.541  2400  6990 W ActivityManager: Slow operation: 68ms so far, now at attachApplicationLocked: after updateLruProcessLocked
09-17 07:17:43.541  3402  3402 D NavStubView: isLandScapeActually: orientation = 2
09-17 07:17:43.541  3402  3402 D NavStubView: gatherTransparentRegion: need render w:2400  h:56
09-17 07:17:43.542  3402  3402 W NavStubView_Touch: onComputeInternalInsets  bounds=Rect(0, 0 - 2400, 56)   mHideGestureLine=true   mIsShowNavBar=true   mKeepHidden=false   mDisableTouch=false   mUseEmptyTouchableRegion=false
09-17 07:17:43.542  3402  3402 D NavStubView: Hot Area Rect: Rect(850, 1024 - 1550, 1080)
09-17 07:17:43.542  3402  3402 W NavStubView_Touch:   onComputeInternalInsets  path.addRect: NavStubTraggeRange=NavStubTraggeRange{mLeftRange=RectF(0.0, 0.0, 0.0, 0.0), mCenterRange=RectF(0.0, 0.0, 2400.0, 56.0), mRightRange=RectF(0.0, 0.0, 0.0, 0.0)}
09-17 07:17:43.542  3402  3402 D VRI[GestureStub]: vri.reportNextDraw android.view.ViewRootImpl.performTraversals:4923 android.view.ViewRootImpl.doTraversal:3553 android.view.ViewRootImpl$TraversalRunnable.run:11520 android.view.Choreographer$CallbackRecord.run:1730 android.view.Choreographer$CallbackRecord.run:1739 
09-17 07:17:43.542  2400  6990 W ActivityManager: Slow operation: 69ms so far, now at attachApplicationLocked: after updateOomAdjLocked
09-17 07:17:43.542  3402  3402 D VRI[GestureStub]: vri.Setup new sync=wmsSync-VRI[GestureStub]#84
09-17 07:17:43.545 15238 15257 I MediaCodec: The process name is app_process
09-17 07:17:43.545  2400  2494 W DisplayDeviceRepository: Attempted to change non-existent display device: DisplayDeviceInfo{"studio.screen.sharing:0": uniqueId="virtual:com.android.shell,2000,studio.screen.sharing:0,67", 576 x 1280, modeId 128, renderFrameRate 60.0, defaultModeId 128, userPreferredModeId -1, supportedModes [{id=128, width=576, height=1280, fps=60.0, vsync=60.0, synthetic=false, alternativeRefreshRates=[], supportedHdrTypes=[]}], colorMode 0, supportedColorModes [0], hdrCapabilities null, allmSupported false, gameContentTypeSupported false, density 440, 440.0 x 440.0 dpi, appVsyncOff 0, presDeadline 16666666, touch NONE, rotation 0, type VIRTUAL, deviceProductInfo null, state OFF, committedState UNKNOWN, owner com.android.shell (uid 2000), frameRateOverride , brightnessMinimum 0.0, brightnessMaximum 0.0, brightnessDefault 0.0, hdrSdrRatio NaN, FLAG_PRIVATE, installOrientation 0, displayShape DisplayShape{ spec=-151664995 displayWidth=576 displayHeight=1280 physicalPixelDisplaySizeRatio=1.0 rotation=0 offsetX=0 offsetY=0 scale=1.0}}
09-17 07:17:43.545  7362  7362 D LauncherOverlay.Controller: calculateShiftRange:-2400.0
09-17 07:17:43.545  2400  2494 W DisplayDeviceRepository: Attempted to change non-existent display device: DisplayDeviceInfo{"studio.screen.sharing:0": uniqueId="virtual:com.android.shell,2000,studio.screen.sharing:0,67", 576 x 1280, modeId 128, renderFrameRate 60.0, defaultModeId 128, userPreferredModeId -1, supportedModes [{id=128, width=576, height=1280, fps=60.0, vsync=60.0, synthetic=false, alternativeRefreshRates=[], supportedHdrTypes=[]}], colorMode 0, supportedColorModes [0], hdrCapabilities null, allmSupported false, gameContentTypeSupported false, density 440, 440.0 x 440.0 dpi, appVsyncOff 0, presDeadline 16666666, touch NONE, rotation 0, type VIRTUAL, deviceProductInfo null, state OFF, committedState UNKNOWN, owner com.android.shell (uid 2000), frameRateOverride , brightnessMinimum 0.0, brightnessMaximum 0.0, brightnessDefault 0.0, hdrSdrRatio NaN, FLAG_PRIVATE, installOrientation 0, displayShape DisplayShape{ spec=-151664995 displayWidth=576 displayHeight=1280 physicalPixelDisplaySizeRatio=1.0 rotation=0 offsetX=0 offsetY=0 scale=1.0}}
09-17 07:17:43.545  3365  3365 I MiuiScreenDecorations: onConfigChanged: {0.9 208mcc20mnc [fr_FR] ldltr sw393dp w873dp h393dp 440dpi nrml long land uimode=12 finger qwerty/v/v dpad/v winConfig={ mBounds=Rect(0, 0 - 2400, 1080) mAppBounds=Rect(0, 0 - 2400, 1080) mMaxBounds=Rect(0, 0 - 2400, 1080) mDisplayRotation=ROTATION_90 mWindowingMode=fullscreen mActivityType=undefined mAlwaysOnTop=undefined mRotation=ROTATION_90 mInSplitScreen=false letterBoxed=false foScaled=false isSpecificEmbedded=false screenType=0} s.9116 fontWeightAdjustment=0/d themeChanged=0 themeChangedFlags=0 extraData = Bundle[{}] screenType=0/0}
09-17 07:17:43.546  3402  3402 D VRI[GestureStub]: vri.reportDrawFinished
09-17 07:17:43.546  7362  7362 D LauncherOverlay.SlidingWindow: onClosed
09-17 07:17:43.546  7362  7362 I AssistantOverlayWindow:    onScrollEnd   
09-17 07:17:43.547  3402  3402 W Launcher: onDisplayChanged: newRotation=1, mCurrentRotation=1
09-17 07:17:43.549 15238 15257 I VideoBox: VideoBox::VideoBox
09-17 07:17:43.549 15238 15257 I VideoBox: [mId: 4] video-debug initVideobox: return false for videobox is not enabled
09-17 07:17:43.549 15238 15257 I MediaCodec: init video box disabled for init not supported
09-17 07:17:43.549 15238 15257 I VideoBox: VideoBox::~VideoBox
09-17 07:17:43.549  1327  1327 E MI-SF   : MiSurfaceFlingerImpl.cpp.vsyncId=17028365, oldVsyncId=17028305, layerName=GestureStub#95
09-17 07:17:43.549  1327  1327 E MI-SF   : MiSurfaceFlingerImpl.cpp.vsyncId=17028365, mIsContainTask1=0, mIsContainTaskOther=0
09-17 07:17:43.549  1327  1327 E MI-SF   : MiSurfaceFlingerImpl.cpp.vsyncId=17028365, oldVsyncId=17028365, layerName=GestureStub#95
09-17 07:17:43.549  1327  1327 E MI-SF   : MiSurfaceFlingerImpl.cpp.vsyncId=17028365, mIsContainTask1=0, mIsContainTaskOther=0
09-17 07:17:43.551  1327  1327 E SurfaceFlinger: MiSurfaceFlingerStub isAnimationScene
09-17 07:17:43.552 15238 19269 I MediaCodec: [mId: 4] [video-debug-enc] setState: INITIALIZING
09-17 07:17:43.552 15238 19270 D CCodec  : allocate(c2.android.vp8.encoder)
09-17 07:17:43.553 18364 19265 D CompatChangeReporter: Compat change id reported: 279646685; UID 1000; state: ENABLED
09-17 07:17:43.553  3211  5270 D NetworkMonitor/102: Sim state is ready, return original context.
09-17 07:17:43.553  3211 13802 D NetworkMonitor/111: Sim state is ready, return original context.
09-17 07:17:43.554  2400  2702 I MiuiNetworkPolicy: updateUidState uid = 10155, uidState = 19
09-17 07:17:43.554  8056  8056 W x       : onStartInput event aborted
09-17 07:17:43.554  8056  8056 W x       : on.t: could not obtain extracted text
09-17 07:17:43.554  8056  8056 W x       : 	at on.I.H(Unknown Source:344)
09-17 07:17:43.554  8056  8056 W x       : 	at Ek.D.q(Unknown Source:272)
09-17 07:17:43.554  8056  8056 W x       : 	at Ek.T0.q(Unknown Source:2)
09-17 07:17:43.554  8056  8056 W x       : 	at com.touchtype.KeyboardService.onStartInput(Unknown Source:11)
09-17 07:17:43.554  8056  8056 W x       : 	at android.inputmethodservice.InputMethodService.doStartInput(InputMethodService.java:3436)
09-17 07:17:43.554  8056  8056 W x       : 	at android.inputmethodservice.InputMethodService.resetStateForNewConfiguration(InputMethodService.java:1983)
09-17 07:17:43.554  8056  8056 W x       : 	at android.inputmethodservice.InputMethodService.$r8$lambda$oRMkK66rOxqNaqhjifweqVkTB4Q(Unknown Source:0)
09-17 07:17:43.554  8056  8056 W x       : 	at android.inputmethodservice.InputMethodService$$ExternalSyntheticLambda5.run(D8$$SyntheticClass:0)
09-17 07:17:43.554  8056  8056 W x       : 	at android.inputmethodservice.ImsConfigurationTracker.onConfigurationChanged(ImsConfigurationTracker.java:97)
09-17 07:17:43.554  8056  8056 W x       : 	at android.inputmethodservice.InputMethodService.onConfigurationChanged(InputMethodService.java:1969)
09-17 07:17:43.554  8056  8056 W x       : 	at com.touchtype.KeyboardService.c(Unknown Source:0)
09-17 07:17:43.554  8056  8056 W x       : 	at Ek.D.onConfigurationChanged(Unknown Source:48)
09-17 07:17:43.554  8056  8056 W x       : 	at Ek.T0.onConfigurationChanged(Unknown Source:2)
09-17 07:17:43.554  8056  8056 W x       : 	at com.touchtype.KeyboardService.onConfigurationChanged(Unknown Source:9)
09-17 07:17:43.554  8056  8056 W x       : 	at android.window.WindowTokenClient.onConfigurationChangedInner(WindowTokenClient.java:211)
09-17 07:17:43.554  8056  8056 W x       : 	at android.window.WindowTokenClient.onConfigurationChanged(WindowTokenClient.java:155)
09-17 07:17:43.554  8056  8056 W x       : 	at android.window.WindowTokenClient.onConfigurationChanged(WindowTokenClient.java:112)
09-17 07:17:43.554  8056  8056 W x       : 	at android.window.WindowTokenClientController.onWindowContextInfoChanged(WindowTokenClientController.java:207)
09-17 07:17:43.554  8056  8056 W x       : 	at android.app.ActivityThread.handleWindowContextInfoChanged(ActivityThread.java:7157)
09-17 07:17:43.554  8056  8056 W x       : 	at android.app.servertransaction.WindowContextInfoChangeItem.execute(WindowContextInfoChangeItem.java:45)
09-17 07:17:43.554  8056  8056 W x       : 	at android.app.servertransaction.TransactionExecutor.executeNonLifecycleItem(TransactionExecutor.java:186)
09-17 07:17:43.554  8056  8056 W x       : 	at android.app.servertransaction.TransactionExecutor.executeTransactionItems(TransactionExecutor.java:112)
09-17 07:17:43.554  8056  8056 W x       : 	at android.app.servertransaction.TransactionExecutor.execute(TransactionExecutor.java:84)
09-17 07:17:43.554  8056  8056 W x       : 	at android.app.ActivityThread$H.handleMessage(ActivityThread.java:2881)
09-17 07:17:43.554  8056  8056 W x       : 	at android.os.Handler.dispatchMessage(Handler.java:107)
09-17 07:17:43.554  8056  8056 W x       : 	at android.os.Looper.loopOnce(Looper.java:249)
