09-17 07:17:42.375  1327  1327 E MI-SF   : MiSurfaceFlingerImpl.cpp.vsyncId=17026397, mIsContainTask1=0, mIsContainTaskOther=0
09-17 07:17:42.375  1327  1327 E MI-SF   : MiSurfaceFlingerImpl.cpp.vsyncId=17026397, oldVsyncId=17026397, layerName=com.miui.home/com.miui.home.launcher.Launcher#8555
09-17 07:17:42.375  1327  1327 E MI-SF   : MiSurfaceFlingerImpl.cpp.vsyncId=17026397, mIsContainTask1=0, mIsContainTaskOther=0
09-17 07:17:42.376  1327  1327 E SurfaceFlinger: MiSurfaceFlingerStub isAnimationScene
09-17 07:17:42.376  1168 20590 D vendor.qti.bluetooth@1.0-wake_lock: Release wakelock is released 
09-17 07:17:42.384  1327  1327 E MI-SF   : MiSurfaceFlingerImpl.cpp.vsyncId=17026412, oldVsyncId=17026397, layerName=com.miui.home/com.miui.home.launcher.Launcher#8555
09-17 07:17:42.384  1327  1327 E MI-SF   : MiSurfaceFlingerImpl.cpp.vsyncId=17026412, mIsContainTask1=0, mIsContainTaskOther=0
09-17 07:17:42.384  1327  1327 E MI-SF   : MiSurfaceFlingerImpl.cpp.vsyncId=17026412, oldVsyncId=17026412, layerName=com.miui.home/com.miui.home.launcher.Launcher#8555
09-17 07:17:42.384  1327  1327 E MI-SF   : MiSurfaceFlingerImpl.cpp.vsyncId=17026412, mIsContainTask1=0, mIsContainTaskOther=0
09-17 07:17:42.385  1327  1327 E SurfaceFlinger: MiSurfaceFlingerStub isAnimationScene
09-17 07:17:42.393  1327  1327 E MI-SF   : MiSurfaceFlingerImpl.cpp.vsyncId=17026427, oldVsyncId=17026412, layerName=com.miui.home/com.miui.home.launcher.Launcher#8555
09-17 07:17:42.394  1327  1327 E MI-SF   : MiSurfaceFlingerImpl.cpp.vsyncId=17026427, mIsContainTask1=0, mIsContainTaskOther=0
09-17 07:17:42.394  1327  1327 E MI-SF   : MiSurfaceFlingerImpl.cpp.vsyncId=17026427, oldVsyncId=17026427, layerName=com.miui.home/com.miui.home.launcher.Launcher#8555
09-17 07:17:42.394  1327  1327 E MI-SF   : MiSurfaceFlingerImpl.cpp.vsyncId=17026427, mIsContainTask1=0, mIsContainTaskOther=0
09-17 07:17:42.395  1327  1327 E SurfaceFlinger: MiSurfaceFlingerStub isAnimationScene
09-17 07:17:42.399  1782  1782 I wificond: station_bandwidth: P
09-17 07:17:42.404  1327  1620 D MI-SF   : isTpIdleScene ,mAverageFrameRate is 60, 0 
09-17 07:17:42.404  1327  1327 E MI-SF   : MiSurfaceFlingerImpl.cpp.vsyncId=17026442, oldVsyncId=17026427, layerName=com.miui.home/com.miui.home.launcher.Launcher#8555
09-17 07:17:42.404  1327  1327 E MI-SF   : MiSurfaceFlingerImpl.cpp.vsyncId=17026442, mIsContainTask1=0, mIsContainTaskOther=0
09-17 07:17:42.404  1327  1327 E MI-SF   : MiSurfaceFlingerImpl.cpp.vsyncId=17026442, oldVsyncId=17026442, layerName=com.miui.home/com.miui.home.launcher.Launcher#8555
09-17 07:17:42.404  1327  1327 E MI-SF   : MiSurfaceFlingerImpl.cpp.vsyncId=17026442, mIsContainTask1=0, mIsContainTaskOther=0
09-17 07:17:42.405  1327  1327 E SurfaceFlinger: MiSurfaceFlingerStub isAnimationScene
09-17 07:17:42.414  1327  1327 E MI-SF   : MiSurfaceFlingerImpl.cpp.vsyncId=17026450, oldVsyncId=17026442, layerName=com.miui.home/com.miui.home.launcher.Launcher#8555
09-17 07:17:42.414  1327  1327 E MI-SF   : MiSurfaceFlingerImpl.cpp.vsyncId=17026450, mIsContainTask1=0, mIsContainTaskOther=0
09-17 07:17:42.414  1327  1327 E MI-SF   : MiSurfaceFlingerImpl.cpp.vsyncId=17026450, oldVsyncId=17026450, layerName=com.miui.home/com.miui.home.launcher.Launcher#8555
09-17 07:17:42.414  1327  1327 E MI-SF   : MiSurfaceFlingerImpl.cpp.vsyncId=17026450, mIsContainTask1=0, mIsContainTaskOther=0
09-17 07:17:42.415  1327  1327 E SurfaceFlinger: MiSurfaceFlingerStub isAnimationScene
09-17 07:17:42.424  1327  1327 E MI-SF   : MiSurfaceFlingerImpl.cpp.vsyncId=17026472, oldVsyncId=17026450, layerName=com.miui.home/com.miui.home.launcher.Launcher#8555
09-17 07:17:42.424  1327  1327 E MI-SF   : MiSurfaceFlingerImpl.cpp.vsyncId=17026472, mIsContainTask1=0, mIsContainTaskOther=0
09-17 07:17:42.424  1327  1327 E MI-SF   : MiSurfaceFlingerImpl.cpp.vsyncId=17026472, oldVsyncId=17026472, layerName=com.miui.home/com.miui.home.launcher.Launcher#8555
09-17 07:17:42.424  1327  1327 E MI-SF   : MiSurfaceFlingerImpl.cpp.vsyncId=17026472, mIsContainTask1=0, mIsContainTaskOther=0
09-17 07:17:42.425  1327  1327 E SurfaceFlinger: MiSurfaceFlingerStub isAnimationScene
09-17 07:17:42.433  1327  1327 E MI-SF   : MiSurfaceFlingerImpl.cpp.vsyncId=17026480, oldVsyncId=17026472, layerName=com.miui.home/com.miui.home.launcher.Launcher#8555
09-17 07:17:42.433  1327  1327 E MI-SF   : MiSurfaceFlingerImpl.cpp.vsyncId=17026480, mIsContainTask1=0, mIsContainTaskOther=0
09-17 07:17:42.433  1327  1327 E MI-SF   : MiSurfaceFlingerImpl.cpp.vsyncId=17026480, oldVsyncId=17026480, layerName=com.miui.home/com.miui.home.launcher.Launcher#8555
09-17 07:17:42.433  1327  1327 E MI-SF   : MiSurfaceFlingerImpl.cpp.vsyncId=17026480, mIsContainTask1=0, mIsContainTaskOther=0
09-17 07:17:42.434  1327  1327 E SurfaceFlinger: MiSurfaceFlingerStub isAnimationScene
09-17 07:17:42.439  1327  1327 E MI-SF   : MiSurfaceFlingerImpl.cpp.vsyncId=17026495, oldVsyncId=17026480, layerName=com.miui.home/com.miui.home.launcher.Launcher#8555
09-17 07:17:42.439  1327  1327 E MI-SF   : MiSurfaceFlingerImpl.cpp.vsyncId=17026495, mIsContainTask1=0, mIsContainTaskOther=0
09-17 07:17:42.439  1327  1327 E MI-SF   : MiSurfaceFlingerImpl.cpp.vsyncId=17026495, oldVsyncId=17026495, layerName=com.miui.home/com.miui.home.launcher.Launcher#8555
09-17 07:17:42.439  1327  1327 E MI-SF   : MiSurfaceFlingerImpl.cpp.vsyncId=17026495, mIsContainTask1=0, mIsContainTaskOther=0
09-17 07:17:42.440  1327  1327 E SurfaceFlinger: MiSurfaceFlingerStub isAnimationScene
09-17 07:17:42.449  1327  1327 E MI-SF   : MiSurfaceFlingerImpl.cpp.vsyncId=17026503, oldVsyncId=17026495, layerName=com.miui.home/com.miui.home.launcher.Launcher#8555
09-17 07:17:42.449  1327  1327 E MI-SF   : MiSurfaceFlingerImpl.cpp.vsyncId=17026503, mIsContainTask1=0, mIsContainTaskOther=0
09-17 07:17:42.449  1327  1327 E MI-SF   : MiSurfaceFlingerImpl.cpp.vsyncId=17026503, oldVsyncId=17026503, layerName=com.miui.home/com.miui.home.launcher.Launcher#8555
09-17 07:17:42.449  1327  1327 E MI-SF   : MiSurfaceFlingerImpl.cpp.vsyncId=17026503, mIsContainTask1=0, mIsContainTaskOther=0
09-17 07:17:42.449  1327  1327 E SurfaceFlinger: MiSurfaceFlingerStub isAnimationScene
09-17 07:17:42.456  1327  1327 E MI-SF   : MiSurfaceFlingerImpl.cpp.vsyncId=17026504, oldVsyncId=17026503, layerName=com.miui.home/com.miui.home.launcher.Launcher#8555
09-17 07:17:42.456  1327  1327 E MI-SF   : MiSurfaceFlingerImpl.cpp.vsyncId=17026504, mIsContainTask1=0, mIsContainTaskOther=0
09-17 07:17:42.457  1327  1327 E SurfaceFlinger: MiSurfaceFlingerStub isAnimationScene
09-17 07:17:42.465  1327  1327 E MI-SF   : MiSurfaceFlingerImpl.cpp.vsyncId=17026519, oldVsyncId=17026504, layerName=com.miui.home/com.miui.home.launcher.Launcher#8555
09-17 07:17:42.465  1327  1327 E MI-SF   : MiSurfaceFlingerImpl.cpp.vsyncId=17026519, mIsContainTask1=0, mIsContainTaskOther=0
09-17 07:17:42.466  1327  1327 E SurfaceFlinger: MiSurfaceFlingerStub isAnimationScene
09-17 07:17:42.472  1327  1327 E MI-SF   : MiSurfaceFlingerImpl.cpp.vsyncId=17026527, oldVsyncId=17026519, layerName=com.miui.home/com.miui.home.launcher.Launcher#8555
09-17 07:17:42.472  1327  1327 E MI-SF   : MiSurfaceFlingerImpl.cpp.vsyncId=17026527, mIsContainTask1=0, mIsContainTaskOther=0
09-17 07:17:42.473  1327  1327 E SurfaceFlinger: MiSurfaceFlingerStub isAnimationScene
09-17 07:17:42.478  2400  3783 D PerfShielderService: com.miui.home|com.miui.home/com.miui.home.launcher.Launcher|928|49208272650965|49|5|59
09-17 07:17:42.482  1327  1327 E MI-SF   : MiSurfaceFlingerImpl.cpp.vsyncId=17026542, oldVsyncId=17026527, layerName=com.miui.home/com.miui.home.launcher.Launcher#8555
09-17 07:17:42.482  1327  1327 E MI-SF   : MiSurfaceFlingerImpl.cpp.vsyncId=17026542, mIsContainTask1=0, mIsContainTaskOther=0
09-17 07:17:42.483  7151 22366 W MiuiPerfServiceClient: interceptAndQueuing:3402|com.miui.home|928|49|49208272650965|Slow issue draw commands|59
09-17 07:17:42.483  1327  1327 E SurfaceFlinger: MiSurfaceFlingerStub isAnimationScene
09-17 07:17:42.490  1327  1327 E MI-SF   : MiSurfaceFlingerImpl.cpp.vsyncId=17026557, oldVsyncId=17026542, layerName=com.miui.home/com.miui.home.launcher.Launcher#8555
09-17 07:17:42.490  1327  1327 E MI-SF   : MiSurfaceFlingerImpl.cpp.vsyncId=17026557, mIsContainTask1=0, mIsContainTaskOther=0
09-17 07:17:42.491  1327  1327 E SurfaceFlinger: MiSurfaceFlingerStub isAnimationScene
09-17 07:17:42.498  1327  1327 E MI-SF   : MiSurfaceFlingerImpl.cpp.vsyncId=17026572, oldVsyncId=17026557, layerName=com.miui.home/com.miui.home.launcher.Launcher#8555
09-17 07:17:42.499  1327  1327 E MI-SF   : MiSurfaceFlingerImpl.cpp.vsyncId=17026572, mIsContainTask1=0, mIsContainTaskOther=0
09-17 07:17:42.500  1327  1327 E SurfaceFlinger: MiSurfaceFlingerStub isAnimationScene
09-17 07:17:42.505  1327  1327 E MI-SF   : MiSurfaceFlingerImpl.cpp.vsyncId=17026587, oldVsyncId=17026572, layerName=com.miui.home/com.miui.home.launcher.Launcher#8555
09-17 07:17:42.505  1327  1327 E MI-SF   : MiSurfaceFlingerImpl.cpp.vsyncId=17026587, mIsContainTask1=0, mIsContainTaskOther=0
09-17 07:17:42.506  1327  1327 E SurfaceFlinger: MiSurfaceFlingerStub isAnimationScene
09-17 07:17:42.513  1327  1327 E MI-SF   : MiSurfaceFlingerImpl.cpp.vsyncId=17026602, oldVsyncId=17026587, layerName=com.miui.home/com.miui.home.launcher.Launcher#8555
09-17 07:17:42.513  1327  1327 E MI-SF   : MiSurfaceFlingerImpl.cpp.vsyncId=17026602, mIsContainTask1=0, mIsContainTaskOther=0
09-17 07:17:42.514  1327  1327 E SurfaceFlinger: MiSurfaceFlingerStub isAnimationScene
09-17 07:17:42.524  1327  1327 E MI-SF   : MiSurfaceFlingerImpl.cpp.vsyncId=17026617, oldVsyncId=17026602, layerName=com.miui.home/com.miui.home.launcher.Launcher#8555
09-17 07:17:42.524  1327  1327 E MI-SF   : MiSurfaceFlingerImpl.cpp.vsyncId=17026617, mIsContainTask1=0, mIsContainTaskOther=0
09-17 07:17:42.526  1327  1327 E SurfaceFlinger: MiSurfaceFlingerStub isAnimationScene
09-17 07:17:42.533  1327  1327 E MI-SF   : MiSurfaceFlingerImpl.cpp.vsyncId=17026632, oldVsyncId=17026617, layerName=com.miui.home/com.miui.home.launcher.Launcher#8555
09-17 07:17:42.533  1327  1327 E MI-SF   : MiSurfaceFlingerImpl.cpp.vsyncId=17026632, mIsContainTask1=0, mIsContainTaskOther=0
09-17 07:17:42.534  1327  1327 E SurfaceFlinger: MiSurfaceFlingerStub isAnimationScene
09-17 07:17:42.539  1327  1327 E MI-SF   : MiSurfaceFlingerImpl.cpp.vsyncId=17026647, oldVsyncId=17026632, layerName=com.miui.home/com.miui.home.launcher.Launcher#8555
09-17 07:17:42.539  1327  1327 E MI-SF   : MiSurfaceFlingerImpl.cpp.vsyncId=17026647, mIsContainTask1=0, mIsContainTaskOther=0
09-17 07:17:42.540  1327  1327 E SurfaceFlinger: MiSurfaceFlingerStub isAnimationScene
09-17 07:17:42.547  1327  1327 E MI-SF   : MiSurfaceFlingerImpl.cpp.vsyncId=17026662, oldVsyncId=17026647, layerName=com.miui.home/com.miui.home.launcher.Launcher#8555
09-17 07:17:42.547  1327  1327 E MI-SF   : MiSurfaceFlingerImpl.cpp.vsyncId=17026662, mIsContainTask1=0, mIsContainTaskOther=0
09-17 07:17:42.547  1327  1327 E SurfaceFlinger: MiSurfaceFlingerStub isAnimationScene
09-17 07:17:42.554  1835 18287 D BufferPoolAccessor2.0: bufferpool2 0xb400007042e9bbb8 : 66(91134 size) total buffers - 1(3236 size) used buffers - 440/873 (recycle/alloc) - 505/872 (fetch/transfer)
09-17 07:17:42.557  1327  1327 E MI-SF   : MiSurfaceFlingerImpl.cpp.vsyncId=17026677, oldVsyncId=17026662, layerName=com.miui.home/com.miui.home.launcher.Launcher#8555
09-17 07:17:42.557  1327  1327 E MI-SF   : MiSurfaceFlingerImpl.cpp.vsyncId=17026677, mIsContainTask1=0, mIsContainTaskOther=0
09-17 07:17:42.558  1327  1327 E SurfaceFlinger: MiSurfaceFlingerStub isAnimationScene
09-17 07:17:42.564  1327  1327 E MI-SF   : MiSurfaceFlingerImpl.cpp.vsyncId=17026692, oldVsyncId=17026677, layerName=com.miui.home/com.miui.home.launcher.Launcher#8555
09-17 07:17:42.564  1327  1327 E MI-SF   : MiSurfaceFlingerImpl.cpp.vsyncId=17026692, mIsContainTask1=0, mIsContainTaskOther=0
09-17 07:17:42.565  1327  1327 E SurfaceFlinger: MiSurfaceFlingerStub isAnimationScene
09-17 07:17:42.580  1327  1327 E MI-SF   : MiSurfaceFlingerImpl.cpp.vsyncId=17026707, oldVsyncId=17026692, layerName=com.miui.home/com.miui.home.launcher.Launcher#8555
09-17 07:17:42.580  1327  1327 E MI-SF   : MiSurfaceFlingerImpl.cpp.vsyncId=17026707, mIsContainTask1=0, mIsContainTaskOther=0
09-17 07:17:42.580  1327  1327 E MI-SF   : MiSurfaceFlingerImpl.cpp.vsyncId=17026707, oldVsyncId=17026707, layerName=com.miui.home/com.miui.home.launcher.Launcher#8555
09-17 07:17:42.580  1327  1327 E MI-SF   : MiSurfaceFlingerImpl.cpp.vsyncId=17026707, mIsContainTask1=0, mIsContainTaskOther=0
09-17 07:17:42.581  1327  1327 E SurfaceFlinger: MiSurfaceFlingerStub isAnimationScene
09-17 07:17:42.588  1327  1327 E MI-SF   : MiSurfaceFlingerImpl.cpp.vsyncId=17026736, oldVsyncId=17026707, layerName=com.miui.home/com.miui.home.launcher.Launcher#8555
09-17 07:17:42.588  1327  1327 E MI-SF   : MiSurfaceFlingerImpl.cpp.vsyncId=17026736, mIsContainTask1=0, mIsContainTaskOther=0
09-17 07:17:42.588  1327  1327 E MI-SF   : MiSurfaceFlingerImpl.cpp.vsyncId=17026736, oldVsyncId=17026736, layerName=com.miui.home/com.miui.home.launcher.Launcher#8555
09-17 07:17:42.588  1327  1327 E MI-SF   : MiSurfaceFlingerImpl.cpp.vsyncId=17026736, mIsContainTask1=0, mIsContainTaskOther=0
09-17 07:17:42.589  1327  1327 E SurfaceFlinger: MiSurfaceFlingerStub isAnimationScene
09-17 07:17:42.591  3402  3402 I Launcher.DeviceConfig: getMiuiWidgetSizeSpec(2, 2, true) = (334, 347)
09-17 07:17:42.591  3402  3402 I Launcher.DeviceConfig: getMiuiWidgetSizeSpec(2, 2, true) = (334, 347)
09-17 07:17:42.599  1327  1327 E MI-SF   : MiSurfaceFlingerImpl.cpp.vsyncId=17026751, oldVsyncId=17026736, layerName=com.miui.home/com.miui.home.launcher.Launcher#8555
09-17 07:17:42.599  1327  1327 E MI-SF   : MiSurfaceFlingerImpl.cpp.vsyncId=17026751, mIsContainTask1=0, mIsContainTaskOther=0
09-17 07:17:42.599  1327  1327 E MI-SF   : MiSurfaceFlingerImpl.cpp.vsyncId=17026751, oldVsyncId=17026751, layerName=com.miui.home/com.miui.home.launcher.Launcher#8555
09-17 07:17:42.599  1327  1327 E MI-SF   : MiSurfaceFlingerImpl.cpp.vsyncId=17026751, mIsContainTask1=0, mIsContainTaskOther=0
09-17 07:17:42.600  1327  1327 E SurfaceFlinger: MiSurfaceFlingerStub isAnimationScene
09-17 07:17:42.608  1327  1327 E MI-SF   : MiSurfaceFlingerImpl.cpp.vsyncId=17026766, oldVsyncId=17026751, layerName=com.miui.home/com.miui.home.launcher.Launcher#8555
09-17 07:17:42.608  1327  1327 E MI-SF   : MiSurfaceFlingerImpl.cpp.vsyncId=17026766, mIsContainTask1=0, mIsContainTaskOther=0
09-17 07:17:42.608  1327  1327 E MI-SF   : MiSurfaceFlingerImpl.cpp.vsyncId=17026766, oldVsyncId=17026766, layerName=com.miui.home/com.miui.home.launcher.Launcher#8555
09-17 07:17:42.608  1327  1327 E MI-SF   : MiSurfaceFlingerImpl.cpp.vsyncId=17026766, mIsContainTask1=0, mIsContainTaskOther=0
09-17 07:17:42.609  1327  1327 E SurfaceFlinger: MiSurfaceFlingerStub isAnimationScene
09-17 07:17:42.615  1327  1327 E MI-SF   : MiSurfaceFlingerImpl.cpp.vsyncId=17026781, oldVsyncId=17026766, layerName=com.miui.home/com.miui.home.launcher.Launcher#8555
09-17 07:17:42.615  1327  1327 E MI-SF   : MiSurfaceFlingerImpl.cpp.vsyncId=17026781, mIsContainTask1=0, mIsContainTaskOther=0
09-17 07:17:42.616  1327  1327 E MI-SF   : MiSurfaceFlingerImpl.cpp.vsyncId=17026781, oldVsyncId=17026781, layerName=com.miui.home/com.miui.home.launcher.Launcher#8555
09-17 07:17:42.616  1327  1327 E MI-SF   : MiSurfaceFlingerImpl.cpp.vsyncId=17026781, mIsContainTask1=0, mIsContainTaskOther=0
09-17 07:17:42.616  1327  1327 E SurfaceFlinger: MiSurfaceFlingerStub isAnimationScene
09-17 07:17:42.624  1327  1327 E MI-SF   : MiSurfaceFlingerImpl.cpp.vsyncId=17026796, oldVsyncId=17026781, layerName=com.miui.home/com.miui.home.launcher.Launcher#8555
09-17 07:17:42.624  1327  1327 E MI-SF   : MiSurfaceFlingerImpl.cpp.vsyncId=17026796, mIsContainTask1=0, mIsContainTaskOther=0
09-17 07:17:42.625  1327  1327 E SurfaceFlinger: MiSurfaceFlingerStub isAnimationScene
09-17 07:17:42.630  1327  1327 E MI-SF   : MiSurfaceFlingerImpl.cpp.vsyncId=17026811, oldVsyncId=17026796, layerName=com.miui.home/com.miui.home.launcher.Launcher#8555
09-17 07:17:42.630  1327  1327 E MI-SF   : MiSurfaceFlingerImpl.cpp.vsyncId=17026811, mIsContainTask1=0, mIsContainTaskOther=0
09-17 07:17:42.630  1327  1327 E MI-SF   : MiSurfaceFlingerImpl.cpp.vsyncId=17026811, oldVsyncId=17026811, layerName=com.miui.home/com.miui.home.launcher.Launcher#8555
09-17 07:17:42.630  1327  1327 E MI-SF   : MiSurfaceFlingerImpl.cpp.vsyncId=17026811, mIsContainTask1=0, mIsContainTaskOther=0
09-17 07:17:42.631  1327  1327 E SurfaceFlinger: MiSurfaceFlingerStub isAnimationScene
09-17 07:17:42.638  1327  1327 E MI-SF   : MiSurfaceFlingerImpl.cpp.vsyncId=17026819, oldVsyncId=17026811, layerName=com.miui.home/com.miui.home.launcher.Launcher#8555
09-17 07:17:42.638  1327  1327 E MI-SF   : MiSurfaceFlingerImpl.cpp.vsyncId=17026819, mIsContainTask1=0, mIsContainTaskOther=0
09-17 07:17:42.638  1327  1327 E MI-SF   : MiSurfaceFlingerImpl.cpp.vsyncId=17026819, oldVsyncId=17026819, layerName=com.miui.home/com.miui.home.launcher.Launcher#8555
09-17 07:17:42.638  1327  1327 E MI-SF   : MiSurfaceFlingerImpl.cpp.vsyncId=17026819, mIsContainTask1=0, mIsContainTaskOther=0
09-17 07:17:42.639  1327  1327 E SurfaceFlinger: MiSurfaceFlingerStub isAnimationScene
09-17 07:17:42.649  1327  1327 E MI-SF   : MiSurfaceFlingerImpl.cpp.vsyncId=17026834, oldVsyncId=17026819, layerName=com.miui.home/com.miui.home.launcher.Launcher#8555
09-17 07:17:42.649  1327  1327 E MI-SF   : MiSurfaceFlingerImpl.cpp.vsyncId=17026834, mIsContainTask1=0, mIsContainTaskOther=0
09-17 07:17:42.649  1327  1327 E MI-SF   : MiSurfaceFlingerImpl.cpp.vsyncId=17026834, oldVsyncId=17026834, layerName=com.miui.home/com.miui.home.launcher.Launcher#8555
09-17 07:17:42.649  1327  1327 E MI-SF   : MiSurfaceFlingerImpl.cpp.vsyncId=17026834, mIsContainTask1=0, mIsContainTaskOther=0
09-17 07:17:42.650  1327  1327 E SurfaceFlinger: MiSurfaceFlingerStub isAnimationScene
09-17 07:17:42.653  3402  3402 D ScreenView_Workspace: setCurrentScreenInner:1
09-17 07:17:42.654  3402  3402 I Launcher.widget: onVisible org.chromium.chrome.browser.quickactionsearchwidget.QuickActionSearchWidgetProvider$QuickActionSearchWidgetProviderDino
09-17 07:17:42.654  3402  3402 D Launcher:WidgetView: onVisible: ComponentInfo{com.android.chrome/org.chromium.chrome.browser.quickactionsearchwidget.QuickActionSearchWidgetProvider$QuickActionSearchWidgetProviderDino}
09-17 07:17:42.654  3402  3402 I Launcher.widget: onVisible com.google.android.apps.gsa.staticplugins.smartspace.widget.SmartspaceWidgetProvider
09-17 07:17:42.654  3402  3402 D Launcher:WidgetView: onVisible: ComponentInfo{com.google.android.googlequicksearchbox/com.google.android.apps.gsa.staticplugins.smartspace.widget.SmartspaceWidgetProvider}
09-17 07:17:42.654  2400  3783 D MiuiMemoryInfoImpl: MEMINFO_KRECLAIMABLE: 618292, MEMINFO_SLAB_RECLAIMABLE: 203592, MEMINFO_BUFFERS: 2096, MEMINFO_CACHED: 3218884, MEMINFO_FREE: 310940
09-17 07:17:42.654  3402  3402 D EventBus: No subscribers registered for event class com.miui.home.launcher.common.messages.CurrentScreenIdMessage
09-17 07:17:42.654  3402  3402 D EventBus: No subscribers registered for event class org.greenrobot.eventbus.NoSubscriberEvent
09-17 07:17:42.654  3402  3402 D Launcher.UserPresentAnimation: checkMissingIcon
09-17 07:17:42.654  2400  3783 D MiuiMemoryInfoImpl: cache: 4249817088, cachePss: 57899008, lostcache: 0
09-17 07:17:42.658  1327  1327 E MI-SF   : MiSurfaceFlingerImpl.cpp.vsyncId=17026849, oldVsyncId=17026834, layerName=com.miui.home/com.miui.home.launcher.Launcher#8555
09-17 07:17:42.658  1327  1327 E MI-SF   : MiSurfaceFlingerImpl.cpp.vsyncId=17026849, mIsContainTask1=0, mIsContainTaskOther=0
09-17 07:17:42.658  1327  1327 E MI-SF   : MiSurfaceFlingerImpl.cpp.vsyncId=17026849, oldVsyncId=17026849, layerName=com.miui.home/com.miui.home.launcher.Launcher#8555
09-17 07:17:42.658  1327  1327 E MI-SF   : MiSurfaceFlingerImpl.cpp.vsyncId=17026849, mIsContainTask1=0, mIsContainTaskOther=0
09-17 07:17:42.658  1327  1327 E SurfaceFlinger: MiSurfaceFlingerStub isAnimationScene
09-17 07:17:42.664  1327  1327 E MI-SF   : MiSurfaceFlingerImpl.cpp.vsyncId=17026864, oldVsyncId=17026849, layerName=com.miui.home/com.miui.home.launcher.Launcher#8555
09-17 07:17:42.664  1327  1327 E MI-SF   : MiSurfaceFlingerImpl.cpp.vsyncId=17026864, mIsContainTask1=0, mIsContainTaskOther=0
09-17 07:17:42.664  1327  1327 E MI-SF   : MiSurfaceFlingerImpl.cpp.vsyncId=17026864, oldVsyncId=17026864, layerName=com.miui.home/com.miui.home.launcher.Launcher#8555
09-17 07:17:42.664  1327  1327 E MI-SF   : MiSurfaceFlingerImpl.cpp.vsyncId=17026864, mIsContainTask1=0, mIsContainTaskOther=0
09-17 07:17:42.665  1327  1327 E SurfaceFlinger: MiSurfaceFlingerStub isAnimationScene
09-17 07:17:42.673  1327  1327 E MI-SF   : MiSurfaceFlingerImpl.cpp.vsyncId=17026879, oldVsyncId=17026864, layerName=com.miui.home/com.miui.home.launcher.Launcher#8555
09-17 07:17:42.673  1327  1327 E MI-SF   : MiSurfaceFlingerImpl.cpp.vsyncId=17026879, mIsContainTask1=0, mIsContainTaskOther=0
09-17 07:17:42.673  1327  1327 E MI-SF   : MiSurfaceFlingerImpl.cpp.vsyncId=17026879, oldVsyncId=17026879, layerName=com.miui.home/com.miui.home.launcher.Launcher#8555
09-17 07:17:42.673  1327  1327 E MI-SF   : MiSurfaceFlingerImpl.cpp.vsyncId=17026879, mIsContainTask1=0, mIsContainTaskOther=0
09-17 07:17:42.674  1327  1327 E SurfaceFlinger: MiSurfaceFlingerStub isAnimationScene
09-17 07:17:42.680  1327  1327 E MI-SF   : MiSurfaceFlingerImpl.cpp.vsyncId=17026894, oldVsyncId=17026879, layerName=com.miui.home/com.miui.home.launcher.Launcher#8555
09-17 07:17:42.680  1327  1327 E MI-SF   : MiSurfaceFlingerImpl.cpp.vsyncId=17026894, mIsContainTask1=0, mIsContainTaskOther=0
09-17 07:17:42.680  1327  1327 E MI-SF   : MiSurfaceFlingerImpl.cpp.vsyncId=17026894, oldVsyncId=17026894, layerName=com.miui.home/com.miui.home.launcher.Launcher#8555
09-17 07:17:42.680  1327  1327 E MI-SF   : MiSurfaceFlingerImpl.cpp.vsyncId=17026894, mIsContainTask1=0, mIsContainTaskOther=0
09-17 07:17:42.681  1327  1327 E SurfaceFlinger: MiSurfaceFlingerStub isAnimationScene
09-17 07:17:42.691  1327  1327 E MI-SF   : MiSurfaceFlingerImpl.cpp.vsyncId=17026909, oldVsyncId=17026894, layerName=com.miui.home/com.miui.home.launcher.Launcher#8555
09-17 07:17:42.691  1327  1327 E MI-SF   : MiSurfaceFlingerImpl.cpp.vsyncId=17026909, mIsContainTask1=0, mIsContainTaskOther=0
09-17 07:17:42.691  1327  1327 E MI-SF   : MiSurfaceFlingerImpl.cpp.vsyncId=17026909, oldVsyncId=17026909, layerName=com.miui.home/com.miui.home.launcher.Launcher#8555
09-17 07:17:42.691  1327  1327 E MI-SF   : MiSurfaceFlingerImpl.cpp.vsyncId=17026909, mIsContainTask1=0, mIsContainTaskOther=0
09-17 07:17:42.691  1327  1327 E SurfaceFlinger: MiSurfaceFlingerStub isAnimationScene
09-17 07:17:42.697  1327  1327 E MI-SF   : MiSurfaceFlingerImpl.cpp.vsyncId=17026924, oldVsyncId=17026909, layerName=com.miui.home/com.miui.home.launcher.Launcher#8555
09-17 07:17:42.697  1327  1327 E MI-SF   : MiSurfaceFlingerImpl.cpp.vsyncId=17026924, mIsContainTask1=0, mIsContainTaskOther=0
09-17 07:17:42.697  1327  1327 E MI-SF   : MiSurfaceFlingerImpl.cpp.vsyncId=17026924, oldVsyncId=17026924, layerName=com.miui.home/com.miui.home.launcher.Launcher#8555
09-17 07:17:42.697  1327  1327 E MI-SF   : MiSurfaceFlingerImpl.cpp.vsyncId=17026924, mIsContainTask1=0, mIsContainTaskOther=0
09-17 07:17:42.698  1327  1327 E SurfaceFlinger: MiSurfaceFlingerStub isAnimationScene
09-17 07:17:42.707  1327  1327 E MI-SF   : MiSurfaceFlingerImpl.cpp.vsyncId=17026939, oldVsyncId=17026924, layerName=com.miui.home/com.miui.home.launcher.Launcher#8555
09-17 07:17:42.707  1327  1327 E MI-SF   : MiSurfaceFlingerImpl.cpp.vsyncId=17026939, mIsContainTask1=0, mIsContainTaskOther=0
09-17 07:17:42.707  1327  1327 E MI-SF   : MiSurfaceFlingerImpl.cpp.vsyncId=17026939, oldVsyncId=17026939, layerName=com.miui.home/com.miui.home.launcher.Launcher#8555
09-17 07:17:42.707  1327  1327 E MI-SF   : MiSurfaceFlingerImpl.cpp.vsyncId=17026939, mIsContainTask1=0, mIsContainTaskOther=0
09-17 07:17:42.708  1327  1327 E SurfaceFlinger: MiSurfaceFlingerStub isAnimationScene
09-17 07:17:42.714  1327  1327 E MI-SF   : MiSurfaceFlingerImpl.cpp.vsyncId=17026954, oldVsyncId=17026939, layerName=com.miui.home/com.miui.home.launcher.Launcher#8555
09-17 07:17:42.714  1327  1327 E MI-SF   : MiSurfaceFlingerImpl.cpp.vsyncId=17026954, mIsContainTask1=0, mIsContainTaskOther=0
09-17 07:17:42.714  1327  1327 E MI-SF   : MiSurfaceFlingerImpl.cpp.vsyncId=17026954, oldVsyncId=17026954, layerName=com.miui.home/com.miui.home.launcher.Launcher#8555
09-17 07:17:42.714  1327  1327 E MI-SF   : MiSurfaceFlingerImpl.cpp.vsyncId=17026954, mIsContainTask1=0, mIsContainTaskOther=0
09-17 07:17:42.715  1327  1327 E SurfaceFlinger: MiSurfaceFlingerStub isAnimationScene
09-17 07:17:42.724  1327  1327 E MI-SF   : MiSurfaceFlingerImpl.cpp.vsyncId=17026969, oldVsyncId=17026954, layerName=com.miui.home/com.miui.home.launcher.Launcher#8555
09-17 07:17:42.724  1327  1327 E MI-SF   : MiSurfaceFlingerImpl.cpp.vsyncId=17026969, mIsContainTask1=0, mIsContainTaskOther=0
09-17 07:17:42.724  1327  1327 E MI-SF   : MiSurfaceFlingerImpl.cpp.vsyncId=17026969, oldVsyncId=17026969, layerName=com.miui.home/com.miui.home.launcher.Launcher#8555
09-17 07:17:42.724  1327  1327 E MI-SF   : MiSurfaceFlingerImpl.cpp.vsyncId=17026969, mIsContainTask1=0, mIsContainTaskOther=0
09-17 07:17:42.724  1327  1327 E SurfaceFlinger: MiSurfaceFlingerStub isAnimationScene
09-17 07:17:42.730  1327  1327 E MI-SF   : MiSurfaceFlingerImpl.cpp.vsyncId=17026984, oldVsyncId=17026969, layerName=com.miui.home/com.miui.home.launcher.Launcher#8555
09-17 07:17:42.731  1327  1327 E MI-SF   : MiSurfaceFlingerImpl.cpp.vsyncId=17026984, mIsContainTask1=0, mIsContainTaskOther=0
09-17 07:17:42.731  1327  1327 E MI-SF   : MiSurfaceFlingerImpl.cpp.vsyncId=17026984, oldVsyncId=17026984, layerName=com.miui.home/com.miui.home.launcher.Launcher#8555
09-17 07:17:42.731  1327  1327 E MI-SF   : MiSurfaceFlingerImpl.cpp.vsyncId=17026984, mIsContainTask1=0, mIsContainTaskOther=0
09-17 07:17:42.731  1327  1327 E SurfaceFlinger: MiSurfaceFlingerStub isAnimationScene
09-17 07:17:42.738  1168 20595 I vendor.qti.bluetooth@1.0-ibs_handler: ProcessIbsCmd: Received IBS_WAKE_IND: 0xFD
09-17 07:17:42.739  1168 20595 D vendor.qti.bluetooth@1.0-ibs_handler: SerialClockVote: vote for UART CLK ON
09-17 07:17:42.740  2400  2659 I MIUIInput: [MotionEvent] notifyMotion - eventTime=49208534456000, deviceId=5, source=0x1002, policyFlags=0x0, action=0x0, flags=0x0, downTime=49208534456000
09-17 07:17:42.741  2400  2658 I MIUIInput: [MotionEvent] publisher action=0x0, deviceId=5, 49208534, channel 'bcc4eb4 com.miui.home/com.miui.home.launcher.Launcher (server)'
09-17 07:17:42.741  1327  1327 E MI-SF   : MiSurfaceFlingerImpl.cpp.vsyncId=17026999, oldVsyncId=17026984, layerName=com.miui.home/com.miui.home.launcher.Launcher#8555
09-17 07:17:42.741  1327  1327 E MI-SF   : MiSurfaceFlingerImpl.cpp.vsyncId=17026999, mIsContainTask1=0, mIsContainTaskOther=0
09-17 07:17:42.741  1327  1327 E MI-SF   : MiSurfaceFlingerImpl.cpp.vsyncId=17026999, oldVsyncId=17026999, layerName=com.miui.home/com.miui.home.launcher.Launcher#8555
09-17 07:17:42.741  1327  1327 E MI-SF   : MiSurfaceFlingerImpl.cpp.vsyncId=17026999, mIsContainTask1=0, mIsContainTaskOther=0
09-17 07:17:42.742  3402  3402 I MIUIInput: [MotionEvent] ViewRootImpl windowName 'com.miui.home/com.miui.home.launcher.Launcher', { action=ACTION_DOWN, id[0]=0, pointerCount=1, eventTime=49208534, downTime=49208534, phoneEventTime=07:17:42.739 } moveCount:0
09-17 07:17:42.742  1327  1327 E SurfaceFlinger: MiSurfaceFlingerStub isAnimationScene
09-17 07:17:42.742  3402  3402 D Launcher: isActivityLocked: mInAutoFilling: false, mWaitingForResult: false, !isFirstScreenLoaded: false, mIsAppLocating: false, mDropTargetBar.isUninstallAnimShowing(): false
09-17 07:17:42.742  2400  2658 I MIUIInput: [MotionEvent] publisher action=0x0, deviceId=5, 49208534, channel 'c7143c0 com.miui.miwallpaper.wallpaperservice.MiuiKeyguardPictorialWallpaper (server)'
09-17 07:17:42.742  3402  3402 D EventBus: No subscribers registered for event class com.miui.home.launcher.common.messages.EndSpringAnimatorMessage
09-17 07:17:42.742  3402  3402 D EventBus: No subscribers registered for event class org.greenrobot.eventbus.NoSubscriberEvent
09-17 07:17:42.742  2400  2658 I MIUIInput: [MotionEvent] publisher action=0x0, deviceId=5, 49208534, channel '[Gesture Monitor] miui-gesture (server)'
09-17 07:17:42.743  3402  3402 D FeedSwipeController: touchState : 0 scrolling : false normalEditing : false WidgetThumbnailViewShowing : false UninstallDialogShowing : false isMinusScreenShowing: false
09-17 07:17:42.743  3402  3402 D FeedSwipeController: can not use
09-17 07:17:42.743  3402  3402 D Launcher.Search: isSupportOpenFromHomeDownOverlay:false
09-17 07:17:42.743  3402  3402 D Launcher.Search: isSearchInstalled:false pullDownIsSearch:true isSearchSupportOverlay:false
09-17 07:17:42.743  3402  3402 D FeedOverlayTransitionController: mCurrentAnimation:null curState:com.miui.home.launcher.NormalState@d1c0082
09-17 07:17:42.743  3402  3402 D Launcher.Search: isFolderShowing:false scrolling: false normalEditing: false WidgetThumbnailViewShowing: false UninstallDialogShowing: false isMinusScreenShowing: false allAppShowing: false topOpenView:false notSupportOverlayPullDownOpenSearch:true assistantOverlayShowing:false feedOverlayShowing:false
09-17 07:17:42.743  3402  3402 D Launcher.Search: can not use
09-17 07:17:42.743  3402  3402 D Launcher.Search: isSupportOpenFromHomeDownOverlay:false
09-17 07:17:42.743  3402  3402 D FeedOverlayTransitionController: mCurrentAnimation:null curState:com.miui.home.launcher.NormalState@d1c0082
09-17 07:17:42.743  3402  3402 D Launcher.StatusBarController: try intercept touch, isProxyInit=true
09-17 07:17:42.743  1327  1620 D RefreshRateSelector: Touch Boost
09-17 07:17:42.744  3402  3402 D OnLongClickAgent: reset:   removeMessages MSG_LONG_CLICK
09-17 07:17:42.744  3402  3402 D Launcher.Workspace: Workspace touch down
09-17 07:17:42.744  3402  3402 D ScreenView_Workspace: onIntercept:0.0
09-17 07:17:42.744  3402  3402 D ScreenView_Workspace: not intercept
09-17 07:17:42.744  3402  3402 D ScreenView_Workspace: mCurrentGestureFinished: false ,mTouchState 0
09-17 07:17:42.744  3402  3402 D Launcher.CellLayout: touch item:ShortcutInfo, id=489, itemType=0, user=UserHandle{0}, mIconType=0, pkgName=com.hzc23.nonocontroller, className=com.hzc23.nonocontroller.MainActivity, screenId=2, container=-100, cellX=3, cellY=6, spanX=1, spanY=1
09-17 07:17:42.744  3402  3402 D OnLongClickAgent: reset:   removeMessages MSG_LONG_CLICK
09-17 07:17:42.744  3402  3402 D OnLongClickAgent: reset:   removeMessages MSG_LONG_CLICK
09-17 07:17:42.744  3402  3402 D OnLongClickAgent: reset:   removeMessages MSG_LONG_CLICK
09-17 07:17:42.745  3402  3402 D ShortcutIcon: onTouchEvent ACTION_DOWN true---false
09-17 07:17:42.745  3402  3402 I PreStartUtils: preLaunchProcess fail isEnableTouchDown is false
09-17 07:17:42.745  3402  3402 D ShortcutIcon: FolmeUtils isEnable
09-17 07:17:42.745  3402  3402 D Launcher.ShortcutIcon: folmeDown
09-17 07:17:42.746  2400  2811 I ProcessManager: getRenderThreadTidByPid, caller=2400
09-17 07:17:42.747 18351 18351 I SidebarCoverView: onTouch : 4
09-17 07:17:42.748  1327  1327 E MI-SF   : MiSurfaceFlingerImpl.cpp.vsyncId=17027014, oldVsyncId=17026999, layerName=com.miui.home/com.miui.home.launcher.Launcher#8555
09-17 07:17:42.748  1327  1327 E MI-SF   : MiSurfaceFlingerImpl.cpp.vsyncId=17027014, mIsContainTask1=0, mIsContainTaskOther=0
09-17 07:17:42.748  1327  1327 E MI-SF   : MiSurfaceFlingerImpl.cpp.vsyncId=17027014, oldVsyncId=17027014, layerName=com.miui.home/com.miui.home.launcher.Launcher#8555
09-17 07:17:42.748  1327  1327 E MI-SF   : MiSurfaceFlingerImpl.cpp.vsyncId=17027014, mIsContainTask1=0, mIsContainTaskOther=0
09-17 07:17:42.749  1327  1327 E SurfaceFlinger: MiSurfaceFlingerStub isAnimationScene
09-17 07:17:42.749  3402 17584 D Launcher.Boost: bindcore 200
09-17 07:17:42.751  1168 20595 D vendor.qti.bluetooth@1.0-wake_lock: Acquire wakelock is acquired 
09-17 07:17:42.751  1168 20595 I vendor.qti.bluetooth@1.0-ibs_handler: ProcessIbsCmd: Writing IBS_WAKE_ACK
09-17 07:17:42.754 20412 20602 V BtGatt.ScanHelper: onScanResult() - eventType=0x1b, addressType=0, address=AC:4D:16:8D:21:60, primaryPhy=1, secondaryPhy=0, advertisingSid=0xff, txPower=127, rssi=-93, periodicAdvInt=0x0, originalAddress=00:00:00:00:00:00
09-17 07:17:42.754 20412 20602 V BtGatt.ScanHelper: Skipping data matching denylist: ScanRecord [mAdvertiseFlags=6, mServiceUuids=[00001122-0000-1000-8000-00805f9b34fb], mServiceSolicitationUuids=[], mManufacturerSpecificData={76=[2, 21, 116, 39, -117, -38, -74, 68, 69, 32, -113, 12, 114, 14, -81, 5, -103, 53, 1, 0, 110, 81, -59]}, mServiceData={}, mTxPowerLevel=-2147483648, mDeviceName=S7155e64e742c0d8eC, mTransportDiscoveryData=null]
09-17 07:17:42.754 20412 20602 I BtGatt.ScanHelper: Skipping client for location deny list
09-17 07:17:42.755 20412 20602 V BtGatt.ScanHelper: Skipping client: permission=true matches=false
09-17 07:17:42.755 20412 20602 V BtGatt.ScanHelper: Skipping data matching denylist: ScanRecord [mAdvertiseFlags=6, mServiceUuids=[00001122-0000-1000-8000-00805f9b34fb], mServiceSolicitationUuids=[], mManufacturerSpecificData={76=[2, 21, 116, 39, -117, -38, -74, 68, 69, 32, -113, 12, 114, 14, -81, 5, -103, 53, 1, 0, 110, 81, -59]}, mServiceData={}, mTxPowerLevel=-2147483648, mDeviceName=S7155e64e742c0d8eC, mTransportDiscoveryData=null]
09-17 07:17:42.755 20412 20602 I BtGatt.ScanHelper: Skipping client for location deny list
09-17 07:17:42.755 20412 20602 V BtGatt.ScanHelper: Skipping data matching denylist: ScanRecord [mAdvertiseFlags=6, mServiceUuids=[00001122-0000-1000-8000-00805f9b34fb], mServiceSolicitationUuids=[], mManufacturerSpecificData={76=[2, 21, 116, 39, -117, -38, -74, 68, 69, 32, -113, 12, 114, 14, -81, 5, -103, 53, 1, 0, 110, 81, -59]}, mServiceData={}, mTxPowerLevel=-2147483648, mDeviceName=S7155e64e742c0d8eC, mTransportDiscoveryData=null]
09-17 07:17:42.755 20412 20602 I BtGatt.ScanHelper: Skipping client for location deny list
09-17 07:17:42.755 20412 20602 D BluetoothRemoteDevices: Update property, device=XX:XX:XX:XX:21:60, type: 1
09-17 07:17:42.755 20412 20602 D BluetoothRemoteDevices: Skip name update for XX:XX:XX:XX:21:60
09-17 07:17:42.755 20412 20602 D BluetoothRemoteDevices: Update property, device=XX:XX:XX:XX:21:60, type: 4
09-17 07:17:42.755 20412 20602 D BluetoothRemoteDevices: Skip class update, device=XX:XX:XX:XX:21:60, cod=0x1f00
09-17 07:17:42.755 20412 20602 D BluetoothRemoteDevices: Update property, device=XX:XX:XX:XX:21:60, type: 5
09-17 07:17:42.755 20412 20602 D BluetoothRemoteDevices:  BT_PROPERTY_TYPE_OF_DEVICE addr:AC:4D:16:8D:21:60 deviceType:2
09-17 07:17:42.755 20412 20602 V BtGatt.ScanHelper: onScanResult() - eventType=0x1b, addressType=1, address=73:D4:D3:BB:96:33, primaryPhy=1, secondaryPhy=0, advertisingSid=0xff, txPower=127, rssi=-90, periodicAdvInt=0x0, originalAddress=00:00:00:00:00:00
09-17 07:17:42.756 20412 20602 V BtGatt.ScanHelper: Skipping client: permission=true matches=false
09-17 07:17:42.756 20412 20602 V BtGatt.ScanHelper: Skipping client: permission=true matches=false
09-17 07:17:42.756 20412 20602 V BtGatt.ScanHelper: Skipping client: permission=true matches=false
09-17 07:17:42.756 20412 20602 V BtGatt.ScanHelper: Skipping client: permission=true matches=false
09-17 07:17:42.758  1327  1327 E MI-SF   : MiSurfaceFlingerImpl.cpp.vsyncId=17027029, oldVsyncId=17027014, layerName=com.miui.home/com.miui.home.launcher.Launcher#8555
09-17 07:17:42.758  1327  1327 E MI-SF   : MiSurfaceFlingerImpl.cpp.vsyncId=17027029, mIsContainTask1=0, mIsContainTaskOther=0
09-17 07:17:42.758  1327  1327 E MI-SF   : MiSurfaceFlingerImpl.cpp.vsyncId=17027029, oldVsyncId=17027029, layerName=com.miui.home/com.miui.home.launcher.Launcher#8555
09-17 07:17:42.758  1327  1327 E MI-SF   : MiSurfaceFlingerImpl.cpp.vsyncId=17027029, mIsContainTask1=0, mIsContainTaskOther=0
09-17 07:17:42.759  1327  1327 E SurfaceFlinger: MiSurfaceFlingerStub isAnimationScene
09-17 07:17:42.764  1327  1327 E MI-SF   : MiSurfaceFlingerImpl.cpp.vsyncId=17027044, oldVsyncId=17027029, layerName=com.miui.home/com.miui.home.launcher.Launcher#8555
09-17 07:17:42.764  1327  1327 E MI-SF   : MiSurfaceFlingerImpl.cpp.vsyncId=17027044, mIsContainTask1=0, mIsContainTaskOther=0
09-17 07:17:42.764  1327  1327 E MI-SF   : MiSurfaceFlingerImpl.cpp.vsyncId=17027044, oldVsyncId=17027044, layerName=com.miui.home/com.miui.home.launcher.Launcher#8555
09-17 07:17:42.764  1327  1327 E MI-SF   : MiSurfaceFlingerImpl.cpp.vsyncId=17027044, mIsContainTask1=0, mIsContainTaskOther=0
09-17 07:17:42.765  1327  1327 E SurfaceFlinger: MiSurfaceFlingerStub isAnimationScene
09-17 07:17:42.774  1327  1327 E MI-SF   : MiSurfaceFlingerImpl.cpp.vsyncId=17027059, oldVsyncId=17027044, layerName=com.miui.home/com.miui.home.launcher.Launcher#8555
09-17 07:17:42.774  1327  1327 E MI-SF   : MiSurfaceFlingerImpl.cpp.vsyncId=17027059, mIsContainTask1=0, mIsContainTaskOther=0
09-17 07:17:42.774  1327  1327 E MI-SF   : MiSurfaceFlingerImpl.cpp.vsyncId=17027059, oldVsyncId=17027059, layerName=com.miui.home/com.miui.home.launcher.Launcher#8555
09-17 07:17:42.774  1327  1327 E MI-SF   : MiSurfaceFlingerImpl.cpp.vsyncId=17027059, mIsContainTask1=0, mIsContainTaskOther=0
09-17 07:17:42.775  1327  1327 E SurfaceFlinger: MiSurfaceFlingerStub isAnimationScene
09-17 07:17:42.775  7977  7977 D SecurityCenter: ImageLoader clear memory info
09-17 07:17:42.780  1327  1327 E MI-SF   : MiSurfaceFlingerImpl.cpp.vsyncId=17027074, oldVsyncId=17027059, layerName=com.miui.home/com.miui.home.launcher.Launcher#8555
09-17 07:17:42.780  1327  1327 E MI-SF   : MiSurfaceFlingerImpl.cpp.vsyncId=17027074, mIsContainTask1=0, mIsContainTaskOther=0
09-17 07:17:42.781  1327  1327 E MI-SF   : MiSurfaceFlingerImpl.cpp.vsyncId=17027074, oldVsyncId=17027074, layerName=com.miui.home/com.miui.home.launcher.Launcher#8555
09-17 07:17:42.781  1327  1327 E MI-SF   : MiSurfaceFlingerImpl.cpp.vsyncId=17027074, mIsContainTask1=0, mIsContainTaskOther=0
09-17 07:17:42.781  1327  1327 E SurfaceFlinger: MiSurfaceFlingerStub isAnimationScene
09-17 07:17:42.789 20412 20602 V BtGatt.ScanHelper: onScanResult() - eventType=0x10, addressType=0, address=C0:23:8D:FC:51:1F, primaryPhy=1, secondaryPhy=0, advertisingSid=0xff, txPower=127, rssi=-93, periodicAdvInt=0x0, originalAddress=00:00:00:00:00:00
09-17 07:17:42.789 20412 20602 V BtGatt.ScanHelper: Skipping client: permission=true matches=false
09-17 07:17:42.790 20412 20602 V BtGatt.ScanHelper: Skipping client: permission=true matches=false
09-17 07:17:42.790 20412 20602 V BtGatt.ScanHelper: Skipping client: permission=true matches=false
09-17 07:17:42.790 20412 20602 V BtGatt.ScanHelper: Skipping client: permission=true matches=false
09-17 07:17:42.790  1327  1327 E MI-SF   : MiSurfaceFlingerImpl.cpp.vsyncId=17027089, oldVsyncId=17027074, layerName=com.miui.home/com.miui.home.launcher.Launcher#8555
09-17 07:17:42.790  1327  1327 E MI-SF   : MiSurfaceFlingerImpl.cpp.vsyncId=17027089, mIsContainTask1=0, mIsContainTaskOther=0
09-17 07:17:42.790  1327  1327 E MI-SF   : MiSurfaceFlingerImpl.cpp.vsyncId=17027089, oldVsyncId=17027089, layerName=com.miui.home/com.miui.home.launcher.Launcher#8555
09-17 07:17:42.790  1327  1327 E MI-SF   : MiSurfaceFlingerImpl.cpp.vsyncId=17027089, mIsContainTask1=0, mIsContainTaskOther=0
09-17 07:17:42.791  1327  1327 E SurfaceFlinger: MiSurfaceFlingerStub isAnimationScene
09-17 07:17:42.797  1327  1327 E MI-SF   : MiSurfaceFlingerImpl.cpp.vsyncId=17027104, oldVsyncId=17027089, layerName=com.miui.home/com.miui.home.launcher.Launcher#8555
09-17 07:17:42.797  1327  1327 E MI-SF   : MiSurfaceFlingerImpl.cpp.vsyncId=17027104, mIsContainTask1=0, mIsContainTaskOther=0
09-17 07:17:42.797  1327  1327 E MI-SF   : MiSurfaceFlingerImpl.cpp.vsyncId=17027104, oldVsyncId=17027104, layerName=com.miui.home/com.miui.home.launcher.Launcher#8555
09-17 07:17:42.797  1327  1327 E MI-SF   : MiSurfaceFlingerImpl.cpp.vsyncId=17027104, mIsContainTask1=0, mIsContainTaskOther=0
09-17 07:17:42.798  1327  1327 E SurfaceFlinger: MiSurfaceFlingerStub isAnimationScene
09-17 07:17:42.807  2400  2659 I MIUIInput: [MotionEvent] notifyMotion - eventTime=49208601645000, deviceId=5, source=0x1002, policyFlags=0x0, action=0x1, flags=0x0, downTime=49208534456000
09-17 07:17:42.807  1327  1327 E MI-SF   : MiSurfaceFlingerImpl.cpp.vsyncId=17027119, oldVsyncId=17027104, layerName=com.miui.home/com.miui.home.launcher.Launcher#8555
09-17 07:17:42.807  1327  1327 E MI-SF   : MiSurfaceFlingerImpl.cpp.vsyncId=17027119, mIsContainTask1=0, mIsContainTaskOther=0
09-17 07:17:42.807  1327  1327 E MI-SF   : MiSurfaceFlingerImpl.cpp.vsyncId=17027119, oldVsyncId=17027119, layerName=com.miui.home/com.miui.home.launcher.Launcher#8555
09-17 07:17:42.807  1327  1327 E MI-SF   : MiSurfaceFlingerImpl.cpp.vsyncId=17027119, mIsContainTask1=0, mIsContainTaskOther=0
09-17 07:17:42.808  2400  2658 I MIUIInput: [MotionEvent] publisher action=0x1, deviceId=5, 49208601, channel 'bcc4eb4 com.miui.home/com.miui.home.launcher.Launcher (server)'
09-17 07:17:42.808  1327  1327 E SurfaceFlinger: MiSurfaceFlingerStub isAnimationScene
09-17 07:17:42.808  2400  2658 I MIUIInput: [MotionEvent] publisher action=0x1, deviceId=5, 49208601, channel 'c7143c0 com.miui.miwallpaper.wallpaperservice.MiuiKeyguardPictorialWallpaper (server)'
09-17 07:17:42.808  2400  2658 I MIUIInput: [MotionEvent] publisher action=0x1, deviceId=5, 49208601, channel '[Gesture Monitor] miui-gesture (server)'
09-17 07:17:42.808  3402  3402 I MIUIInput: [MotionEvent] ViewRootImpl windowName 'com.miui.home/com.miui.home.launcher.Launcher', { action=ACTION_UP, id[0]=0, pointerCount=1, eventTime=49208601, downTime=49208534, phoneEventTime=07:17:42.806 } moveCount:0
09-17 07:17:42.809  3402  3402 D Launcher: isActivityLocked: mInAutoFilling: false, mWaitingForResult: false, !isFirstScreenLoaded: false, mIsAppLocating: false, mDropTargetBar.isUninstallAnimShowing(): false
09-17 07:17:42.809  3402  3402 D OnLongClickAgent: reset:   removeMessages MSG_LONG_CLICK
09-17 07:17:42.809  3402  3402 D Launcher.Workspace: Workspace touch up or cancel
09-17 07:17:42.809  3402  3402 D ScreenView_Workspace: oninterceput up
09-17 07:17:42.810  3402  3402 D ScreenView_Workspace: mCurrentGestureFinished: false ,mTouchState 0
09-17 07:17:42.810  3402  3402 D OnLongClickAgent: reset:   removeMessages MSG_LONG_CLICK
09-17 07:17:42.810  3402  3402 D Launcher.ShortcutIcon: folmeUp
09-17 07:17:42.811  3402  3402 D AppUsageMonitor: onAppOpened currentMode=2
09-17 07:17:42.811  3402  3402 D AppUsageMonitor:     times=[1758086262811]
09-17 07:17:42.811  3402  3402 D Launcher: launch, launchIntent=Intent { act=android.intent.action.MAIN cat=[android.intent.category.LAUNCHER] flg=0x10200000 cmp=com.hzc23.nonocontroller/.MainActivity (has extras) }
09-17 07:17:42.811  3402  3402 D BoostRtHelper: boostMainThreadAndRenderThread
09-17 07:17:42.811  3402  3402 I Launcher: no startActivity call start
09-17 07:17:42.811  2400  2811 D PerfStubImpl: perfWarmLaunchBoost: com.miui.home, -1, 1
09-17 07:17:42.813  1229  1283 E ANDR-PERF-OPTSHANDLER: ANDR-PERF-OPTSHANDLER: modify_sysfsnode() 1008: Perflock resource /sys/class/devfreq/soc:qcom,cpubw/max_freq not supported
09-17 07:17:42.813  1229  1283 E ANDR-PERF-RESOURCEQS: ANDR-PERF-RESOURCEQS: AddAndApply() 167: Failed to apply optimization [6, 6]
09-17 07:17:42.813  1229  1283 E ANDR-PERF-OPTSHANDLER: ANDR-PERF-OPTSHANDLER: modify_sysfsnode() 1008: Perflock resource /sys/class/devfreq/soc:qcom,cpubw/min_freq not supported
09-17 07:17:42.813  1229  1283 E ANDR-PERF-RESOURCEQS: ANDR-PERF-RESOURCEQS: AddAndApply() 167: Failed to apply optimization [6, 0]
09-17 07:17:42.814  3402  3402 D AnimStateManager: send event 1001 currentState = IdleState windowElement = null
09-17 07:17:42.814  3402  3402 I AnimStateManager: IdleState handle event 1001
09-17 07:17:42.814  3402  3402 I AnimStateManager: go to state com.miui.home.recents.anim.StateManager$HomeState@c9e9687
09-17 07:17:42.814  3402  3402 I AnimStateManager: HomeState handle event 1001
09-17 07:17:42.814  3402  3402 I LauncherStateManager: setOverlayScrolling false
09-17 07:17:42.814  3402  3402 I ScenarioRecognitionUtil: setScenarioState, type:296, isStart: true, packageName: com.hzc23.nonocontroller
09-17 07:17:42.814  1327  1327 E MI-SF   : MiSurfaceFlingerImpl.cpp.vsyncId=17027134, oldVsyncId=17027119, layerName=com.miui.home/com.miui.home.launcher.Launcher#8555
09-17 07:17:42.814  1327  1327 E MI-SF   : MiSurfaceFlingerImpl.cpp.vsyncId=17027134, mIsContainTask1=0, mIsContainTaskOther=0
09-17 07:17:42.814  1327  1327 E MI-SF   : MiSurfaceFlingerImpl.cpp.vsyncId=17027134, oldVsyncId=17027134, layerName=com.miui.home/com.miui.home.launcher.Launcher#8555
09-17 07:17:42.814  1327  1327 E MI-SF   : MiSurfaceFlingerImpl.cpp.vsyncId=17027134, mIsContainTask1=0, mIsContainTaskOther=0
09-17 07:17:42.814  3402  3402 E Launcher.application: setClickAppWaitForCallback = true
09-17 07:17:42.814  3402  3402 I FastLaunchUtils: isLowLevelOrLiteDevice
09-17 07:17:42.814  3402  3402 I RectFSpringAnim: init
09-17 07:17:42.814  3402  3402 D RectFSpringAnim: addAnimatorListener
09-17 07:17:42.814  3402  3402 D WindowAnimImplementorDispatcher: 2f50653 SfAnim is enabled: false
09-17 07:17:42.815  1327  1327 E SurfaceFlinger: MiSurfaceFlingerStub isAnimationScene
09-17 07:17:42.822  1327  1327 E MI-SF   : MiSurfaceFlingerImpl.cpp.vsyncId=17027149, oldVsyncId=17027134, layerName=com.miui.home/com.miui.home.launcher.Launcher#8555
09-17 07:17:42.822  1327  1327 E MI-SF   : MiSurfaceFlingerImpl.cpp.vsyncId=17027149, mIsContainTask1=0, mIsContainTaskOther=0
09-17 07:17:42.822  3402  3402 I WindowElement: 2f50653 com.miui.home.recents.anim.WindowElement@2f50653 window init isHalf = com.miui.home.recents.anim.windowanim.WindowAnimContextImpl@6af9c89.isHalf
09-17 07:17:42.822  3402  3402 I WindowElement: java.lang.Exception
09-17 07:17:42.822  3402  3402 I WindowElement: 	at com.miui.home.recents.anim.WindowElement.<init>(WindowElement.kt:359)
09-17 07:17:42.822  3402  3402 I WindowElement: 	at com.miui.home.recents.anim.WindowElement.<init>(WindowElement.kt:63)
09-17 07:17:42.822  3402  3402 I WindowElement: 	at com.miui.home.recents.anim.StateManager.onLauncherStartActivity(StateManager.kt:671)
09-17 07:17:42.822  3402  3402 I WindowElement: 	at com.miui.home.recents.anim.StateManager.access$onLauncherStartActivity(StateManager.kt:33)
09-17 07:17:42.822  3402  3402 I WindowElement: 	at com.miui.home.recents.anim.StateManager$HomeState.launchIconView(StateManager.kt:614)
09-17 07:17:42.822  3402  3402 I WindowElement: 	at com.miui.home.recents.anim.StateManager$HomeState.onIconClick(StateManager.kt:561)
09-17 07:17:42.822  3402  3402 I WindowElement: 	at com.miui.home.recents.anim.StateManager$HomeState.handleEvent(StateManager.kt:389)
09-17 07:17:42.822  3402  3402 I WindowElement: 	at com.miui.home.recents.anim.StateManager$IdleState.handleEvent(StateManager.kt:377)
09-17 07:17:42.822  3402  3402 I WindowElement: 	at com.miui.home.recents.anim.StateManager.handleEventActually(StateManager.kt:111)
09-17 07:17:42.822  3402  3402 I WindowElement: 	at com.miui.home.recents.anim.StateManager.sendEventActually(StateManager.kt:96)
09-17 07:17:42.822  3402  3402 I WindowElement: 	at com.miui.home.recents.anim.StateManager.sendEvent(StateManager.kt:122)
09-17 07:17:42.822  3402  3402 I WindowElement: 	at com.miui.home.launcher.Launcher$PerformLaunchAction.run(Launcher.java:5956)
09-17 07:17:42.822  3402  3402 I WindowElement: 	at com.miui.home.launcher.Launcher$PerformLaunchAction.launch(Launcher.java:5936)
09-17 07:17:42.822  3402  3402 I WindowElement: 	at com.miui.home.launcher.Launcher.openActivity(Launcher.java:5898)
09-17 07:17:42.822  3402  3402 I WindowElement: 	at com.miui.home.launcher.Launcher.launch(Launcher.java:5891)
09-17 07:17:42.822  3402  3402 I WindowElement: 	at com.miui.home.launcher.ShortcutInfo.handleClick(ShortcutInfo.java:874)
09-17 07:17:42.822  3402  3402 I WindowElement: 	at com.miui.home.launcher.Launcher.onClick(Launcher.java:5841)
09-17 07:17:42.822  3402  3402 I WindowElement: 	at android.view.View.performClick(View.java:8210)
09-17 07:17:42.822  3402  3402 I WindowElement: 	at android.view.View.performClickInternal(View.java:8187)
09-17 07:17:42.822  3402  3402 I WindowElement: 	at android.view.View.-$$Nest$mperformClickInternal(Unknown Source:0)
09-17 07:17:42.822  3402  3402 I WindowElement: 	at android.view.View$PerformClick.run(View.java:32662)
09-17 07:17:42.822  3402  3402 I WindowElement: 	at com.miui.home.launcher.ShortcutIcon.post(ShortcutIcon.java:799)
09-17 07:17:42.822  3402  3402 I WindowElement: 	at android.view.View.onTouchEvent(View.java:18200)
09-17 07:17:42.822  3402  3402 I WindowElement: 	at android.widget.TextView.onTouchEvent(TextView.java:13239)
09-17 07:17:42.822  3402  3402 I WindowElement: 	at com.miui.home.launcher.ShortcutIcon.onTouchEvent(ShortcutIcon.java:738)
09-17 07:17:42.822  3402  3402 I WindowElement: 	at android.view.View.performOnTouchCallback(View.java:16681)
09-17 07:17:42.822  3402  3402 I WindowElement: 	at android.view.View.dispatchTouchEvent(View.java:16634)
09-17 07:17:42.822  3402  3402 I WindowElement: 	at android.view.ViewGroup.dispatchTransformedTouchEvent(ViewGroup.java:3194)
09-17 07:17:42.822  3402  3402 I WindowElement: 	at android.view.ViewGroup.dispatchTouchEvent(ViewGroup.java:2826)
09-17 07:17:42.822  3402  3402 I WindowElement: 	at com.miui.home.launcher.CellLayout.dispatchTouchEvent(CellLayout.java:571)
