09-16 20:32:03.459  1327  1327 E MI-SF   : MiSurfaceFlingerImpl.cpp.vsyncId=3973188, oldVsyncId=3973188, layerName=Surface(name=WindowToken{6d05883 type=2027 android.os.BinderProxy@e95d332}#67)/@0x9ffca00 - animation-leash of token_transform#6033
09-16 20:32:03.459  1327  1327 E MI-SF   : MiSurfaceFlingerImpl.cpp.vsyncId=3973188, mIsContainTask1=0, mIsContainTaskOther=0
09-16 20:32:03.459  1327  1327 E MI-SF   : MiSurfaceFlingerImpl.cpp.vsyncId=3973188, oldVsyncId=3973188, layerName=Surface(name=WindowToken{a7d80e1 type=2000 android.os.BinderProxy@782cceb}#109)/@0x3ba9e06 - animation-leash of token_transform#6031
09-16 20:32:03.459  1327  1327 E MI-SF   : MiSurfaceFlingerImpl.cpp.vsyncId=3973188, mIsContainTask1=0, mIsContainTaskOther=0
09-16 20:32:03.459  1327  1327 E MI-SF   : MiSurfaceFlingerImpl.cpp.vsyncId=3973188, oldVsyncId=3973188, layerName=Surface(name=WindowToken{85a90fd type=2024 android.os.BinderProxy@8201954}#72)/@0xd0f76c0 - animation-leash of token_transform#6032
09-16 20:32:03.459  1327  1327 E MI-SF   : MiSurfaceFlingerImpl.cpp.vsyncId=3973188, mIsContainTask1=0, mIsContainTaskOther=0
09-16 20:32:03.459  1327  1327 E MI-SF   : MiSurfaceFlingerImpl.cpp.vsyncId=3973188, oldVsyncId=3973188, layerName=Splash Screen com.hzc23.nonocontroller#6037
09-16 20:32:03.459  1327  1327 E MI-SF   : MiSurfaceFlingerImpl.cpp.vsyncId=3973188, mIsContainTask1=0, mIsContainTaskOther=0
09-16 20:32:03.460  3365  3611 D VRI[nonocontroller]: vri.reportNextDraw android.view.ViewRootImpl.performTraversals:4923 android.view.ViewRootImpl.doTraversal:3553 android.view.ViewRootImpl$TraversalRunnable.run:11520 android.view.Choreographer$CallbackRecord.run:1730 android.view.Choreographer$CallbackRecord.run:1739 
09-16 20:32:03.460  3365  3611 D VRI[nonocontroller]: vri.Setup new sync=wmsSync-VRI[nonocontroller]#68
09-16 20:32:03.461  1327  1327 E SurfaceFlinger: MiSurfaceFlingerStub isAnimationScene
09-16 20:32:03.461  3402  3402 D Launcher.Lifecycle: onWindowFocusChanged:false,UserHandle{0},3372f91,true
09-16 20:32:03.461  3365  3740 D HWUI    : makeCurrent grContext:0xb400006f219c7530 reset mTextureAvailable
09-16 20:32:03.466  1327  1327 I MI-SF   : surfaceflinger setAffinity mode=1
09-16 20:32:03.466  1327  1327 E MI-SF   : surfaceflinger setAffinity success
09-16 20:32:03.466  1327  1327 I MI-SF   : surfaceflinger setreAffinity reTid=1543
09-16 20:32:03.466  1327  1327 E MI-SF   : surfaceflinger setAffinity success
09-16 20:32:03.466  3402  3804 D RecentsModel: onTaskStackChangedBackground    MSG_TASK_STACK_CHANGE
09-16 20:32:03.466  3402  3804 D RecentsModel: boostTaskStackChangedThread once, tid=3804, recentResourceLoaderTid=3564
09-16 20:32:03.467  1327  1327 E MI-SF   : MiSurfaceFlingerImpl.cpp.vsyncId=3973203, oldVsyncId=3973188, layerName=Surface(name=WindowToken{660df1a type=2003 android.os.BinderProxy@34689c5}#6020)/@0xa413c28 - animation-leash of token_transform#6034
09-16 20:32:03.467  1327  1327 E MI-SF   : MiSurfaceFlingerImpl.cpp.vsyncId=3973203, mIsContainTask1=0, mIsContainTaskOther=0
09-16 20:32:03.467  1327  1327 E MI-SF   : MiSurfaceFlingerImpl.cpp.vsyncId=3973203, oldVsyncId=3973203, layerName=Surface(name=WindowToken{3d232f1 type=2026 android.os.BinderProxy@ab10c7b}#6016)/@0x639f557 - animation-leash of token_transform#6036
09-16 20:32:03.467  1327  1327 E MI-SF   : MiSurfaceFlingerImpl.cpp.vsyncId=3973203, mIsContainTask1=0, mIsContainTaskOther=0
09-16 20:32:03.467  1327  1327 E MI-SF   : MiSurfaceFlingerImpl.cpp.vsyncId=3973203, oldVsyncId=3973203, layerName=Surface(name=WindowToken{64110f4 type=2027 android.os.BinderProxy@48896e1}#69)/@0x29c5463 - animation-leash of token_transform#6035
09-16 20:32:03.467  1327  1327 E MI-SF   : MiSurfaceFlingerImpl.cpp.vsyncId=3973203, mIsContainTask1=0, mIsContainTaskOther=0
09-16 20:32:03.467  1327  1327 E MI-SF   : MiSurfaceFlingerImpl.cpp.vsyncId=3973203, oldVsyncId=3973203, layerName=Surface(name=WindowToken{6d05883 type=2027 android.os.BinderProxy@e95d332}#67)/@0x9ffca00 - animation-leash of token_transform#6033
09-16 20:32:03.467  1327  1327 E MI-SF   : MiSurfaceFlingerImpl.cpp.vsyncId=3973203, mIsContainTask1=0, mIsContainTaskOther=0
09-16 20:32:03.467  1327  1327 E MI-SF   : MiSurfaceFlingerImpl.cpp.vsyncId=3973203, oldVsyncId=3973203, layerName=Surface(name=WindowToken{a7d80e1 type=2000 android.os.BinderProxy@782cceb}#109)/@0x3ba9e06 - animation-leash of token_transform#6031
09-16 20:32:03.467  1327  1327 E MI-SF   : MiSurfaceFlingerImpl.cpp.vsyncId=3973203, mIsContainTask1=0, mIsContainTaskOther=0
09-16 20:32:03.467  1327  1327 E MI-SF   : MiSurfaceFlingerImpl.cpp.vsyncId=3973203, oldVsyncId=3973203, layerName=Surface(name=WindowToken{85a90fd type=2024 android.os.BinderProxy@8201954}#72)/@0xd0f76c0 - animation-leash of token_transform#6032
09-16 20:32:03.467  1327  1327 E MI-SF   : MiSurfaceFlingerImpl.cpp.vsyncId=3973203, mIsContainTask1=0, mIsContainTaskOther=0
09-16 20:32:03.467  1327  1327 E MI-SF   : MiSurfaceFlingerImpl.cpp.vsyncId=3973203, oldVsyncId=3973203, layerName=Splash Screen com.hzc23.nonocontroller#6037
09-16 20:32:03.467  1327  1327 E MI-SF   : MiSurfaceFlingerImpl.cpp.vsyncId=3973203, mIsContainTask1=0, mIsContainTaskOther=0
09-16 20:32:03.467  1327  1327 E MI-SF   : MiSurfaceFlingerImpl.cpp.vsyncId=3973203, oldVsyncId=3973203, layerName=e9363ae Splash Screen com.hzc23.nonocontroller#6030
09-16 20:32:03.467  1327  1327 E MI-SF   : MiSurfaceFlingerImpl.cpp.vsyncId=3973203, mIsContainTask1=0, mIsContainTaskOther=0
09-16 20:32:03.467  1327  1327 E MI-SF   : MiSurfaceFlingerImpl.cpp.vsyncId=3973203, oldVsyncId=3973203, layerName=StatusBar#115
09-16 20:32:03.467  1327  1327 E MI-SF   : MiSurfaceFlingerImpl.cpp.vsyncId=3973203, mIsContainTask1=0, mIsContainTaskOther=0
09-16 20:32:03.467  1327  1327 E MI-SF   : MiSurfaceFlingerImpl.cpp.vsyncId=3973203, oldVsyncId=3973203, layerName=GestureStub#95
09-16 20:32:03.467  1327  1327 E MI-SF   : MiSurfaceFlingerImpl.cpp.vsyncId=3973203, mIsContainTask1=0, mIsContainTaskOther=0
09-16 20:32:03.467  1327  1327 E MI-SF   : MiSurfaceFlingerImpl.cpp.vsyncId=3973203, oldVsyncId=3973203, layerName=GestureStubLeft#74
09-16 20:32:03.467  1327  1327 E MI-SF   : MiSurfaceFlingerImpl.cpp.vsyncId=3973203, mIsContainTask1=0, mIsContainTaskOther=0
09-16 20:32:03.467  1327  1327 E MI-SF   : MiSurfaceFlingerImpl.cpp.vsyncId=3973203, oldVsyncId=3973203, layerName=GestureStubRight#76
09-16 20:32:03.467  1327  1327 E MI-SF   : MiSurfaceFlingerImpl.cpp.vsyncId=3973203, mIsContainTask1=0, mIsContainTaskOther=0
09-16 20:32:03.467  1327  1327 E MI-SF   : MiSurfaceFlingerImpl.cpp.vsyncId=3973203, oldVsyncId=3973203, layerName=DockAssistantView#6024
09-16 20:32:03.467  1327  1327 E MI-SF   : MiSurfaceFlingerImpl.cpp.vsyncId=3973203, mIsContainTask1=0, mIsContainTaskOther=0
09-16 20:32:03.467  1327  1327 E MI-SF   : MiSurfaceFlingerImpl.cpp.vsyncId=3973203, oldVsyncId=3973203, layerName=Input Consumer recents_animation_input_consumer#71
09-16 20:32:03.467  1327  1327 E MI-SF   : MiSurfaceFlingerImpl.cpp.vsyncId=3973203, mIsContainTask1=0, mIsContainTaskOther=0
09-16 20:32:03.467  1327  1327 E MI-SF   : MiSurfaceFlingerImpl.cpp.vsyncId=3973203, oldVsyncId=3973203, layerName=31d3b5c com.miui.home/com.miui.home.launcher.Launcher#94
09-16 20:32:03.467  1327  1327 E MI-SF   : MiSurfaceFlingerImpl.cpp.vsyncId=3973203, mIsContainTask1=0, mIsContainTaskOther=0
09-16 20:32:03.467  1327  1327 E MI-SF   : MiSurfaceFlingerImpl.cpp.vsyncId=3973203, oldVsyncId=3973203, layerName=com.miui.home/com.miui.home.launcher.Launcher#5997
09-16 20:32:03.467  1327  1327 E MI-SF   : MiSurfaceFlingerImpl.cpp.vsyncId=3973203, mIsContainTask1=0, mIsContainTaskOther=0
09-16 20:32:03.469  1327  1327 E SurfaceFlinger: MiSurfaceFlingerStub isAnimationScene
09-16 20:32:03.472  3365  3611 D VRI[nonocontroller]: vri.reportDrawFinished
09-16 20:32:03.476  1327  1327 E MI-SF   : MiSurfaceFlingerImpl.cpp.vsyncId=3973225, oldVsyncId=3973203, layerName=com.miui.home/com.miui.home.launcher.Launcher#5997
09-16 20:32:03.476  1327  1327 E MI-SF   : MiSurfaceFlingerImpl.cpp.vsyncId=3973225, mIsContainTask1=0, mIsContainTaskOther=0
09-16 20:32:03.476  1327  1327 E MI-SF   : MiSurfaceFlingerImpl.cpp.vsyncId=3973225, oldVsyncId=3973225, layerName=Splash Screen com.hzc23.nonocontroller#6037
09-16 20:32:03.476  1327  1327 E MI-SF   : MiSurfaceFlingerImpl.cpp.vsyncId=3973225, mIsContainTask1=0, mIsContainTaskOther=0
09-16 20:32:03.476  1327  1327 E MI-SF   : MiSurfaceFlingerImpl.cpp.vsyncId=3973225, oldVsyncId=3973225, layerName=Surface(name=WindowToken{660df1a type=2003 android.os.BinderProxy@34689c5}#6020)/@0xa413c28 - animation-leash of token_transform#6034
09-16 20:32:03.476  1327  1327 E MI-SF   : MiSurfaceFlingerImpl.cpp.vsyncId=3973225, mIsContainTask1=0, mIsContainTaskOther=0
09-16 20:32:03.476  1327  1327 E MI-SF   : MiSurfaceFlingerImpl.cpp.vsyncId=3973225, oldVsyncId=3973225, layerName=Surface(name=WindowToken{3d232f1 type=2026 android.os.BinderProxy@ab10c7b}#6016)/@0x639f557 - animation-leash of token_transform#6036
09-16 20:32:03.476  1327  1327 E MI-SF   : MiSurfaceFlingerImpl.cpp.vsyncId=3973225, mIsContainTask1=0, mIsContainTaskOther=0
09-16 20:32:03.476  1327  1327 E MI-SF   : MiSurfaceFlingerImpl.cpp.vsyncId=3973225, oldVsyncId=3973225, layerName=Surface(name=WindowToken{64110f4 type=2027 android.os.BinderProxy@48896e1}#69)/@0x29c5463 - animation-leash of token_transform#6035
09-16 20:32:03.476  1327  1327 E MI-SF   : MiSurfaceFlingerImpl.cpp.vsyncId=3973225, mIsContainTask1=0, mIsContainTaskOther=0
09-16 20:32:03.476  1327  1327 E MI-SF   : MiSurfaceFlingerImpl.cpp.vsyncId=3973225, oldVsyncId=3973225, layerName=Surface(name=WindowToken{6d05883 type=2027 android.os.BinderProxy@e95d332}#67)/@0x9ffca00 - animation-leash of token_transform#6033
09-16 20:32:03.476  1327  1327 E MI-SF   : MiSurfaceFlingerImpl.cpp.vsyncId=3973225, mIsContainTask1=0, mIsContainTaskOther=0
09-16 20:32:03.476  1327  1327 E MI-SF   : MiSurfaceFlingerImpl.cpp.vsyncId=3973225, oldVsyncId=3973225, layerName=Surface(name=WindowToken{a7d80e1 type=2000 android.os.BinderProxy@782cceb}#109)/@0x3ba9e06 - animation-leash of token_transform#6031
09-16 20:32:03.476  1327  1327 E MI-SF   : MiSurfaceFlingerImpl.cpp.vsyncId=3973225, mIsContainTask1=0, mIsContainTaskOther=0
09-16 20:32:03.476  1327  1327 E MI-SF   : MiSurfaceFlingerImpl.cpp.vsyncId=3973225, oldVsyncId=3973225, layerName=Surface(name=WindowToken{85a90fd type=2024 android.os.BinderProxy@8201954}#72)/@0xd0f76c0 - animation-leash of token_transform#6032
09-16 20:32:03.476  1327  1327 E MI-SF   : MiSurfaceFlingerImpl.cpp.vsyncId=3973225, mIsContainTask1=0, mIsContainTaskOther=0
09-16 20:32:03.477  2400  2495 D PreStartingManager: Not init when use PreStartingManager!
09-16 20:32:03.477  2400  2495 D WindowManager: Set transition=TransitionRecord{ecfb398 id=311 type=OPEN flags=0x0}, ready=true, SyncId=311 
09-16 20:32:03.478  1327  1327 E SurfaceFlinger: MiSurfaceFlingerStub isAnimationScene
09-16 20:32:03.480  2400  2495 D miuiBarFollowAnimation:  BarFollowAnimation core services Flag is effective
09-16 20:32:03.480  2400  2495 D miuiElementAnimation:  ElementAnimation core services Flag is effective
09-16 20:32:03.481  2400  2495 I SmartPower: com.hzc23.nonocontroller/10101(0): died->visible(7728ms) R(become visible) adj=-10000.
09-16 20:32:03.481  2400  2495 E WindowManager: setClientVisible ActivityRecord{1e84d0a u0 com.hzc23.nonocontroller/.MainActivity t208} true
09-16 20:32:03.482  2400  2495 I WindowManager: wms.showSurfaceRobustly mWin:Window{e9363ae u0 Splash Screen com.hzc23.nonocontroller}
09-16 20:32:03.482  2400  2702 I MiuiNetworkPolicy: updateUidState uid = 10101, uidState = 19
09-16 20:32:03.483  2400  2495 D WindowManager: Final targets: [Task{f462fd6 #208 type=standard A=10101:com.hzc23.nonocontroller}, Task{cf2c0d4 #1 type=home}]
09-16 20:32:03.487 20412 20615 I BtGatt.ScanManager: msg.what = MSG_IMPORTANCE_CHANGE, msg.arg1 = IMPORTANCE_CHANGE
09-16 20:32:03.487  1327  1327 E MI-SF   : MiSurfaceFlingerImpl.cpp.vsyncId=3973240, oldVsyncId=3973225, layerName=com.miui.home/com.miui.home.launcher.Launcher#5997
09-16 20:32:03.487  1327  1327 E MI-SF   : MiSurfaceFlingerImpl.cpp.vsyncId=3973240, mIsContainTask1=0, mIsContainTaskOther=0
09-16 20:32:03.487  1327  1327 E MI-SF   : MiSurfaceFlingerImpl.cpp.vsyncId=3973240, oldVsyncId=3973240, layerName=Surface(name=WindowToken{660df1a type=2003 android.os.BinderProxy@34689c5}#6020)/@0xa413c28 - animation-leash of token_transform#6034
09-16 20:32:03.488  1327  1327 E MI-SF   : MiSurfaceFlingerImpl.cpp.vsyncId=3973240, mIsContainTask1=0, mIsContainTaskOther=0
09-16 20:32:03.488  1327  1327 E MI-SF   : MiSurfaceFlingerImpl.cpp.vsyncId=3973240, oldVsyncId=3973240, layerName=Surface(name=WindowToken{3d232f1 type=2026 android.os.BinderProxy@ab10c7b}#6016)/@0x639f557 - animation-leash of token_transform#6036
09-16 20:32:03.488  1327  1327 E MI-SF   : MiSurfaceFlingerImpl.cpp.vsyncId=3973240, mIsContainTask1=0, mIsContainTaskOther=0
09-16 20:32:03.488  1327  1327 E MI-SF   : MiSurfaceFlingerImpl.cpp.vsyncId=3973240, oldVsyncId=3973240, layerName=Surface(name=WindowToken{64110f4 type=2027 android.os.BinderProxy@48896e1}#69)/@0x29c5463 - animation-leash of token_transform#6035
09-16 20:32:03.488  1327  1327 E MI-SF   : MiSurfaceFlingerImpl.cpp.vsyncId=3973240, mIsContainTask1=0, mIsContainTaskOther=0
09-16 20:32:03.488  1327  1327 E MI-SF   : MiSurfaceFlingerImpl.cpp.vsyncId=3973240, oldVsyncId=3973240, layerName=Surface(name=WindowToken{6d05883 type=2027 android.os.BinderProxy@e95d332}#67)/@0x9ffca00 - animation-leash of token_transform#6033
09-16 20:32:03.488  1327  1327 E MI-SF   : MiSurfaceFlingerImpl.cpp.vsyncId=3973240, mIsContainTask1=0, mIsContainTaskOther=0
09-16 20:32:03.488  1327  1327 E MI-SF   : MiSurfaceFlingerImpl.cpp.vsyncId=3973240, oldVsyncId=3973240, layerName=Surface(name=WindowToken{a7d80e1 type=2000 android.os.BinderProxy@782cceb}#109)/@0x3ba9e06 - animation-leash of token_transform#6031
09-16 20:32:03.488  1327  1327 E MI-SF   : MiSurfaceFlingerImpl.cpp.vsyncId=3973240, mIsContainTask1=0, mIsContainTaskOther=0
09-16 20:32:03.488  1327  1327 E MI-SF   : MiSurfaceFlingerImpl.cpp.vsyncId=3973240, oldVsyncId=3973240, layerName=Surface(name=WindowToken{85a90fd type=2024 android.os.BinderProxy@8201954}#72)/@0xd0f76c0 - animation-leash of token_transform#6032
09-16 20:32:03.488  1327  1327 E MI-SF   : MiSurfaceFlingerImpl.cpp.vsyncId=3973240, mIsContainTask1=0, mIsContainTaskOther=0
09-16 20:32:03.488  1327  1327 E MI-SF   : MiSurfaceFlingerImpl.cpp.vsyncId=3973240, oldVsyncId=3973240, layerName=Surface(name=WindowToken{660df1a type=2003 android.os.BinderProxy@34689c5}#6020)/@0xa413c28 - animation-leash of token_transform#6034
09-16 20:32:03.488  1327  1327 E MI-SF   : MiSurfaceFlingerImpl.cpp.vsyncId=3973240, mIsContainTask1=0, mIsContainTaskOther=0
09-16 20:32:03.488  1327  1327 E MI-SF   : MiSurfaceFlingerImpl.cpp.vsyncId=3973240, oldVsyncId=3973240, layerName=Surface(name=WindowToken{3d232f1 type=2026 android.os.BinderProxy@ab10c7b}#6016)/@0x639f557 - animation-leash of token_transform#6036
09-16 20:32:03.488  1327  1327 E MI-SF   : MiSurfaceFlingerImpl.cpp.vsyncId=3973240, mIsContainTask1=0, mIsContainTaskOther=0
09-16 20:32:03.488  1327  1327 E MI-SF   : MiSurfaceFlingerImpl.cpp.vsyncId=3973240, oldVsyncId=3973240, layerName=Surface(name=WindowToken{64110f4 type=2027 android.os.BinderProxy@48896e1}#69)/@0x29c5463 - animation-leash of token_transform#6035
09-16 20:32:03.488  1327  1327 E MI-SF   : MiSurfaceFlingerImpl.cpp.vsyncId=3973240, mIsContainTask1=0, mIsContainTaskOther=0
09-16 20:32:03.488  1327  1327 E MI-SF   : MiSurfaceFlingerImpl.cpp.vsyncId=3973240, oldVsyncId=3973240, layerName=Surface(name=WindowToken{6d05883 type=2027 android.os.BinderProxy@e95d332}#67)/@0x9ffca00 - animation-leash of token_transform#6033
09-16 20:32:03.488  1327  1327 E MI-SF   : MiSurfaceFlingerImpl.cpp.vsyncId=3973240, mIsContainTask1=0, mIsContainTaskOther=0
09-16 20:32:03.488  1327  1327 E MI-SF   : MiSurfaceFlingerImpl.cpp.vsyncId=3973240, oldVsyncId=3973240, layerName=Surface(name=WindowToken{a7d80e1 type=2000 android.os.BinderProxy@782cceb}#109)/@0x3ba9e06 - animation-leash of token_transform#6031
09-16 20:32:03.488  1327  1327 E MI-SF   : MiSurfaceFlingerImpl.cpp.vsyncId=3973240, mIsContainTask1=0, mIsContainTaskOther=0
09-16 20:32:03.488  1327  1327 E MI-SF   : MiSurfaceFlingerImpl.cpp.vsyncId=3973240, oldVsyncId=3973240, layerName=Surface(name=WindowToken{85a90fd type=2024 android.os.BinderProxy@8201954}#72)/@0xd0f76c0 - animation-leash of token_transform#6032
09-16 20:32:03.488  1327  1327 E MI-SF   : MiSurfaceFlingerImpl.cpp.vsyncId=3973240, mIsContainTask1=0, mIsContainTaskOther=0
09-16 20:32:03.490  1327  1327 E SurfaceFlinger: MiSurfaceFlingerStub isAnimationScene
09-16 20:32:03.491  2400  2495 D WindowManager: Calling onTransitionReady info={id=311 t=OPEN f=0x0 trk=0 r=[0@Point(0, 0)] c=[{WCT{RemoteToken{cba5136 Task{f462fd6 #208 type=standard A=10101:com.hzc23.nonocontroller}}} m=OPEN f=NONE leash=Surface(name=Task=208#6028)/@0x6b7f7f1 sb=Rect(0, 0 - 1080, 2400) eb=Rect(0, 0 - 1080, 2400) d=0 endFixedRotation=1 taskParent=-1 v=true},{WCT{RemoteToken{e3bf6e0 Task{cf2c0d4 #1 type=home}}} m=TO_BACK f=SHOW_WALLPAPER leash=Surface(name=Task=1#47)/@0x745627 sb=Rect(0, 0 - 1080, 2400) eb=Rect(0, 0 - 1080, 2400) d=0 taskParent=-1 v=false}] mk=[false] noAni=[false] df=[false] rsa=[false] oa=[false] ho=[false] iSync=[-1]}, mToken=Token{5d73837 TransitionRecord{ecfb398 id=311 type=OPEN flags=0x0}}
09-16 20:32:03.497  3365  3528 I MultiTaskingTaskRepository: needSkip: is home task
09-16 20:32:03.497  3365  3528 W MultiTaskingTaskRepository: onToBackTransitionReady putOrUpdateTaskInfo skip
09-16 20:32:03.497  3365  3528 D MultiTaskingTaskRepository: addOrMoveFullscreenTaskToTop taskId=208
09-16 20:32:03.498  3365  3528 D MultiTaskingTaskRepository: putOrUpdateTaskInfo: taskInfo.taskId: 208 current mMultiTaskingTaskInfoList:  ,5 ,4
09-16 20:32:03.498  3365  3528 D MultiTaskingTaskRepository: java.lang.Throwable
09-16 20:32:03.498  3365  3528 D MultiTaskingTaskRepository: 	at com.android.wm.shell.multitasking.taskmanager.MultiTaskingTaskRepository.updateMultiTaskingTaskInfo(go/retraceme 17a6c541b0b25d4e0624cb5dec6dd4c4f88ae71e4e6234d12acb14d81b706a2d:82)
09-16 20:32:03.498  3365  3528 D MultiTaskingTaskRepository: 	at com.android.wm.shell.multitasking.taskmanager.MultiTaskingTaskRepository.putOrUpdateTaskInfo(go/retraceme 17a6c541b0b25d4e0624cb5dec6dd4c4f88ae71e4e6234d12acb14d81b706a2d:41)
09-16 20:32:03.498  3365  3528 D MultiTaskingTaskRepository: 	at com.android.wm.shell.multitasking.taskmanager.MultiTaskingTransitionObserver.onTransitionReady(go/retraceme 17a6c541b0b25d4e0624cb5dec6dd4c4f88ae71e4e6234d12acb14d81b706a2d:65)
09-16 20:32:03.498  3365  3528 D MultiTaskingTaskRepository: 	at com.android.wm.shell.transition.Transitions.dispatchReady(go/retraceme 17a6c541b0b25d4e0624cb5dec6dd4c4f88ae71e4e6234d12acb14d81b706a2d:169)
09-16 20:32:03.498  3365  3528 D MultiTaskingTaskRepository: 	at com.android.wm.shell.transition.Transitions.onTransitionReady(go/retraceme 17a6c541b0b25d4e0624cb5dec6dd4c4f88ae71e4e6234d12acb14d81b706a2d:248)
09-16 20:32:03.498  3365  3528 D MultiTaskingTaskRepository: 	at com.android.wm.shell.transition.Transitions$TransitionPlayerImpl$$ExternalSyntheticLambda1.run(go/retraceme 17a6c541b0b25d4e0624cb5dec6dd4c4f88ae71e4e6234d12acb14d81b706a2d:23)
09-16 20:32:03.498  3365  3528 D MultiTaskingTaskRepository: 	at android.os.Handler.handleCallback(Handler.java:959)
09-16 20:32:03.498  3365  3528 D MultiTaskingTaskRepository: 	at android.os.Handler.dispatchMessage(Handler.java:100)
09-16 20:32:03.498  3365  3528 D MultiTaskingTaskRepository: 	at android.os.Looper.loopOnce(Looper.java:249)
09-16 20:32:03.498  3365  3528 D MultiTaskingTaskRepository: 	at android.os.Looper.loop(Looper.java:337)
09-16 20:32:03.498  3365  3528 D MultiTaskingTaskRepository: 	at android.os.HandlerThread.run(HandlerThread.java:85)
09-16 20:32:03.498  3365  3528 D MultiTaskingTaskInfo: initFolmeControl::task id = 208, mBounds = Rect(0, 0 - 1080, 2400)
09-16 20:32:03.499 20412 20412 D HidDeviceService: handleMessage(): msg.what=8
09-16 20:32:03.499 20412 20412 D HidDeviceService: unregisterAppUid(): uid=10101
09-16 20:32:03.499 20412 20412 D HidDeviceService: unregisterAppUid(): caller UID doesn't match user UID
09-16 20:32:03.499  3402  3804 I MiBridge: requestThreadLevelPro ret: 44427
09-16 20:32:03.499  1327  1327 E MI-SF   : MiSurfaceFlingerImpl.cpp.vsyncId=3973255, oldVsyncId=3973240, layerName=com.miui.home/com.miui.home.launcher.Launcher#5997
09-16 20:32:03.499  1327  1327 E MI-SF   : MiSurfaceFlingerImpl.cpp.vsyncId=3973255, mIsContainTask1=0, mIsContainTaskOther=0
09-16 20:32:03.499  3402  3804 D Launcher.Boost: setDynamicVIPTaskIfNeeded::tid = 3804 duration = 500
09-16 20:32:03.499  1327  1327 E MI-SF   : MiSurfaceFlingerImpl.cpp.vsyncId=3973255, oldVsyncId=3973255, layerName=Surface(name=WindowToken{660df1a type=2003 android.os.BinderProxy@34689c5}#6020)/@0xa413c28 - animation-leash of token_transform#6034
09-16 20:32:03.499  1327  1327 E MI-SF   : MiSurfaceFlingerImpl.cpp.vsyncId=3973255, mIsContainTask1=0, mIsContainTaskOther=0
09-16 20:32:03.499  1327  1327 E MI-SF   : MiSurfaceFlingerImpl.cpp.vsyncId=3973255, oldVsyncId=3973255, layerName=Surface(name=WindowToken{3d232f1 type=2026 android.os.BinderProxy@ab10c7b}#6016)/@0x639f557 - animation-leash of token_transform#6036
09-16 20:32:03.499  1327  1327 E MI-SF   : MiSurfaceFlingerImpl.cpp.vsyncId=3973255, mIsContainTask1=0, mIsContainTaskOther=0
09-16 20:32:03.499  1327  1327 E MI-SF   : MiSurfaceFlingerImpl.cpp.vsyncId=3973255, oldVsyncId=3973255, layerName=Surface(name=WindowToken{64110f4 type=2027 android.os.BinderProxy@48896e1}#69)/@0x29c5463 - animation-leash of token_transform#6035
09-16 20:32:03.499  1327  1327 E MI-SF   : MiSurfaceFlingerImpl.cpp.vsyncId=3973255, mIsContainTask1=0, mIsContainTaskOther=0
09-16 20:32:03.499  1327  1327 E MI-SF   : MiSurfaceFlingerImpl.cpp.vsyncId=3973255, oldVsyncId=3973255, layerName=Surface(name=WindowToken{6d05883 type=2027 android.os.BinderProxy@e95d332}#67)/@0x9ffca00 - animation-leash of token_transform#6033
09-16 20:32:03.499  1327  1327 E MI-SF   : MiSurfaceFlingerImpl.cpp.vsyncId=3973255, mIsContainTask1=0, mIsContainTaskOther=0
09-16 20:32:03.499  1327  1327 E MI-SF   : MiSurfaceFlingerImpl.cpp.vsyncId=3973255, oldVsyncId=3973255, layerName=Surface(name=WindowToken{a7d80e1 type=2000 android.os.BinderProxy@782cceb}#109)/@0x3ba9e06 - animation-leash of token_transform#6031
09-16 20:32:03.499  1327  1327 E MI-SF   : MiSurfaceFlingerImpl.cpp.vsyncId=3973255, mIsContainTask1=0, mIsContainTaskOther=0
09-16 20:32:03.499  1327  1327 E MI-SF   : MiSurfaceFlingerImpl.cpp.vsyncId=3973255, oldVsyncId=3973255, layerName=Surface(name=WindowToken{85a90fd type=2024 android.os.BinderProxy@8201954}#72)/@0xd0f76c0 - animation-leash of token_transform#6032
09-16 20:32:03.499  1327  1327 E MI-SF   : MiSurfaceFlingerImpl.cpp.vsyncId=3973255, mIsContainTask1=0, mIsContainTaskOther=0
09-16 20:32:03.499  1327  1327 E MI-SF   : MiSurfaceFlingerImpl.cpp.vsyncId=3973255, oldVsyncId=3973255, layerName=Surface(name=WindowToken{660df1a type=2003 android.os.BinderProxy@34689c5}#6020)/@0xa413c28 - animation-leash of token_transform#6034
09-16 20:32:03.499  1327  1327 E MI-SF   : MiSurfaceFlingerImpl.cpp.vsyncId=3973255, mIsContainTask1=0, mIsContainTaskOther=0
09-16 20:32:03.499  1327  1327 E MI-SF   : MiSurfaceFlingerImpl.cpp.vsyncId=3973255, oldVsyncId=3973255, layerName=Surface(name=WindowToken{3d232f1 type=2026 android.os.BinderProxy@ab10c7b}#6016)/@0x639f557 - animation-leash of token_transform#6036
09-16 20:32:03.499  1327  1327 E MI-SF   : MiSurfaceFlingerImpl.cpp.vsyncId=3973255, mIsContainTask1=0, mIsContainTaskOther=0
09-16 20:32:03.499  1327  1327 E MI-SF   : MiSurfaceFlingerImpl.cpp.vsyncId=3973255, oldVsyncId=3973255, layerName=Surface(name=WindowToken{64110f4 type=2027 android.os.BinderProxy@48896e1}#69)/@0x29c5463 - animation-leash of token_transform#6035
09-16 20:32:03.499  1327  1327 E MI-SF   : MiSurfaceFlingerImpl.cpp.vsyncId=3973255, mIsContainTask1=0, mIsContainTaskOther=0
09-16 20:32:03.499  1327  1327 E MI-SF   : MiSurfaceFlingerImpl.cpp.vsyncId=3973255, oldVsyncId=3973255, layerName=Surface(name=WindowToken{6d05883 type=2027 android.os.BinderProxy@e95d332}#67)/@0x9ffca00 - animation-leash of token_transform#6033
09-16 20:32:03.499  1327  1327 E MI-SF   : MiSurfaceFlingerImpl.cpp.vsyncId=3973255, mIsContainTask1=0, mIsContainTaskOther=0
09-16 20:32:03.499  1327  1327 E MI-SF   : MiSurfaceFlingerImpl.cpp.vsyncId=3973255, oldVsyncId=3973255, layerName=Surface(name=WindowToken{a7d80e1 type=2000 android.os.BinderProxy@782cceb}#109)/@0x3ba9e06 - animation-leash of token_transform#6031
09-16 20:32:03.499  1327  1327 E MI-SF   : MiSurfaceFlingerImpl.cpp.vsyncId=3973255, mIsContainTask1=0, mIsContainTaskOther=0
09-16 20:32:03.499  1327  1327 E MI-SF   : MiSurfaceFlingerImpl.cpp.vsyncId=3973255, oldVsyncId=3973255, layerName=Surface(name=WindowToken{85a90fd type=2024 android.os.BinderProxy@8201954}#72)/@0xd0f76c0 - animation-leash of token_transform#6032
09-16 20:32:03.499  1327  1327 E MI-SF   : MiSurfaceFlingerImpl.cpp.vsyncId=3973255, mIsContainTask1=0, mIsContainTaskOther=0
09-16 20:32:03.500  3365  3528 I ShellTransitions: Is abandon offsetY: false
09-16 20:32:03.500  3365  3528 I ShellTransitions: Is abandon offsetY: false
09-16 20:32:03.501  1090  1090 D Zygote  : Forked child process 5663
09-16 20:32:03.501  3365  3528 E KeyguardTransitionHandlerImpl: activityCount = 0
09-16 20:32:03.501  1327  1327 E SurfaceFlinger: MiSurfaceFlingerStub isAnimationScene
09-16 20:32:03.503  2400  2513 I ActivityManager: Start proc 5663:com.hzc23.nonocontroller/u0a101 for top-activity {com.hzc23.nonocontroller/com.hzc23.nonocontroller.MainActivity} caller=com.miui.home
09-16 20:32:03.506  3365  3528 D ShellTransitions:  DefaultMixedHandler.recentsTransitionHandler = com.android.wm.shell.recents.RecentsTransitionHandler@bbe205e mGestureStateUpdateCallback = null
09-16 20:32:03.507  1327  1327 E MI-SF   : MiSurfaceFlingerImpl.cpp.vsyncId=3973277, oldVsyncId=3973255, layerName=com.miui.home/com.miui.home.launcher.Launcher#5997
09-16 20:32:03.507  1327  1327 E MI-SF   : MiSurfaceFlingerImpl.cpp.vsyncId=3973277, mIsContainTask1=0, mIsContainTaskOther=0
09-16 20:32:03.507  1327  1327 E MI-SF   : MiSurfaceFlingerImpl.cpp.vsyncId=3973277, oldVsyncId=3973277, layerName=Surface(name=WindowToken{660df1a type=2003 android.os.BinderProxy@34689c5}#6020)/@0xa413c28 - animation-leash of token_transform#6034
09-16 20:32:03.507  1327  1327 E MI-SF   : MiSurfaceFlingerImpl.cpp.vsyncId=3973277, mIsContainTask1=0, mIsContainTaskOther=0
09-16 20:32:03.507  1327  1327 E MI-SF   : MiSurfaceFlingerImpl.cpp.vsyncId=3973277, oldVsyncId=3973277, layerName=Surface(name=WindowToken{3d232f1 type=2026 android.os.BinderProxy@ab10c7b}#6016)/@0x639f557 - animation-leash of token_transform#6036
09-16 20:32:03.507  1327  1327 E MI-SF   : MiSurfaceFlingerImpl.cpp.vsyncId=3973277, mIsContainTask1=0, mIsContainTaskOther=0
09-16 20:32:03.507  1327  1327 E MI-SF   : MiSurfaceFlingerImpl.cpp.vsyncId=3973277, oldVsyncId=3973277, layerName=Surface(name=WindowToken{64110f4 type=2027 android.os.BinderProxy@48896e1}#69)/@0x29c5463 - animation-leash of token_transform#6035
09-16 20:32:03.507  1327  1327 E MI-SF   : MiSurfaceFlingerImpl.cpp.vsyncId=3973277, mIsContainTask1=0, mIsContainTaskOther=0
09-16 20:32:03.507  1327  1327 E MI-SF   : MiSurfaceFlingerImpl.cpp.vsyncId=3973277, oldVsyncId=3973277, layerName=Surface(name=WindowToken{6d05883 type=2027 android.os.BinderProxy@e95d332}#67)/@0x9ffca00 - animation-leash of token_transform#6033
09-16 20:32:03.507  1327  1327 E MI-SF   : MiSurfaceFlingerImpl.cpp.vsyncId=3973277, mIsContainTask1=0, mIsContainTaskOther=0
09-16 20:32:03.507  1327  1327 E MI-SF   : MiSurfaceFlingerImpl.cpp.vsyncId=3973277, oldVsyncId=3973277, layerName=Surface(name=WindowToken{a7d80e1 type=2000 android.os.BinderProxy@782cceb}#109)/@0x3ba9e06 - animation-leash of token_transform#6031
09-16 20:32:03.508  1327  1327 E MI-SF   : MiSurfaceFlingerImpl.cpp.vsyncId=3973277, mIsContainTask1=0, mIsContainTaskOther=0
09-16 20:32:03.508  1327  1327 E MI-SF   : MiSurfaceFlingerImpl.cpp.vsyncId=3973277, oldVsyncId=3973277, layerName=Surface(name=WindowToken{85a90fd type=2024 android.os.BinderProxy@8201954}#72)/@0xd0f76c0 - animation-leash of token_transform#6032
09-16 20:32:03.508  1327  1327 E MI-SF   : MiSurfaceFlingerImpl.cpp.vsyncId=3973277, mIsContainTask1=0, mIsContainTaskOther=0
09-16 20:32:03.508  1327  1327 E MI-SF   : MiSurfaceFlingerImpl.cpp.vsyncId=3973277, oldVsyncId=3973277, layerName=Surface(name=WindowToken{660df1a type=2003 android.os.BinderProxy@34689c5}#6020)/@0xa413c28 - animation-leash of token_transform#6034
09-16 20:32:03.508  1327  1327 E MI-SF   : MiSurfaceFlingerImpl.cpp.vsyncId=3973277, mIsContainTask1=0, mIsContainTaskOther=0
09-16 20:32:03.508  1327  1327 E MI-SF   : MiSurfaceFlingerImpl.cpp.vsyncId=3973277, oldVsyncId=3973277, layerName=Surface(name=WindowToken{3d232f1 type=2026 android.os.BinderProxy@ab10c7b}#6016)/@0x639f557 - animation-leash of token_transform#6036
09-16 20:32:03.508  1327  1327 E MI-SF   : MiSurfaceFlingerImpl.cpp.vsyncId=3973277, mIsContainTask1=0, mIsContainTaskOther=0
09-16 20:32:03.508  1327  1327 E MI-SF   : MiSurfaceFlingerImpl.cpp.vsyncId=3973277, oldVsyncId=3973277, layerName=Surface(name=WindowToken{64110f4 type=2027 android.os.BinderProxy@48896e1}#69)/@0x29c5463 - animation-leash of token_transform#6035
09-16 20:32:03.508  1327  1327 E MI-SF   : MiSurfaceFlingerImpl.cpp.vsyncId=3973277, mIsContainTask1=0, mIsContainTaskOther=0
09-16 20:32:03.508  1327  1327 E MI-SF   : MiSurfaceFlingerImpl.cpp.vsyncId=3973277, oldVsyncId=3973277, layerName=Surface(name=WindowToken{6d05883 type=2027 android.os.BinderProxy@e95d332}#67)/@0x9ffca00 - animation-leash of token_transform#6033
09-16 20:32:03.508  1327  1327 E MI-SF   : MiSurfaceFlingerImpl.cpp.vsyncId=3973277, mIsContainTask1=0, mIsContainTaskOther=0
09-16 20:32:03.508  1327  1327 E MI-SF   : MiSurfaceFlingerImpl.cpp.vsyncId=3973277, oldVsyncId=3973277, layerName=Surface(name=WindowToken{a7d80e1 type=2000 android.os.BinderProxy@782cceb}#109)/@0x3ba9e06 - animation-leash of token_transform#6031
09-16 20:32:03.508  1327  1327 E MI-SF   : MiSurfaceFlingerImpl.cpp.vsyncId=3973277, mIsContainTask1=0, mIsContainTaskOther=0
09-16 20:32:03.508  1327  1327 E MI-SF   : MiSurfaceFlingerImpl.cpp.vsyncId=3973277, oldVsyncId=3973277, layerName=Surface(name=WindowToken{85a90fd type=2024 android.os.BinderProxy@8201954}#72)/@0xd0f76c0 - animation-leash of token_transform#6032
09-16 20:32:03.508  1327  1327 E MI-SF   : MiSurfaceFlingerImpl.cpp.vsyncId=3973277, mIsContainTask1=0, mIsContainTaskOther=0
09-16 20:32:03.509  1327  1327 E SurfaceFlinger: MiSurfaceFlingerStub isAnimationScene
09-16 20:32:03.513  3365  3528 D MultiTaskingTaskRepository: addOrMoveFullscreenTaskToTop taskId=208
09-16 20:32:03.516  1327  1327 E MI-SF   : MiSurfaceFlingerImpl.cpp.vsyncId=3973292, oldVsyncId=3973277, layerName=com.miui.home/com.miui.home.launcher.Launcher#5997
09-16 20:32:03.516  2400  2513 W ActivityManager: Slow operation: 62ms so far, now at startProcess: done updating pids map
09-16 20:32:03.516  1327  1327 E MI-SF   : MiSurfaceFlingerImpl.cpp.vsyncId=3973292, mIsContainTask1=0, mIsContainTaskOther=0
09-16 20:32:03.516  1327  1327 E MI-SF   : MiSurfaceFlingerImpl.cpp.vsyncId=3973292, oldVsyncId=3973292, layerName=com.miui.home/com.miui.home.launcher.Launcher#5997
09-16 20:32:03.516  1327  1327 E MI-SF   : MiSurfaceFlingerImpl.cpp.vsyncId=3973292, mIsContainTask1=0, mIsContainTaskOther=0
09-16 20:32:03.516  1327  1327 E MI-SF   : MiSurfaceFlingerImpl.cpp.vsyncId=3973292, oldVsyncId=3973292, layerName=Surface(name=WindowToken{660df1a type=2003 android.os.BinderProxy@34689c5}#6020)/@0xa413c28 - animation-leash of token_transform#6034
09-16 20:32:03.516  1327  1327 E MI-SF   : MiSurfaceFlingerImpl.cpp.vsyncId=3973292, mIsContainTask1=0, mIsContainTaskOther=0
09-16 20:32:03.516  1327  1327 E MI-SF   : MiSurfaceFlingerImpl.cpp.vsyncId=3973292, oldVsyncId=3973292, layerName=Surface(name=WindowToken{3d232f1 type=2026 android.os.BinderProxy@ab10c7b}#6016)/@0x639f557 - animation-leash of token_transform#6036
09-16 20:32:03.516  1327  1327 E MI-SF   : MiSurfaceFlingerImpl.cpp.vsyncId=3973292, mIsContainTask1=0, mIsContainTaskOther=0
09-16 20:32:03.516  1327  1327 E MI-SF   : MiSurfaceFlingerImpl.cpp.vsyncId=3973292, oldVsyncId=3973292, layerName=Surface(name=WindowToken{64110f4 type=2027 android.os.BinderProxy@48896e1}#69)/@0x29c5463 - animation-leash of token_transform#6035
09-16 20:32:03.516  1327  1327 E MI-SF   : MiSurfaceFlingerImpl.cpp.vsyncId=3973292, mIsContainTask1=0, mIsContainTaskOther=0
09-16 20:32:03.516  1327  1327 E MI-SF   : MiSurfaceFlingerImpl.cpp.vsyncId=3973292, oldVsyncId=3973292, layerName=Surface(name=WindowToken{6d05883 type=2027 android.os.BinderProxy@e95d332}#67)/@0x9ffca00 - animation-leash of token_transform#6033
09-16 20:32:03.516  1327  1327 E MI-SF   : MiSurfaceFlingerImpl.cpp.vsyncId=3973292, mIsContainTask1=0, mIsContainTaskOther=0
09-16 20:32:03.516  1327  1327 E MI-SF   : MiSurfaceFlingerImpl.cpp.vsyncId=3973292, oldVsyncId=3973292, layerName=Surface(name=WindowToken{a7d80e1 type=2000 android.os.BinderProxy@782cceb}#109)/@0x3ba9e06 - animation-leash of token_transform#6031
09-16 20:32:03.516  1327  1327 E MI-SF   : MiSurfaceFlingerImpl.cpp.vsyncId=3973292, mIsContainTask1=0, mIsContainTaskOther=0
09-16 20:32:03.516  1327  1327 E MI-SF   : MiSurfaceFlingerImpl.cpp.vsyncId=3973292, oldVsyncId=3973292, layerName=Surface(name=WindowToken{85a90fd type=2024 android.os.BinderProxy@8201954}#72)/@0xd0f76c0 - animation-leash of token_transform#6032
09-16 20:32:03.516  1327  1327 E MI-SF   : MiSurfaceFlingerImpl.cpp.vsyncId=3973292, mIsContainTask1=0, mIsContainTaskOther=0
09-16 20:32:03.516  1327  1327 E MI-SF   : MiSurfaceFlingerImpl.cpp.vsyncId=3973292, oldVsyncId=3973292, layerName=Surface(name=WindowToken{660df1a type=2003 android.os.BinderProxy@34689c5}#6020)/@0xa413c28 - animation-leash of token_transform#6034
09-16 20:32:03.516  1327  1327 E MI-SF   : MiSurfaceFlingerImpl.cpp.vsyncId=3973292, mIsContainTask1=0, mIsContainTaskOther=0
09-16 20:32:03.516  1327  1327 E MI-SF   : MiSurfaceFlingerImpl.cpp.vsyncId=3973292, oldVsyncId=3973292, layerName=Surface(name=WindowToken{3d232f1 type=2026 android.os.BinderProxy@ab10c7b}#6016)/@0x639f557 - animation-leash of token_transform#6036
09-16 20:32:03.516  1327  1327 E MI-SF   : MiSurfaceFlingerImpl.cpp.vsyncId=3973292, mIsContainTask1=0, mIsContainTaskOther=0
09-16 20:32:03.516  1327  1327 E MI-SF   : MiSurfaceFlingerImpl.cpp.vsyncId=3973292, oldVsyncId=3973292, layerName=Surface(name=WindowToken{64110f4 type=2027 android.os.BinderProxy@48896e1}#69)/@0x29c5463 - animation-leash of token_transform#6035
09-16 20:32:03.516  1327  1327 E MI-SF   : MiSurfaceFlingerImpl.cpp.vsyncId=3973292, mIsContainTask1=0, mIsContainTaskOther=0
09-16 20:32:03.516  1327  1327 E MI-SF   : MiSurfaceFlingerImpl.cpp.vsyncId=3973292, oldVsyncId=3973292, layerName=Surface(name=WindowToken{6d05883 type=2027 android.os.BinderProxy@e95d332}#67)/@0x9ffca00 - animation-leash of token_transform#6033
09-16 20:32:03.516  1327  1327 E MI-SF   : MiSurfaceFlingerImpl.cpp.vsyncId=3973292, mIsContainTask1=0, mIsContainTaskOther=0
09-16 20:32:03.516  1327  1327 E MI-SF   : MiSurfaceFlingerImpl.cpp.vsyncId=3973292, oldVsyncId=3973292, layerName=Surface(name=WindowToken{a7d80e1 type=2000 android.os.BinderProxy@782cceb}#109)/@0x3ba9e06 - animation-leash of token_transform#6031
09-16 20:32:03.516  1327  1327 E MI-SF   : MiSurfaceFlingerImpl.cpp.vsyncId=3973292, mIsContainTask1=0, mIsContainTaskOther=0
09-16 20:32:03.516  1327  1327 E MI-SF   : MiSurfaceFlingerImpl.cpp.vsyncId=3973292, oldVsyncId=3973292, layerName=Surface(name=WindowToken{85a90fd type=2024 android.os.BinderProxy@8201954}#72)/@0xd0f76c0 - animation-leash of token_transform#6032
09-16 20:32:03.516  1327  1327 E MI-SF   : MiSurfaceFlingerImpl.cpp.vsyncId=3973292, mIsContainTask1=0, mIsContainTaskOther=0
09-16 20:32:03.517  2400  4509 I ATMSImpl: cacheTasksForDefaultDisplay size=2
09-16 20:32:03.518  1327  1327 E SurfaceFlinger: MiSurfaceFlingerStub isAnimationScene
09-16 20:32:03.519  3402  3804 D RecentsModel: getRunningTask ignoreActivityType : 2 ,ignoreWindowMode:5
09-16 20:32:03.520  3402  3804 W RecentsModel: getRunningTask   taskInfo=TaskInfo{userId=0 taskId=208 displayId=0 isRunning=true baseIntent=Intent { act=android.intent.action.MAIN cat=[android.intent.category.LAUNCHER] flg=0x10200000 cmp=com.hzc23.nonocontroller/.MainActivity } baseActivity=ComponentInfo{com.hzc23.nonocontroller/com.hzc23.nonocontroller.MainActivity} topActivity=ComponentInfo{com.hzc23.nonocontroller/com.hzc23.nonocontroller.MainActivity} origActivity=null realActivity=ComponentInfo{com.hzc23.nonocontroller/com.hzc23.nonocontroller.MainActivity} numActivities=1 lastActiveTime=13404589 supportsSplitScreenMultiWindow=true supportsMultiWindow=true resizeMode=1 isResizeable=true minWidth=-1 minHeight=-1 defaultMinSize=200 token=WCT{android.window.IWindowContainerToken$Stub$Proxy@de945f4} topActivityType=1 pictureInPictureParams=null shouldDockBigOverlays=false launchIntoPipHostTaskId=-1 lastParentTaskIdBeforePip=-1 displayCutoutSafeInsets=null topActivityInfo=ActivityInfo{e5b511d com.hzc23.nonocontroller.MainActivity} launchCookies=[] positionInParent=Point(0, 0) parentTaskId=-1 isFocused=false isVisible=true isVisibleRequested=true isSleeping=false locusId=null displayAreaFeatureId=1 isTopActivityTransparent=false appCompatTaskInfo=AppCompatTaskInfo { topActivityInSizeCompat=false topActivityInMiuiSizeCompat=false topActivityEligibleForLetterboxEducation= falseisLetterboxEducationEnabled= false isLetterboxDoubleTapEnabled= false topActivityEligibleForUserAspectRatioButton= false topActivityBoundsLetterboxed= false isFromLetterboxDoubleTap= false topActivityLetterboxVerticalPosition= -1 topActivityLetterboxHorizontalPosition= -1 topActivityLetterboxWidth=2400 topActivityLetterboxHeight=1080 isUserFullscreenOverrideEnabled=false isSystemFullscreenOverrideEnabled=false cameraCompatTaskInfo=CameraCompatTaskInfo { cameraCompatControlState=hidden freeformCameraCompatMode=inactive}} isImmersive=false mTopActivityRequestOrientation=0 mBehindAppLockPkg=null mOriginatingUid=0 isEmbedded=false shouldBeVisible=true mIsCastMode=false mTopActivityMediaSize=null mTopActivityRecordName=ActivityRecord{1e84d0a u0 com.hzc23.nonocontroller/.MainActivity t208} mTopActivityOrientation=0}
09-16 20:32:03.520  3402  3804 D RecentsModel: preloadRecents runningTaskId:208, mCurrentRunningTaskId:-1, mRecentsTaskLoadPlan=com.android.systemui.shared.recents.model.RecentsTaskLoadPlan@9068f92
09-16 20:32:03.521  3402  3804 E ActivityManagerWrapper: get all recent tasks force including 208
09-16 20:32:03.521  3402 16694 I WindowTransitionCompat: TransitionTest HomeShellTransition IRemoteTransition startAnimation
09-16 20:32:03.521  3402 16694 E WindowTransitionCompat: startAnimation isFastLaunch = false
09-16 20:32:03.522  3365  3365 E onWindowDecorRectChanged: start size:1
09-16 20:32:03.522  3365  3365 E onWindowDecorRectChanged: windowDecorRect: Rect(454, 12 - 625, 123)
09-16 20:32:03.524  1327  1327 E MI-SF   : MiSurfaceFlingerImpl.cpp.vsyncId=3973314, oldVsyncId=3973292, layerName=com.miui.home/com.miui.home.launcher.Launcher#5997
09-16 20:32:03.525  1327  1327 E MI-SF   : MiSurfaceFlingerImpl.cpp.vsyncId=3973314, mIsContainTask1=0, mIsContainTaskOther=0
09-16 20:32:03.525  1327  1327 E MI-SF   : MiSurfaceFlingerImpl.cpp.vsyncId=3973314, oldVsyncId=3973314, layerName=com.miui.home/com.miui.home.launcher.Launcher#5997
09-16 20:32:03.525  1327  1327 E MI-SF   : MiSurfaceFlingerImpl.cpp.vsyncId=3973314, mIsContainTask1=0, mIsContainTaskOther=0
09-16 20:32:03.525  1327  1327 E MI-SF   : MiSurfaceFlingerImpl.cpp.vsyncId=3973314, oldVsyncId=3973314, layerName=Surface(name=WindowToken{660df1a type=2003 android.os.BinderProxy@34689c5}#6020)/@0xa413c28 - animation-leash of token_transform#6034
09-16 20:32:03.525  1327  1327 E MI-SF   : MiSurfaceFlingerImpl.cpp.vsyncId=3973314, mIsContainTask1=0, mIsContainTaskOther=0
09-16 20:32:03.525  1327  1327 E MI-SF   : MiSurfaceFlingerImpl.cpp.vsyncId=3973314, oldVsyncId=3973314, layerName=Surface(name=WindowToken{3d232f1 type=2026 android.os.BinderProxy@ab10c7b}#6016)/@0x639f557 - animation-leash of token_transform#6036
09-16 20:32:03.525  1327  1327 E MI-SF   : MiSurfaceFlingerImpl.cpp.vsyncId=3973314, mIsContainTask1=0, mIsContainTaskOther=0
09-16 20:32:03.525  1327  1327 E MI-SF   : MiSurfaceFlingerImpl.cpp.vsyncId=3973314, oldVsyncId=3973314, layerName=Surface(name=WindowToken{64110f4 type=2027 android.os.BinderProxy@48896e1}#69)/@0x29c5463 - animation-leash of token_transform#6035
09-16 20:32:03.525  1327  1327 E MI-SF   : MiSurfaceFlingerImpl.cpp.vsyncId=3973314, mIsContainTask1=0, mIsContainTaskOther=0
09-16 20:32:03.525  1327  1327 E MI-SF   : MiSurfaceFlingerImpl.cpp.vsyncId=3973314, oldVsyncId=3973314, layerName=Surface(name=WindowToken{6d05883 type=2027 android.os.BinderProxy@e95d332}#67)/@0x9ffca00 - animation-leash of token_transform#6033
09-16 20:32:03.525  1327  1327 E MI-SF   : MiSurfaceFlingerImpl.cpp.vsyncId=3973314, mIsContainTask1=0, mIsContainTaskOther=0
09-16 20:32:03.525  1327  1327 E MI-SF   : MiSurfaceFlingerImpl.cpp.vsyncId=3973314, oldVsyncId=3973314, layerName=Surface(name=WindowToken{a7d80e1 type=2000 android.os.BinderProxy@782cceb}#109)/@0x3ba9e06 - animation-leash of token_transform#6031
09-16 20:32:03.525  1327  1327 E MI-SF   : MiSurfaceFlingerImpl.cpp.vsyncId=3973314, mIsContainTask1=0, mIsContainTaskOther=0
09-16 20:32:03.525  1327  1327 E MI-SF   : MiSurfaceFlingerImpl.cpp.vsyncId=3973314, oldVsyncId=3973314, layerName=Surface(name=WindowToken{85a90fd type=2024 android.os.BinderProxy@8201954}#72)/@0xd0f76c0 - animation-leash of token_transform#6032
09-16 20:32:03.525  1327  1327 E MI-SF   : MiSurfaceFlingerImpl.cpp.vsyncId=3973314, mIsContainTask1=0, mIsContainTaskOther=0
09-16 20:32:03.525  1327  1327 E MI-SF   : MiSurfaceFlingerImpl.cpp.vsyncId=3973314, oldVsyncId=3973314, layerName=13f4cc7 StatusBar#110
09-16 20:32:03.525  1327  1327 E MI-SF   : MiSurfaceFlingerImpl.cpp.vsyncId=3973314, mIsContainTask1=0, mIsContainTaskOther=0
09-16 20:32:03.525  1327  1327 E MI-SF   : MiSurfaceFlingerImpl.cpp.vsyncId=3973314, oldVsyncId=3973314, layerName=Surface(name=13f4cc7 StatusBar#110)/@0xef04a1d - animation-leash of insets_animation#6003
09-16 20:32:03.525  1327  1327 E MI-SF   : MiSurfaceFlingerImpl.cpp.vsyncId=3973314, mIsContainTask1=0, mIsContainTaskOther=0
09-16 20:32:03.525  1327  1327 E MI-SF   : MiSurfaceFlingerImpl.cpp.vsyncId=3973314, oldVsyncId=3973314, layerName=8fe1204 ActivityRecordInputSink com.miui.home/.launcher.Launcher#66
09-16 20:32:03.525  1327  1327 E MI-SF   : MiSurfaceFlingerImpl.cpp.vsyncId=3973314, mIsContainTask1=0, mIsContainTaskOther=0
09-16 20:32:03.525  1327  1327 E MI-SF   : MiSurfaceFlingerImpl.cpp.vsyncId=3973314, oldVsyncId=3973314, layerName=Surface(name=13f4cc7 StatusBar#110)/@0xef04a1d - animation-leash of insets_animation#6039
09-16 20:32:03.525  1327  1327 E MI-SF   : MiSurfaceFlingerImpl.cpp.vsyncId=3973314, mIsContainTask1=0, mIsContainTaskOther=0
09-16 20:32:03.525  1327  1327 E MI-SF   : MiSurfaceFlingerImpl.cpp.vsyncId=3973314, oldVsyncId=3973314, layerName=Input Consumer recents_animation_input_consumer#71
09-16 20:32:03.525  1327  1327 E MI-SF   : MiSurfaceFlingerImpl.cpp.vsyncId=3973314, mIsContainTask1=0, mIsContainTaskOther=0
09-16 20:32:03.525  1327  1327 E MI-SF   : MiSurfaceFlingerImpl.cpp.vsyncId=3973314, oldVsyncId=3973314, layerName=71e097b ActivityRecordInputSink com.hzc23.nonocontroller/.MainActivity#6040
09-16 20:32:03.525  1327  1327 E MI-SF   : MiSurfaceFlingerImpl.cpp.vsyncId=3973314, mIsContainTask1=0, mIsContainTaskOther=0
09-16 20:32:03.525  1327  1327 E MI-SF   : MiSurfaceFlingerImpl.cpp.vsyncId=3973314, oldVsyncId=3973314, layerName=Surface(name=WindowToken{660df1a type=2003 android.os.BinderProxy@34689c5}#6020)/@0xa413c28 - animation-leash of token_transform#6034
09-16 20:32:03.525  1327  1327 E MI-SF   : MiSurfaceFlingerImpl.cpp.vsyncId=3973314, mIsContainTask1=0, mIsContainTaskOther=0
09-16 20:32:03.525  1327  1327 E MI-SF   : MiSurfaceFlingerImpl.cpp.vsyncId=3973314, oldVsyncId=3973314, layerName=Surface(name=WindowToken{3d232f1 type=2026 android.os.BinderProxy@ab10c7b}#6016)/@0x639f557 - animation-leash of token_transform#6036
09-16 20:32:03.525  1327  1327 E MI-SF   : MiSurfaceFlingerImpl.cpp.vsyncId=3973314, mIsContainTask1=0, mIsContainTaskOther=0
09-16 20:32:03.525  1327  1327 E MI-SF   : MiSurfaceFlingerImpl.cpp.vsyncId=3973314, oldVsyncId=3973314, layerName=Surface(name=WindowToken{64110f4 type=2027 android.os.BinderProxy@48896e1}#69)/@0x29c5463 - animation-leash of token_transform#6035
09-16 20:32:03.525  1327  1327 E MI-SF   : MiSurfaceFlingerImpl.cpp.vsyncId=3973314, mIsContainTask1=0, mIsContainTaskOther=0
09-16 20:32:03.525  1327  1327 E MI-SF   : MiSurfaceFlingerImpl.cpp.vsyncId=3973314, oldVsyncId=3973314, layerName=Surface(name=WindowToken{6d05883 type=2027 android.os.BinderProxy@e95d332}#67)/@0x9ffca00 - animation-leash of token_transform#6033
09-16 20:32:03.525  1327  1327 E MI-SF   : MiSurfaceFlingerImpl.cpp.vsyncId=3973314, mIsContainTask1=0, mIsContainTaskOther=0
09-16 20:32:03.525  1327  1327 E MI-SF   : MiSurfaceFlingerImpl.cpp.vsyncId=3973314, oldVsyncId=3973314, layerName=Surface(name=WindowToken{a7d80e1 type=2000 android.os.BinderProxy@782cceb}#109)/@0x3ba9e06 - animation-leash of token_transform#6031
09-16 20:32:03.525  1327  1327 E MI-SF   : MiSurfaceFlingerImpl.cpp.vsyncId=3973314, mIsContainTask1=0, mIsContainTaskOther=0
09-16 20:32:03.525  1327  1327 E MI-SF   : MiSurfaceFlingerImpl.cpp.vsyncId=3973314, oldVsyncId=3973314, layerName=Surface(name=WindowToken{85a90fd type=2024 android.os.BinderProxy@8201954}#72)/@0xd0f76c0 - animation-leash of token_transform#6032
09-16 20:32:03.525  1327  1327 E MI-SF   : MiSurfaceFlingerImpl.cpp.vsyncId=3973314, mIsContainTask1=0, mIsContainTaskOther=0
09-16 20:32:03.527  1327  1327 E SurfaceFlinger: MiSurfaceFlingerStub isAnimationScene
09-16 20:32:03.527  5663  5663 E Zygote  : process_name_ptr:5663 com.hzc23.nonocontroller
09-16 20:32:03.527  5663  5663 E Zygote  : SetMemoryProtected process_name_ptr:5663 com.hzc23.nonocontroller
09-16 20:32:03.528  3402  3804 E ActivityManagerWrapper: getRecentTasksForceIncludingTaskIdIfValid: getRecentTasks: size=2
09-16 20:32:03.528  3402  3804 E ActivityManagerWrapper:  mainTaskId=208   userId=0   windowMode=1   baseIntent=Intent { act=android.intent.action.MAIN flag=270532608 cmp=ComponentInfo{com.hzc23.nonocontroller/com.hzc23.nonocontroller.MainActivity} }
09-16 20:32:03.528  3402  3804 E ActivityManagerWrapper:  mainTaskId=145   userId=0   windowMode=0   baseIntent=Intent { act=android.intent.action.MAIN flag=270532608 cmp=ComponentInfo{com.nothing.smartcenter/com.nothing.smartcenter.host.MainActivity} }
09-16 20:32:03.531  3402 16694 D EventBus: No subscribers registered for event class com.miui.home.recents.messages.RecentTasksChangedEvent
09-16 20:32:03.531  3402 16694 D EventBus: No subscribers registered for event class org.greenrobot.eventbus.NoSubscriberEvent
09-16 20:32:03.532  3402  3666 D WindowTransitionCompat: printLeash::TransitionInfo = {id=311 t=OPEN f=0x0 trk=0 r=[0@Point(0, 0)] c=[{WCT{android.window.IWindowContainerToken$Stub$Proxy@475cd63} m=OPEN f=NONE leash=Surface(name=Task=208#6028)/@0x3939d48 sb=Rect(0, 0 - 1080, 2400) eb=Rect(0, 0 - 1080, 2400) d=0 endFixedRotation=1 taskParent=-1 v=true},{WCT{android.window.IWindowContainerToken$Stub$Proxy@84ecd60} m=TO_BACK f=SHOW_WALLPAPER leash=Surface(name=Task=1#47)/@0xd7617e1 sb=Rect(0, 0 - 1080, 2400) eb=Rect(0, 0 - 1080, 2400) d=0 taskParent=-1 v=false}] mk=[false] noAni=[false] df=[false] rsa=[false] oa=[false] ho=[false] iSync=[-1]}
09-16 20:32:03.532  3402  3666 D WindowTransitionCompat: printLeash::index = 0, change = {WCT{android.window.IWindowContainerToken$Stub$Proxy@475cd63} m=OPEN f=NONE leash=Surface(name=Task=208#6028)/@0x3939d48 sb=Rect(0, 0 - 1080, 2400) eb=Rect(0, 0 - 1080, 2400) d=0 endFixedRotation=1 taskParent=-1 v=true}
