09-17 07:17:42.822  3402  3402 I WindowElement: 	at android.view.ViewGroup.dispatchTransformedTouchEvent(ViewGroup.java:3158)
09-17 07:17:42.822  3402  3402 I WindowElement: 	at android.view.ViewGroup.dispatchTouchEvent(ViewGroup.java:2826)
09-17 07:17:42.822  3402  3402 I WindowElement: 	at android.view.ViewGroup.dispatchTransformedTouchEvent(ViewGroup.java:3158)
09-17 07:17:42.822  3402  3402 I WindowElement: 	at android.view.ViewGroup.dispatchTouchEvent(ViewGroup.java:2826)
09-17 07:17:42.822  3402  3402 I WindowElement: 	at com.miui.home.launcher.Workspace.dispatchTouchEvent(Workspace.java:842)
09-17 07:17:42.822  3402  3402 I WindowElement: 	at android.view.ViewGroup.dispatchTransformedTouchEvent(ViewGroup.java:3158)
09-17 07:17:42.822  3402  3402 I WindowElement: 	at android.view.ViewGroup.dispatchTouchEvent(ViewGroup.java:2826)
09-17 07:17:42.822  3402  3402 I WindowElement: 	at android.view.ViewGroup.dispatchTransformedTouchEvent(ViewGroup.java:3158)
09-17 07:17:42.822  3402  3402 I WindowElement: 	at android.view.ViewGroup.dispatchTouchEvent(ViewGroup.java:2826)
09-17 07:17:42.822  3402  3402 I WindowElement: 	at android.view.ViewGroup.dispatchTransformedTouchEvent(ViewGroup.java:3158)
09-17 07:17:42.822  3402  3402 I WindowElement: 	at android.view.ViewGroup.dispatchTouchEvent(ViewGroup.java:2826)
09-17 07:17:42.822  3402  3402 I WindowElement: 	at com.miui.home.launcher.SuperDraglayer.dispatchTouchEvent(SuperDraglayer.java:288)
09-17 07:17:42.822  3402  3402 I WindowElement: 	at android.view.ViewGroup.dispatchTransformedTouchEvent(ViewGroup.java:3158)
09-17 07:17:42.822  3402  3402 I WindowElement: 	at android.view.ViewGroup.dispatchTouchEvent(ViewGroup.java:2826)
09-17 07:17:42.822  3402  3402 I WindowElement: 	at com.miui.home.launcher.ShortcutMenuLayer.dispatchTouchEvent(ShortcutMenuLayer.java:157)
09-17 07:17:42.822  3402  3402 I WindowElement: 	at android.view.ViewGroup.dispatchTransformedTouchEvent(ViewGroup.java:3158)
09-17 07:17:42.822  3402  3402 I WindowElement: 	at android.view.ViewGroup.dispatchTouchEvent(ViewGroup.java:2826)
09-17 07:17:42.822  3402  3402 I WindowElement: 	at android.view.ViewGroup.dispatchTransformedTouchEvent(ViewGroup.java:3158)
09-17 07:17:42.822  3402  3402 I WindowElement: 	at android.view.ViewGroup.dispatchTouchEvent(ViewGroup.java:2826)
09-17 07:17:42.822  3402  3402 I WindowElement: 	at android.view.ViewGroup.dispatchTransformedTouchEvent(ViewGroup.java:3158)
09-17 07:17:42.822  3402  3402 I WindowElement: 	at android.view.ViewGroup.dispatchTouchEvent(ViewGroup.java:2826)
09-17 07:17:42.822  3402  3402 I WindowElement: 	at android.view.ViewGroup.dispatchTransformedTouchEvent(ViewGroup.java:3158)
09-17 07:17:42.823  3402  3402 I WindowElement: 	at android.view.ViewGroup.dispatchTouchEvent(ViewGroup.java:2826)
09-17 07:17:42.823  3402  3402 I WindowElement: 	at com.android.internal.policy.DecorView.superDispatchTouchEvent(DecorView.java:540)
09-17 07:17:42.823  3402  3402 I WindowElement: 	at com.android.internal.policy.PhoneWindow.superDispatchTouchEvent(PhoneWindow.java:1984)
09-17 07:17:42.823  3402  3402 I WindowElement: 	at android.app.Activity.dispatchTouchEvent(Activity.java:4689)
09-17 07:17:42.823  3402  3402 I WindowElement: 	at com.miui.home.launcher.Launcher.dispatchTouchEvent(Launcher.java:5681)
09-17 07:17:42.823  3402  3402 I WindowElement: 	at com.android.internal.policy.DecorView.dispatchTouchEvent(DecorView.java:498)
09-17 07:17:42.823  3402  3402 I WindowElement: 	at android.view.View.dispatchPointerEvent(View.java:16974)
09-17 07:17:42.823  3402  3402 I WindowElement: 	at com.xiaomi.mirror.MiuiMirrorImpl.isHandled(MiuiMirrorImpl.java:152)
09-17 07:17:42.823  3402  3402 I WindowElement: 	at android.view.ViewRootImpl$ViewPostImeInputStage.processPointerEvent(ViewRootImpl.java:8991)
09-17 07:17:42.823  3402  3402 I WindowElement: 	at android.view.ViewRootImpl$ViewPostImeInputStage.onProcess(ViewRootImpl.java:8733)
09-17 07:17:42.823  3402  3402 I WindowElement: 	at android.view.ViewRootImpl$InputStage.deliver(ViewRootImpl.java:8085)
09-17 07:17:42.823  3402  3402 I WindowElement: 	at android.view.ViewRootImpl$InputStage.onDeliverToNext(ViewRootImpl.java:8142)
09-17 07:17:42.823  3402  3402 I WindowElement: 	at android.view.ViewRootImpl$InputStage.forward(ViewRootImpl.java:8108)
09-17 07:17:42.823  3402  3402 I WindowElement: 	at android.view.ViewRootImpl$AsyncInputStage.forward(ViewRootImpl.java:8274)
09-17 07:17:42.823  3402  3402 I WindowElement: 	at android.view.ViewRootImpl$InputStage.apply(ViewRootImpl.java:8116)
09-17 07:17:42.823  3402  3402 I WindowElement: 	at android.view.ViewRootImpl$AsyncInputStage.apply(ViewRootImpl.java:8331)
09-17 07:17:42.823  3402  3402 I WindowElement: 	at android.view.ViewRootImpl$InputStage.deliver(ViewRootImpl.java:8089)
09-17 07:17:42.823  3402  3402 I WindowElement: 	at android.view.ViewRootImpl$InputStage.onDeliverToNext(ViewRootImpl.java:8142)
09-17 07:17:42.823  3402  3402 I WindowElement: 	at android.view.ViewRootImpl$InputStage.forward(ViewRootImpl.java:8108)
09-17 07:17:42.823  3402  3402 I WindowElement: 	at android.view.ViewRootImpl$InputStage.apply(ViewRootImpl.java:8116)
09-17 07:17:42.823  3402  3402 I WindowElement: 	at android.view.ViewRootImpl$InputStage.deliver(ViewRootImpl.java:8089)
09-17 07:17:42.823  3402  3402 I WindowElement: 	at android.view.ViewRootImpl.deliverInputEvent(ViewRootImpl.java:11402)
09-17 07:17:42.823  3402  3402 I WindowElement: 	at android.view.ViewRootImpl.doProcessInputEvents(ViewRootImpl.java:11353)
09-17 07:17:42.823  3402  3402 I WindowElement: 	at android.view.ViewRootImpl.enqueueInputEvent(ViewRootImpl.java:11314)
09-17 07:17:42.823  3402  3402 I WindowElement: 	at android.view.ViewRootImpl$WindowInputEventReceiver.onInputEvent(ViewRootImpl.java:11586)
09-17 07:17:42.823  3402  3402 I WindowElement: 	at android.view.InputEventReceiver.dispatchInputEvent(InputEventReceiver.java:337)
09-17 07:17:42.823  3402  3402 I WindowElement: 	at android.os.MessageQueue.nativePollOnce(Native Method)
09-17 07:17:42.823  3402  3402 I WindowElement: 	at android.os.MessageQueue.next(MessageQueue.java:355)
09-17 07:17:42.823  3402  3402 I WindowElement: 	at android.os.Looper.loopOnce(Looper.java:203)
09-17 07:17:42.823  3402  3402 I WindowElement: 	at android.os.Looper.loop(Looper.java:337)
09-17 07:17:42.823  3402  3402 I WindowElement: 	at android.app.ActivityThread.main(ActivityThread.java:9593)
09-17 07:17:42.823  3402  3402 I WindowElement: 	at java.lang.reflect.Method.invoke(Native Method)
09-17 07:17:42.823  3402  3402 I WindowElement: 	at com.android.internal.os.RuntimeInit$MethodAndArgsCaller.run(RuntimeInit.java:593)
09-17 07:17:42.823  3402  3402 I WindowElement: 	at com.android.internal.os.ZygoteInit.main(ZygoteInit.java:936)
09-17 07:17:42.823  1327  1327 E SurfaceFlinger: MiSurfaceFlingerStub isAnimationScene
09-17 07:17:42.823  3402  3402 D TransitionCallback: isFrameworkEnableCallback = true
09-17 07:17:42.823  3402  3402 D LauncherSoscController: Shell transition animation start, waiting to run: null
09-17 07:17:42.823  3402  3402 E Launcher.application: setClickAppWaitForCallback = true
09-17 07:17:42.823  2400  2702 D MiuiNetworkPolicy: updateLimit mLimitEnabled=false,enabled=true,mNetworkPriorityMode=0,mThermalForceMode=0
09-17 07:17:42.823  3402  3402 D TaskViewUtils: getSoscLaunchPosition: soscState = -1, launchPosition = 1
09-17 07:17:42.824  2400  2702 I MiuiNetworkPolicy: getEnableLimitTimeout when thermal mode is:0
09-17 07:17:42.824  3402  3402 D Launcher: startAppPair
09-17 07:17:42.824  3402  3402 D AnimStateManager: send event 9000 currentState = HomeState windowElement = com.miui.home.recents.anim.WindowElement@2f50653
09-17 07:17:42.824  3402  3402 I AnimStateManager: HomeState handle event 9000
09-17 07:17:42.824  3402  3402 I AnimStateManager: CommonState handle event 9000
09-17 07:17:42.824  3402  3402 I TransitionCallback: mainAnimNoFinishClear ALLOW_SHELL_FINISH_CALLBACK=true, mMainAnimFinishCallback=true, recentFinishController=true, mWaitFinishCallback: false
09-17 07:17:42.824  3402  3402 E Launcher: superStartActivity   type=13
09-17 07:17:42.826  2400  8059 W XSpaceManagerServiceImpl: checkXSpaceControl, from:com.miui.home, to:com.hzc23.nonocontroller, with act:android.intent.action.MAIN, callingUserId:0, toUserId:0
09-17 07:17:42.829  2400  8059 D PreStartingManager: Not init when use PreStartingManager!
09-17 07:17:42.830  2400  8059 W OptProp : Cannot read opt property android.window.PROPERTY_COMPAT_ALLOW_ORIENTATION_OVERRIDE
09-17 07:17:42.834  2400  8059 E WindowManager: setClientVisible ActivityRecord{b75121e u0 com.hzc23.nonocontroller/.MainActivity true
09-17 07:17:42.835  2400  8059 V GrammaticalInflectionUtils: AttributionSource: android.content.AttributionSource@af5df326 does not have READ_SYSTEM_GRAMMATICAL_GENDER permission.
09-17 07:17:42.836  2400  8059 W OptProp : Cannot read opt property android.window.PROPERTY_COMPAT_ALLOW_RESIZEABLE_ACTIVITY_OVERRIDES
09-17 07:17:42.836  2400  8059 W OptProp : Cannot read opt property android.window.PROPERTY_COMPAT_ALLOW_MIN_ASPECT_RATIO_OVERRIDE
09-17 07:17:42.837  2400  8059 D CompatChangeReporter: Compat change id reported: 306666082; UID 10101; state: ENABLED
09-17 07:17:42.838  2400  8059 I ActivityTaskManager: isKeyguardEditor: false, newTransition: TransitionRecord{6c290cc id=454 type=OPEN flags=0x0}
09-17 07:17:42.838  2400  8059 D WindowManager: Collecting in transition 454: ActivityRecord{b75121e u0 com.hzc23.nonocontroller/.MainActivity t-1} init visibleRequested:false
09-17 07:17:42.840  2400  8059 D MiGgameTypeIdentificationImpl: checkIfGameBeSupported app:com.hzc23.nonocontroller
09-17 07:17:42.840  2400  8059 I WindowManager: When perf version exceed 2.3, MiGTStub result: false, gameType: 1, packageName: com.hzc23.nonocontroller
09-17 07:17:42.840  2400  8059 D MiGgameTypeIdentificationImpl: checkIfGameBeSupported app:com.hzc23.nonocontroller
09-17 07:17:42.840  2400  8059 D MiuiFreeformServiceImpl: addLaunchFreeformActivityOptionIfNeed sourceFfas: null
09-17 07:17:42.840  2400  8059 D MiuiFreeformServiceImpl: addLaunchFreeformActivityOptionIfNeed skip due to not find sourceTask: null sourceFfas: null sourceFreeFormActivity: ActivityRecord{3fdb61a u0 com.miui.home/.launcher.Launcher t2}
09-17 07:17:42.843  1229  1283 E ANDR-PERF-RESOURCEQS: ANDR-PERF-RESOURCEQS: AddAndApply() 131: Resource value ffffffff is not supported
09-17 07:17:42.844  2400  8059 D WindowManager: setLockTaskAuth: task=Task{ddc322a #234 type=standard A=10101:com.hzc23.nonocontroller} mLockTaskAuth=LOCK_TASK_AUTH_PINNABLE
09-17 07:17:42.844  2400  8059 D WindowManager: Collecting in transition 454: Task{ddc322a #234 type=standard A=10101:com.hzc23.nonocontroller} init visibleRequested:false
09-17 07:17:42.846  1835 18287 D BufferPoolAccessor2.0: bufferpool2 0xb400007042e9bbb8 : 66(128586 size) total buffers - 1(385 size) used buffers - 440/890 (recycle/alloc) - 522/889 (fetch/transfer)
09-17 07:17:42.847  1327  1327 E SurfaceFlinger: MiSurfaceFlingerStub isAnimationScene
09-17 07:17:42.848  2400  8059 D WindowManager: setLockTaskAuth: task=Task{ddc322a #234 type=standard A=10101:com.hzc23.nonocontroller} mLockTaskAuth=LOCK_TASK_AUTH_PINNABLE
09-17 07:17:42.849  2400  8059 D MiuiFreeFormManagerService: onStartActivityInner as = Task{ddc322a #234 type=standard A=10101:com.hzc23.nonocontroller} op = ActivityOptions(118257553), mPackageName=null, mAnimationType=13, mStartX=0, mStartY=0, mWidth=0, mHeight=0, mLaunchDisplayId=-1, mLaunchBoundsnull, mElementSurfaceTransition = null, activityOptionsInjector=ActivityOptionsInjector={freeformScale: -1.0, miniFreeformMode: false, needAnimation: true, useCustomLaunchBounds:false}
09-17 07:17:42.849 20412 20602 V BtGatt.ScanHelper: onScanResult() - eventType=0x1b, addressType=0, address=AC:4D:16:8D:21:60, primaryPhy=1, secondaryPhy=0, advertisingSid=0xff, txPower=127, rssi=-93, periodicAdvInt=0x0, originalAddress=00:00:00:00:00:00
09-17 07:17:42.849 20412 20602 V BtGatt.ScanHelper: Skipping data matching denylist: ScanRecord [mAdvertiseFlags=6, mServiceUuids=[00001122-0000-1000-8000-00805f9b34fb], mServiceSolicitationUuids=[], mManufacturerSpecificData={76=[2, 21, 116, 39, -117, -38, -74, 68, 69, 32, -113, 12, 114, 14, -81, 5, -103, 53, 1, 0, 110, 81, -59]}, mServiceData={}, mTxPowerLevel=-2147483648, mDeviceName=S7155e64e742c0d8eC, mTransportDiscoveryData=null]
09-17 07:17:42.849 20412 20602 I BtGatt.ScanHelper: Skipping client for location deny list
09-17 07:17:42.850  2400  8059 D ActivityTaskManager: Task#startActivityLocked isOrhasTask=true newTask=true
09-17 07:17:42.850  3365  3528 D OneHandedController: stopOneHanded state is 0
09-17 07:17:42.851 20412 20602 V BtGatt.ScanHelper: Skipping client: permission=true matches=false
09-17 07:17:42.850  3240  3364 I DynamicDDSService: handleMessage(ACTIVITY_INVOKE{appInfo=com.hzc23.nonocontroller isFullScreen=}true)
09-17 07:17:42.851 20412 20602 V BtGatt.ScanHelper: Skipping data matching denylist: ScanRecord [mAdvertiseFlags=6, mServiceUuids=[00001122-0000-1000-8000-00805f9b34fb], mServiceSolicitationUuids=[], mManufacturerSpecificData={76=[2, 21, 116, 39, -117, -38, -74, 68, 69, 32, -113, 12, 114, 14, -81, 5, -103, 53, 1, 0, 110, 81, -59]}, mServiceData={}, mTxPowerLevel=-2147483648, mDeviceName=S7155e64e742c0d8eC, mTransportDiscoveryData=null]
09-17 07:17:42.851 20412 20602 I BtGatt.ScanHelper: Skipping client for location deny list
09-17 07:17:42.851 20412 20602 V BtGatt.ScanHelper: Skipping data matching denylist: ScanRecord [mAdvertiseFlags=6, mServiceUuids=[00001122-0000-1000-8000-00805f9b34fb], mServiceSolicitationUuids=[], mManufacturerSpecificData={76=[2, 21, 116, 39, -117, -38, -74, 68, 69, 32, -113, 12, 114, 14, -81, 5, -103, 53, 1, 0, 110, 81, -59]}, mServiceData={}, mTxPowerLevel=-2147483648, mDeviceName=S7155e64e742c0d8eC, mTransportDiscoveryData=null]
09-17 07:17:42.851 20412 20602 I BtGatt.ScanHelper: Skipping client for location deny list
09-17 07:17:42.851 20412 20602 D BluetoothRemoteDevices: Update property, device=XX:XX:XX:XX:21:60, type: 1
09-17 07:17:42.851 20412 20602 D BluetoothRemoteDevices: Skip name update for XX:XX:XX:XX:21:60
09-17 07:17:42.852 20412 20602 D BluetoothRemoteDevices: Update property, device=XX:XX:XX:XX:21:60, type: 4
09-17 07:17:42.852 20412 20602 D BluetoothRemoteDevices: Skip class update, device=XX:XX:XX:XX:21:60, cod=0x1f00
09-17 07:17:42.852 20412 20602 D BluetoothRemoteDevices: Update property, device=XX:XX:XX:XX:21:60, type: 5
09-17 07:17:42.852 20412 20602 D BluetoothRemoteDevices:  BT_PROPERTY_TYPE_OF_DEVICE addr:AC:4D:16:8D:21:60 deviceType:2
09-17 07:17:42.852 20412 20602 V BtGatt.ScanHelper: onScanResult() - eventType=0x10, addressType=1, address=0C:02:8B:03:D4:97, primaryPhy=1, secondaryPhy=0, advertisingSid=0xff, txPower=127, rssi=-75, periodicAdvInt=0x0, originalAddress=00:00:00:00:00:00
09-17 07:17:42.852 20412 20602 V BtGatt.ScanHelper: Skipping client: permission=true matches=false
09-17 07:17:42.853 20412 20602 V BtGatt.ScanHelper: Skipping client: permission=true matches=false
09-17 07:17:42.853  2400  8059 I WindowManager: Try to add startingWindow type = STARTING_WINDOW_TYPE_SPLASH_SCREEN this = ActivityRecord{b75121e u0 com.hzc23.nonocontroller/.MainActivity t234} preAllowTaskSnapshot = true afterAllowTaskSnapshot = true newTask = true taskSwitch = true processRunning = false activityCreated = false activityAllDrawn = false isSnapshotCompatible = false resolvedTheme = 2131820553 theme = 2131820553
09-17 07:17:42.853 20412 20602 V BtGatt.ScanHelper: Skipping client: permission=true matches=false
09-17 07:17:42.853 20412 20602 V BtGatt.ScanHelper: Skipping client: permission=true matches=false
09-17 07:17:42.854  2400  8059 D PreStartingManager: Not init when use PreStartingManager!
09-17 07:17:42.855  2400  8059 D ActivityTrigger: ActivityTrigger activityPauseTrigger 
09-17 07:17:42.855  2400  8059 I ActivityRecordImpl: pauseImmediately
09-17 07:17:42.858  2400  8059 D WindowManager: Collecting in transition 454: ActivityRecord{b75121e u0 com.hzc23.nonocontroller/.MainActivity t234} init visibleRequested:false
09-17 07:17:42.859  2400  8059 E WindowManager: setClientVisible ActivityRecord{b75121e u0 com.hzc23.nonocontroller/.MainActivity t234} true
09-17 07:17:42.859  2400  8059 D WindowManager: Collecting in transition 454: ActivityRecord{3fdb61a u0 com.miui.home/.launcher.Launcher t2} init visibleRequested:true
09-17 07:17:42.859  2400  8059 D WindowManager: Collecting in transition 454: Window{c7143c0 u0 com.miui.miwallpaper.wallpaperservice.MiuiKeyguardPictorialWallpaper} init visibleRequested:false
09-17 07:17:42.859  2400  8059 D WindowManager: Collecting in transition 454: Window{2695f67 u0 com.miui.miwallpaper.wallpaperservice.ImageWallpaper} init visibleRequested:true
09-17 07:17:42.861  2400  8059 D WindowManager: Collecting in transition 454: ActivityRecord{b75121e u0 com.hzc23.nonocontroller/.MainActivity t234} init visibleRequested:true
09-17 07:17:42.863  2400  8059 D PreStartingManager: Not init when use PreStartingManager!
09-17 07:17:42.863  2400  8059 D ActivityStarterImpl: notifyHomeStartActivityFinish info = ActivityStartInfo{mPackageName='com.hzc23.nonocontroller', mIsTranslucent=false, mTransitionSyncId=454, mStartingWindowColor=ffffffff, mBounds=Rect(0, 0 - 1080, 2400), mLaunchFromHome=true, mLaunchSuccess=true, mStartingWindowType=0, mTaskId=234}
09-17 07:17:42.864  3365  3365 D ControlCenterWindowViewController: hidePanel true true
09-17 07:17:42.864  3365  3365 I ControlCenterExpandController: hide panel true true
09-17 07:17:42.864  3365  3365 V ControlCenterExpandController: control center is collapsed, ignore hide with anim: true with blur: true
09-17 07:17:42.864  2400  8578 D CompatChangeReporter: Compat change id reported: 309578419; UID 10101; state: ENABLED
09-17 07:17:42.864 20412 20602 V BtGatt.ScanHelper: onScanResult() - eventType=0x1b, addressType=1, address=63:28:63:E4:86:38, primaryPhy=1, secondaryPhy=0, advertisingSid=0xff, txPower=127, rssi=-89, periodicAdvInt=0x0, originalAddress=00:00:00:00:00:00
09-17 07:17:42.865 20412 20602 V BtGatt.ScanHelper: Skipping client: permission=true matches=false
09-17 07:17:42.865  3365  3615 D TaskSnapshot_Helper: SYS is normal.
09-17 07:17:42.866 20412 20602 V BtGatt.ScanHelper: Skipping client: permission=true matches=false
09-17 07:17:42.866 20412 20602 V BtGatt.ScanHelper: Skipping client: permission=true matches=false
09-17 07:17:42.866 20412 20602 V BtGatt.ScanHelper: Skipping client: permission=true matches=false
09-17 07:17:42.867  3365  3528 I SoScStageCoordinator: Transition requested:TransitionRequestInfo { type = OPEN, triggerTask = TaskInfo{userId=0 taskId=234 displayId=0 isRunning=true baseIntent=Intent { act=android.intent.action.MAIN cat=[android.intent.category.LAUNCHER] flg=0x10200000 cmp=com.hzc23.nonocontroller/.MainActivity } baseActivity=ComponentInfo{com.hzc23.nonocontroller/com.hzc23.nonocontroller.MainActivity} topActivity=ComponentInfo{com.hzc23.nonocontroller/com.hzc23.nonocontroller.MainActivity} origActivity=null realActivity=ComponentInfo{com.hzc23.nonocontroller/com.hzc23.nonocontroller.MainActivity} numActivities=1 lastActiveTime=52143933 supportsSplitScreenMultiWindow=true supportsMultiWindow=true resizeMode=1 isResizeable=true minWidth=-1 minHeight=-1 defaultMinSize=200 token=WCT{android.window.IWindowContainerToken$Stub$Proxy@720937b} topActivityType=1 pictureInPictureParams=null shouldDockBigOverlays=false launchIntoPipHostTaskId=-1 lastParentTaskIdBeforePip=-1 displayCutoutSafeInsets=Rect(0, 94 - 0, 0) topActivityInfo=ActivityInfo{1f07598 com.hzc23.nonocontroller.MainActivity} launchCookies=[] positionInParent=Point(0, 0) parentTaskId=-1 isFocused=false isVisible=false isVisibleRequested=true isSleeping=false locusId=null displayAreaFeatureId=1 isTopActivityTransparent=false appCompatTaskInfo=AppCompatTaskInfo { topActivityInSizeCompat=false topActivityInMiuiSizeCompat=false topActivityEligibleForLetterboxEducation= falseisLetterboxEducationEnabled= false isLetterboxDoubleTapEnabled= false topActivityEligibleForUserAspectRatioButton= false topActivityBoundsLetterboxed= false isFromLetterboxDoubleTap= false topActivityLetterboxVerticalPosition= -1 topActivityLetterboxHorizontalPosition= -1 topActivityLetterboxWidth=1080 topActivityLetterboxHeight=2400 isUserFullscreenOverrideEnabled=false isSystemFullscreenOverrideEnabled=false cameraCompatTaskInfo=CameraCompatTaskInfo { cameraCompatControlState=hidden freeformCameraCompatMode=inactive}} isImmersive=false mTopActivityRequestOrientation=0 mBehindAppLockPkg=null mOriginatingUid=0 isEmbedded=false shouldBeVisible=true mIsCastMode=false mTopActivityMediaSize=null mTopActivityRecordName=ActivityRecord{b75121e u0 com.hzc23.nonocontroller/.MainActivity t234} mTopActivityOrientation=0}, pipTask = null, remoteTransition = RemoteTransition { remoteTransition = android.window.IRemoteTransition$Stub$Proxy@69c1d6, appThread = null, debugName = null, hyperRemoteTransition = null }, displayChange = null, flags = 0, debugId = 454 } isSoScActive:false triggerTask:TaskInfo{userId=0 taskId=234 displayId=0 isRunning=true baseIntent=Intent { act=android.intent.action.MAIN cat=[android.intent.category.LAUNCHER] flg=0x10200000 cmp=com.hzc23.nonocontroller/.MainActivity } baseActivity=ComponentInfo{com.hzc23.nonocontroller/com.hzc23.nonocontroller.MainActivity} topActivity=ComponentInfo{com.hzc23.nonocontroller/com.hzc23.nonocontroller.MainActivity} origActivity=null realActivity=ComponentInfo{com.hzc23.nonocontroller/com.hzc23.nonocontroller.MainActivity} numActivities=1 lastActiveTime=52143933 supportsSplitScreenMultiWindow=true supportsMultiWindow=true resizeMode=1 isResizeable=true minWidth=-1 minHeight=-1 defaultMinSize=200 token=WCT{android.window.IWindowContainerToken$Stub$Proxy@720937b} topActivityType=1 pictureInPictureParams=null shouldDockBigOverlays=false launchIntoPipHostTaskId=-1 lastParentTaskIdBeforePip=-1 displayCutoutSafeInsets=Rect(0, 94 - 0, 0) topActivityInfo=ActivityInfo{1f07598 com.hzc23.nonocontroller.MainActivity} launchCookies=[] positionInParent=Point(0, 0) parentTaskId=-1 isFocused=false isVisible=false isVisibleRequested=true isSleeping=false locusId=null displayAreaFeatureId=1 isTopActivityTransparent=false appCompatTaskInfo=AppCompatTaskInfo { topActivityInSizeCompat=false topActivityInMiuiSizeCompat=false topActivityEligibleForLetterboxEducation= falseisLetterboxEducationEnabled= false isLetterboxDoubleTapEnabled= false topActivityEligibleForUserAspectRatioButton= false topActivityBoundsLetterboxed= false isFromLetterboxDoubleTap= false topActivit
09-17 07:17:42.867  3365  3528 I SoScUtils: monitorTransitionRequest mRequestOpenTransition:null mRequestOpenTriggerTask:-1 mRequestCloseTransition:null mRequestCloseTriggerTask:-1 mRequestCloseStageType:-1
09-17 07:17:42.868  3365  3611 D MiuiCameraCoveredManager: java.lang.NullPointerException: Attempt to invoke virtual method 'java.lang.String android.provider.MiuiSettings$SettingsCloudData$CloudData.getString(java.lang.String, java.lang.String)' on a null object reference
09-17 07:17:42.873  2400  8059 E ContentRecorder: Timed out waiting for surfaceSize results
09-17 07:17:42.875  2400  8059 I ActivityTaskManager: START u0 {act=android.intent.action.MAIN cat=[android.intent.category.LAUNCHER] flg=0x10200000 cmp=com.hzc23.nonocontroller/.MainActivity bnds=[36,13][167,144] (has extras)} with LAUNCH_MULTIPLE from uid 10146 from pid 3402 callingPackage com.miui.home (BAL_ALLOW_VISIBLE_WINDOW) result code=0
09-17 07:17:42.876  3402  3402 D OnLongClickAgent: reset:   removeMessages MSG_LONG_CLICK
09-17 07:17:42.876  3402  3402 D OnLongClickAgent: reset:   removeMessages MSG_LONG_CLICK
09-17 07:17:42.876  3402  3402 D OnLongClickAgent: reset:   removeMessages MSG_LONG_CLICK
09-17 07:17:42.876  3402  3402 D OnLongClickAgent: reset:   removeMessages MSG_LONG_CLICK
09-17 07:17:42.876  3402  3402 D OnLongClickAgent: reset:   removeMessages MSG_LONG_CLICK
09-17 07:17:42.876  3402  3402 D OnLongClickAgent: reset:   removeMessages MSG_LONG_CLICK
09-17 07:17:42.876  3402  3402 D OnLongClickAgent: reset:   removeMessages MSG_LONG_CLICK
09-17 07:17:42.876  3402  3402 D OnLongClickAgent: reset:   removeMessages MSG_LONG_CLICK
09-17 07:17:42.877  3402  3402 I AnimStateManager: onLauncherStartActivity create windowElement=com.miui.home.recents.anim.WindowElement@2f50653
09-17 07:17:42.877  3402  3402 I AnimStateManager: go to state com.miui.home.recents.anim.StateManager$AppState@1b16d20
09-17 07:17:42.877  3402  3402 I AnimStateManager: CommonState handle event 1001
09-17 07:17:42.877  2400  2495 D WindowManager: wms.Focus not requested for window=Window{bcc4eb4 u0 com.miui.home/com.miui.home.launcher.Launcher} because it has no surface or is not focusable.
09-17 07:17:42.879  2400  3924 D WindowManager: Set transition=TransitionRecord{6c290cc id=454 type=OPEN flags=0x0}, ready=false, SyncId=454 used=false, override=false, defer=0, states=Display{#0 state=ON size=1080x2400 ROTATION_0}:false
09-17 07:17:42.880  3402  3402 D Launcher:WidgetView: onMiuiWidgetUpdate: ComponentInfo{com.android.chrome/org.chromium.chrome.browser.quickactionsearchwidget.QuickActionSearchWidgetProvider$QuickActionSearchWidgetProviderDino}
09-17 07:17:42.880  3402  3402 W Launcher:WidgetView: onMiuiWidgetUpdate widget is not miuiWidget!
09-17 07:17:42.880  3402  3402 D Launcher:WidgetView: onMiuiWidgetUpdate: ComponentInfo{com.google.android.googlequicksearchbox/com.google.android.apps.gsa.staticplugins.smartspace.widget.SmartspaceWidgetProvider}
09-17 07:17:42.880  3402  3402 W Launcher:WidgetView: onMiuiWidgetUpdate widget is not miuiWidget!
09-17 07:17:42.881  1327  1327 E MI-SF   : MiSurfaceFlingerImpl.cpp.vsyncId=17027158, oldVsyncId=17027149, layerName=Display 0 name="cran intgr"#43
09-17 07:17:42.881  1327  1327 E MI-SF   : MiSurfaceFlingerImpl.cpp.vsyncId=17027158, mIsContainTask1=0, mIsContainTaskOther=0
09-17 07:17:42.881  3365  3528 D OneHandedController: stopOneHanded state is 0
09-17 07:17:42.881  3402  3694 D TaskStackChangeListeners: onTaskDescriptionChanged =  taskId = 234
09-17 07:17:42.882  1327  1327 I BpBinder: onLastStrongRef automatically unlinking death recipients: 
09-17 07:17:42.883  1327  1327 E SurfaceFlinger: MiSurfaceFlingerStub isAnimationScene
09-17 07:17:42.885  3365  3528 D OneHandedController: stopOneHanded state is 0
09-17 07:17:42.885  2400  3783 D PreStartingManager: Not init when use PreStartingManager!
09-17 07:17:42.885  2400  3783 I WindowManager: Add startingWindow, surfaceControl = Surface(name=d7daf93 Splash Screen com.hzc23.nonocontroller#8622)/@0x90d87c9 layerId = 8622
09-17 07:17:42.887  3365  3365 D KeyguardEditorHelper: onTopActivityMayChanged, topActivity=ComponentInfo{com.hzc23.nonocontroller/com.hzc23.nonocontroller.MainActivity}; mState=IDEL
09-17 07:17:42.890  2400  3783 D WindowManager: applyFixedRotationTransform ActivityRecord{b75121e u0 com.hzc23.nonocontroller/.MainActivity t234} config={0.0 ?mcc0mnc ?localeList ?layoutDir sw393dp w873dp h393dp ?density nrml long ?ldr ?wideColorGamut land ?uimode ?night ?touch ?keyb/?/? ?nav/? winConfig={ mBounds=Rect(0, 0 - 2400, 1080) mAppBounds=Rect(0, 0 - 2400, 1080) mMaxBounds=Rect(0, 0 - 2400, 1080) mDisplayRotation=ROTATION_90 mWindowingMode=undefined mActivityType=undefined mAlwaysOnTop=undefined mRotation=ROTATION_90 mInSplitScreen=false letterBoxed=false foScaled=false isSpecificEmbedded=false screenType=-1} ?fontWeightAdjustment/0 themeChanged=0 themeChangedFlags=0 extraData = Bundle[{}] screenType=-1/0}
09-17 07:17:42.890  1327  1327 E MI-SF   : MiSurfaceFlingerImpl.cpp.vsyncId=17027173, oldVsyncId=17027158, layerName=com.miui.home/com.miui.home.launcher.Launcher#8555
09-17 07:17:42.890  1327  1327 E MI-SF   : MiSurfaceFlingerImpl.cpp.vsyncId=17027173, mIsContainTask1=0, mIsContainTaskOther=0
09-17 07:17:42.892  2400  3783 D MiuiOrientationImpl: needShowToast displayId=0
09-17 07:17:42.892  1327  1327 E SurfaceFlinger: MiSurfaceFlingerStub isAnimationScene
09-17 07:17:42.893  2400  3783 I AsyncRotationControllerImpl: Clear HiddenWindowList
09-17 07:17:42.894  2400  3783 I AsyncRotationControllerImpl: Update rounded corner alpha , add win :Window{58687dd u0 RoundCornerBottom}
09-17 07:17:42.894  3365  3528 D WindowManagerShell: onFixedRotationStarted: null, state=PipTransitionState(mState=undefined, mInSwipePipToHomeTransition=false)
09-17 07:17:42.894  3365  3528 D MiuiFreeformModeDisplayInfo: onFixedRotationStarted
09-17 07:17:42.894  2400  3783 I AsyncRotationControllerImpl: Update rounded corner alpha , add win :Window{3ee4b31 u0 RoundCornerTop}
09-17 07:17:42.895  2400  3783 I AsyncRotationControllerImpl: Schedule restore hidden window timeout
09-17 07:17:42.901  1327  1327 E MI-SF   : MiSurfaceFlingerImpl.cpp.vsyncId=17027195, oldVsyncId=17027173, layerName=WindowToken{7f762a1 type=2024 android.os.BinderProxy@cf45b08}#99
09-17 07:17:42.901  1327  1327 E MI-SF   : MiSurfaceFlingerImpl.cpp.vsyncId=17027195, mIsContainTask1=0, mIsContainTaskOther=0
09-17 07:17:42.901  1327  1327 E MI-SF   : MiSurfaceFlingerImpl.cpp.vsyncId=17027195, oldVsyncId=17027195, layerName=WindowToken{79edabb type=2024 android.os.BinderProxy@c109b4a}#97
09-17 07:17:42.901  1327  1327 E MI-SF   : MiSurfaceFlingerImpl.cpp.vsyncId=17027195, mIsContainTask1=0, mIsContainTaskOther=0
09-17 07:17:42.902  1168 20595 I vendor.qti.bluetooth@1.0-ibs_handler: ProcessIbsCmd: Received IBS_SLEEP_IND: 0xFE
09-17 07:17:42.902  1168 20595 D vendor.qti.bluetooth@1.0-ibs_handler: SerialClockVote: vote for UART CLK OFF
09-17 07:17:42.903  1327  1327 E SurfaceFlinger: MiSurfaceFlingerStub isAnimationScene
09-17 07:17:42.907  2400  3783 I AsyncRotationControllerImpl: Schedule restore hidden window timeout
09-17 07:17:42.907  2400  3783 D WindowManager: setFixedRotationLaunchingApp 0 prev=null now=ActivityRecord{b75121e u0 com.hzc23.nonocontroller/.MainActivity t234} rotation=1
09-17 07:17:42.909  3402  3402 D Launcher.Lifecycle: onPause:UserHandle{0},c260540,true
09-17 07:17:42.909  3402  3402 D Launcher_UnlockAnimationStateMachine: onPause = IDLE
09-17 07:17:42.909  3402  3402 D Launcher_UnlockAnimationStateMachine: setState:PAUSE_WAIT
09-17 07:17:42.909  3402  3402 D LauncherAssistantCompatGoogle: onPause com.google.android.libraries.gsa.launcherclient.LauncherClient@4513865
09-17 07:17:42.910  3402  3402 I Launcher.widget: onInvisible org.chromium.chrome.browser.quickactionsearchwidget.QuickActionSearchWidgetProvider$QuickActionSearchWidgetProviderDino
09-17 07:17:42.910  3402  3402 I Launcher.widget: onInvisible com.google.android.apps.gsa.staticplugins.smartspace.widget.SmartspaceWidgetProvider
09-17 07:17:42.910  3402  3402 D ServiceDeliveryReplaceHelper: onPause: widget to serviceDeliver isReplace false
09-17 07:17:42.911  2400  2494 V GrammaticalInflectionUtils: AttributionSource: android.content.AttributionSource@af5df326 does not have READ_SYSTEM_GRAMMATICAL_GENDER permission.
09-17 07:17:42.912 23426 23426 I bmrp    : onPause
09-17 07:17:42.913 23426 23426 I bmrp    : onStop
09-17 07:17:42.914  1327  1327 E MI-SF   : MiSurfaceFlingerImpl.cpp.vsyncId=17027196, oldVsyncId=17027195, layerName=Surface(name=WindowToken{a7d80e1 type=2000 android.os.BinderProxy@782cceb}#109)/@0x3ba9e06 - animation-leash of token_transform#8624
09-17 07:17:42.915  1327  1327 E MI-SF   : MiSurfaceFlingerImpl.cpp.vsyncId=17027196, mIsContainTask1=0, mIsContainTaskOther=0
09-17 07:17:42.915  1327  1327 E MI-SF   : MiSurfaceFlingerImpl.cpp.vsyncId=17027196, oldVsyncId=17027196, layerName=Surface(name=WindowToken{ddf867e type=2026 android.os.BinderProxy@b2b6039}#8608)/@0x69ad7df - animation-leash of token_transform#8623
09-17 07:17:42.915  1327  1327 E MI-SF   : MiSurfaceFlingerImpl.cpp.vsyncId=17027196, mIsContainTask1=0, mIsContainTaskOther=0
09-17 07:17:42.915  1327  1327 E MI-SF   : MiSurfaceFlingerImpl.cpp.vsyncId=17027196, oldVsyncId=17027196, layerName=Surface(name=WindowToken{761c4ec type=2003 android.os.BinderProxy@67defd}#8612)/@0xc3d34a - animation-leash of token_transform#8626
09-17 07:17:42.915  1327  1327 E MI-SF   : MiSurfaceFlingerImpl.cpp.vsyncId=17027196, mIsContainTask1=0, mIsContainTaskOther=0
09-17 07:17:42.915  1327  1327 E MI-SF   : MiSurfaceFlingerImpl.cpp.vsyncId=17027196, oldVsyncId=17027196, layerName=Surface(name=WindowToken{85a90fd type=2024 android.os.BinderProxy@8201954}#72)/@0xd0f76c0 - animation-leash of token_transform#8625
09-17 07:17:42.915  1327  1327 E MI-SF   : MiSurfaceFlingerImpl.cpp.vsyncId=17027196, mIsContainTask1=0, mIsContainTaskOther=0
09-17 07:17:42.915  1327  1327 E MI-SF   : MiSurfaceFlingerImpl.cpp.vsyncId=17027196, oldVsyncId=17027196, layerName=Surface(name=WindowToken{6d05883 type=2027 android.os.BinderProxy@e95d332}#67)/@0x9ffca00 - animation-leash of token_transform#8627
09-17 07:17:42.915  1327  1327 E MI-SF   : MiSurfaceFlingerImpl.cpp.vsyncId=17027196, mIsContainTask1=0, mIsContainTaskOther=0
09-17 07:17:42.916  1327  1327 E SurfaceFlinger: MiSurfaceFlingerStub isAnimationScene
09-17 07:17:42.923  2400  3783 D CoreBackPreview: Window{d7daf93 u0 Splash Screen com.hzc23.nonocontroller}: Setting back callback OnBackInvokedCallbackInfo{mCallback=android.window.IOnBackInvokedCallback$Stub$Proxy@c96b900, mPriority=0, mIsAnimationCallback=false}
09-17 07:17:42.929  1327  1327 E MI-SF   : MiSurfaceFlingerImpl.cpp.vsyncId=17027197, oldVsyncId=17027196, layerName=com.miui.home/com.miui.home.launcher.Launcher#8555
09-17 07:17:42.930  1327  1327 E MI-SF   : MiSurfaceFlingerImpl.cpp.vsyncId=17027197, mIsContainTask1=0, mIsContainTaskOther=0
09-17 07:17:42.930  1327  1327 E MI-SF   : MiSurfaceFlingerImpl.cpp.vsyncId=17027197, oldVsyncId=17027197, layerName=com.miui.home/com.miui.home.launcher.Launcher#8555
09-17 07:17:42.930  1327  1327 E MI-SF   : MiSurfaceFlingerImpl.cpp.vsyncId=17027197, mIsContainTask1=0, mIsContainTaskOther=0
09-17 07:17:42.930  1327  1327 E MI-SF   : MiSurfaceFlingerImpl.cpp.vsyncId=17027197, oldVsyncId=17027197, layerName=Surface(name=WindowToken{a7d80e1 type=2000 android.os.BinderProxy@782cceb}#109)/@0x3ba9e06 - animation-leash of token_transform#8624
09-17 07:17:42.930  1327  1327 E MI-SF   : MiSurfaceFlingerImpl.cpp.vsyncId=17027197, mIsContainTask1=0, mIsContainTaskOther=0
09-17 07:17:42.930  1327  1327 E MI-SF   : MiSurfaceFlingerImpl.cpp.vsyncId=17027197, oldVsyncId=17027197, layerName=Surface(name=WindowToken{ddf867e type=2026 android.os.BinderProxy@b2b6039}#8608)/@0x69ad7df - animation-leash of token_transform#8623
09-17 07:17:42.930  1327  1327 E MI-SF   : MiSurfaceFlingerImpl.cpp.vsyncId=17027197, mIsContainTask1=0, mIsContainTaskOther=0
09-17 07:17:42.930  1327  1327 E MI-SF   : MiSurfaceFlingerImpl.cpp.vsyncId=17027197, oldVsyncId=17027197, layerName=Surface(name=WindowToken{761c4ec type=2003 android.os.BinderProxy@67defd}#8612)/@0xc3d34a - animation-leash of token_transform#8626
09-17 07:17:42.930  1327  1327 E MI-SF   : MiSurfaceFlingerImpl.cpp.vsyncId=17027197, mIsContainTask1=0, mIsContainTaskOther=0
09-17 07:17:42.930  1327  1327 E MI-SF   : MiSurfaceFlingerImpl.cpp.vsyncId=17027197, oldVsyncId=17027197, layerName=Surface(name=WindowToken{85a90fd type=2024 android.os.BinderProxy@8201954}#72)/@0xd0f76c0 - animation-leash of token_transform#8625
09-17 07:17:42.930  1327  1327 E MI-SF   : MiSurfaceFlingerImpl.cpp.vsyncId=17027197, mIsContainTask1=0, mIsContainTaskOther=0
09-17 07:17:42.930  1327  1327 E MI-SF   : MiSurfaceFlingerImpl.cpp.vsyncId=17027197, oldVsyncId=17027197, layerName=Surface(name=WindowToken{6d05883 type=2027 android.os.BinderProxy@e95d332}#67)/@0x9ffca00 - animation-leash of token_transform#8627
09-17 07:17:42.930  1327  1327 E MI-SF   : MiSurfaceFlingerImpl.cpp.vsyncId=17027197, mIsContainTask1=0, mIsContainTaskOther=0
09-17 07:17:42.930  1327  1327 E MI-SF   : MiSurfaceFlingerImpl.cpp.vsyncId=17027197, oldVsyncId=17027197, layerName=Surface(name=WindowToken{64110f4 type=2027 android.os.BinderProxy@48896e1}#69)/@0x29c5463 - animation-leash of token_transform#8628
09-17 07:17:42.930  1327  1327 E MI-SF   : MiSurfaceFlingerImpl.cpp.vsyncId=17027197, mIsContainTask1=0, mIsContainTaskOther=0
09-17 07:17:42.930  1327  1327 E MI-SF   : MiSurfaceFlingerImpl.cpp.vsyncId=17027197, oldVsyncId=17027197, layerName=Surface(name=WindowToken{a7d80e1 type=2000 android.os.BinderProxy@782cceb}#109)/@0x3ba9e06 - animation-leash of token_transform#8624
09-17 07:17:42.930  1327  1327 E MI-SF   : MiSurfaceFlingerImpl.cpp.vsyncId=17027197, mIsContainTask1=0, mIsContainTaskOther=0
09-17 07:17:42.930  1327  1327 E MI-SF   : MiSurfaceFlingerImpl.cpp.vsyncId=17027197, oldVsyncId=17027197, layerName=Surface(name=WindowToken{ddf867e type=2026 android.os.BinderProxy@b2b6039}#8608)/@0x69ad7df - animation-leash of token_transform#8623
09-17 07:17:42.930  1327  1327 E MI-SF   : MiSurfaceFlingerImpl.cpp.vsyncId=17027197, mIsContainTask1=0, mIsContainTaskOther=0
09-17 07:17:42.930  1327  1327 E MI-SF   : MiSurfaceFlingerImpl.cpp.vsyncId=17027197, oldVsyncId=17027197, layerName=Surface(name=WindowToken{761c4ec type=2003 android.os.BinderProxy@67defd}#8612)/@0xc3d34a - animation-leash of token_transform#8626
09-17 07:17:42.930  1327  1327 E MI-SF   : MiSurfaceFlingerImpl.cpp.vsyncId=17027197, mIsContainTask1=0, mIsContainTaskOther=0
09-17 07:17:42.930  1327  1327 E MI-SF   : MiSurfaceFlingerImpl.cpp.vsyncId=17027197, oldVsyncId=17027197, layerName=Surface(name=WindowToken{85a90fd type=2024 android.os.BinderProxy@8201954}#72)/@0xd0f76c0 - animation-leash of token_transform#8625
09-17 07:17:42.930  1327  1327 E MI-SF   : MiSurfaceFlingerImpl.cpp.vsyncId=17027197, mIsContainTask1=0, mIsContainTaskOther=0
09-17 07:17:42.930  1327  1327 E MI-SF   : MiSurfaceFlingerImpl.cpp.vsyncId=17027197, oldVsyncId=17027197, layerName=Surface(name=WindowToken{6d05883 type=2027 android.os.BinderProxy@e95d332}#67)/@0x9ffca00 - animation-leash of token_transform#8627
09-17 07:17:42.930  1327  1327 E MI-SF   : MiSurfaceFlingerImpl.cpp.vsyncId=17027197, mIsContainTask1=0, mIsContainTaskOther=0
09-17 07:17:42.930  1327  1327 E MI-SF   : MiSurfaceFlingerImpl.cpp.vsyncId=17027197, oldVsyncId=17027197, layerName=com.miui.miwallpaper.wallpaperservice.ImageWallpaper#56
09-17 07:17:42.930  1327  1327 E MI-SF   : MiSurfaceFlingerImpl.cpp.vsyncId=17027197, mIsContainTask1=0, mIsContainTaskOther=0
09-17 07:17:42.930  1327  1327 E MI-SF   : MiSurfaceFlingerImpl.cpp.vsyncId=17027197, oldVsyncId=17027197, layerName=d7daf93 Splash Screen com.hzc23.nonocontroller#8622
09-17 07:17:42.930  1327  1327 E MI-SF   : MiSurfaceFlingerImpl.cpp.vsyncId=17027197, mIsContainTask1=0, mIsContainTaskOther=0
09-17 07:17:42.930  1327  1327 E MI-SF   : MiSurfaceFlingerImpl.cpp.vsyncId=17027197, oldVsyncId=17027197, layerName=com.miui.miwallpaper.wallpaperservice.MiuiKeyguardPictorialWallpaper#60
09-17 07:17:42.930  1327  1327 E MI-SF   : MiSurfaceFlingerImpl.cpp.vsyncId=17027197, mIsContainTask1=0, mIsContainTaskOther=0
09-17 07:17:42.930  1327  1327 E MI-SF   : MiSurfaceFlingerImpl.cpp.vsyncId=17027197, oldVsyncId=17027197, layerName=com.miui.home/com.miui.home.launcher.Launcher#8555
09-17 07:17:42.930  1327  1327 E MI-SF   : MiSurfaceFlingerImpl.cpp.vsyncId=17027197, mIsContainTask1=0, mIsContainTaskOther=0
09-17 07:17:42.930  1327  1327 E MI-SF   : MiSurfaceFlingerImpl.cpp.vsyncId=17027197, oldVsyncId=17027197, layerName=Surface(name=WindowToken{ddf867e type=2026 android.os.BinderProxy@b2b6039}#8608)/@0x69ad7df - animation-leash of token_transform#8623
09-17 07:17:42.930  1327  1327 E MI-SF   : MiSurfaceFlingerImpl.cpp.vsyncId=17027197, mIsContainTask1=0, mIsContainTaskOther=0
09-17 07:17:42.930  1327  1327 E MI-SF   : MiSurfaceFlingerImpl.cpp.vsyncId=17027197, oldVsyncId=17027197, layerName=LauncherOverlayWindow:com.mi.globalminusscreen#8554
09-17 07:17:42.930  1327  1327 E MI-SF   : MiSurfaceFlingerImpl.cpp.vsyncId=17027197, mIsContainTask1=0, mIsContainTaskOther=0
09-17 07:17:42.930  1327  1327 E MI-SF   : MiSurfaceFlingerImpl.cpp.vsyncId=17027197, oldVsyncId=17027197, layerName=Input Consumer recents_animation_input_consumer#71
09-17 07:17:42.930  1327  1327 E MI-SF   : MiSurfaceFlingerImpl.cpp.vsyncId=17027197, mIsContainTask1=0, mIsContainTaskOther=0
09-17 07:17:42.930  1327  1327 E MI-SF   : MiSurfaceFlingerImpl.cpp.vsyncId=17027197, oldVsyncId=17027197, layerName=Surface(name=WindowToken{6d05883 type=2027 android.os.BinderProxy@e95d332}#67)/@0x9ffca00 - animation-leash of token_transform#8627
09-17 07:17:42.930  1327  1327 E MI-SF   : MiSurfaceFlingerImpl.cpp.vsyncId=17027197, mIsContainTask1=0, mIsContainTaskOther=0
09-17 07:17:42.930  1327  1327 E MI-SF   : MiSurfaceFlingerImpl.cpp.vsyncId=17027197, oldVsyncId=17027197, layerName=ImeContainer#11
09-17 07:17:42.930  1327  1327 E MI-SF   : MiSurfaceFlingerImpl.cpp.vsyncId=17027197, mIsContainTask1=0, mIsContainTaskOther=0
09-17 07:17:42.930  1327  1327 E MI-SF   : MiSurfaceFlingerImpl.cpp.vsyncId=17027197, oldVsyncId=17027197, layerName=WindowToken{85a90fd type=2024 android.os.BinderProxy@8201954}#72
09-17 07:17:42.930  1327  1327 E MI-SF   : MiSurfaceFlingerImpl.cpp.vsyncId=17027197, mIsContainTask1=0, mIsContainTaskOther=0
09-17 07:17:42.930  1327  1327 E MI-SF   : MiSurfaceFlingerImpl.cpp.vsyncId=17027197, oldVsyncId=17027197, layerName=WindowToken{908cf4f type=2038 android.os.BinderProxy@577f363}#82
09-17 07:17:42.930  1327  1327 E MI-SF   : MiSurfaceFlingerImpl.cpp.vsyncId=17027197, mIsContainTask1=0, mIsContainTaskOther=0
09-17 07:17:42.930  1327  1327 E MI-SF   : MiSurfaceFlingerImpl.cpp.vsyncId=17027197, oldVsyncId=17027197, layerName=WindowToken{761c4ec type=2003 android.os.BinderProxy@67defd}#8612
09-17 07:17:42.930  1327  1327 E MI-SF   : MiSurfaceFlingerImpl.cpp.vsyncId=17027197, mIsContainTask1=0, mIsContainTaskOther=0
09-17 07:17:42.930  1327  1327 E MI-SF   : MiSurfaceFlingerImpl.cpp.vsyncId=17027197, oldVsyncId=17027197, layerName=WindowToken{63a294c type=2003 android.os.BinderProxy@53eb57f}#8614
09-17 07:17:42.930  1327  1327 E MI-SF   : MiSurfaceFlingerImpl.cpp.vsyncId=17027197, mIsContainTask1=0, mIsContainTaskOther=0
09-17 07:17:42.930  1327  1327 E MI-SF   : MiSurfaceFlingerImpl.cpp.vsyncId=17027197, oldVsyncId=17027197, layerName=ActivityRecord{b75121e u0 com.hzc23.nonocontroller/.MainActivity t234}#8621
09-17 07:17:42.930  1327  1327 E MI-SF   : MiSurfaceFlingerImpl.cpp.vsyncId=17027197, mIsContainTask1=0, mIsContainTaskOther=0
09-17 07:17:42.930  1327  1327 E MI-SF   : MiSurfaceFlingerImpl.cpp.vsyncId=17027197, oldVsyncId=17027197, layerName=WindowToken{ddf867e type=2026 android.os.BinderProxy@b2b6039}#8608
09-17 07:17:42.930  1327  1327 E MI-SF   : MiSurfaceFlingerImpl.cpp.vsyncId=17027197, mIsContainTask1=0, mIsContainTaskOther=0
09-17 07:17:42.930  1327  1327 E MI-SF   : MiSurfaceFlingerImpl.cpp.vsyncId=17027197, oldVsyncId=17027197, layerName=Surface(name=WindowToken{a7d80e1 type=2000 android.os.BinderProxy@782cceb}#109)/@0x3ba9e06 - animation-leash of token_transform#8624
09-17 07:17:42.930  1327  1327 E MI-SF   : MiSurfaceFlingerImpl.cpp.vsyncId=17027197, mIsContainTask1=0, mIsContainTaskOther=0
09-17 07:17:42.930  1327  1327 E MI-SF   : MiSurfaceFlingerImpl.cpp.vsyncId=17027197, oldVsyncId=17027197, layerName=WindowToken{a7d80e1 type=2000 android.os.BinderProxy@782cceb}#109
09-17 07:17:42.930  1327  1327 E MI-SF   : MiSurfaceFlingerImpl.cpp.vsyncId=17027197, mIsContainTask1=0, mIsContainTaskOther=0
09-17 07:17:42.930  1327  1327 E MI-SF   : MiSurfaceFlingerImpl.cpp.vsyncId=17027197, oldVsyncId=17027197, layerName=Surface(name=WindowToken{85a90fd type=2024 android.os.BinderProxy@8201954}#72)/@0xd0f76c0 - animation-leash of token_transform#8625
09-17 07:17:42.930  1327  1327 E MI-SF   : MiSurfaceFlingerImpl.cpp.vsyncId=17027197, mIsContainTask1=0, mIsContainTaskOther=0
09-17 07:17:42.930  1327  1327 E MI-SF   : MiSurfaceFlingerImpl.cpp.vsyncId=17027197, oldVsyncId=17027197, layerName=Surface(name=WindowToken{761c4ec type=2003 android.os.BinderProxy@67defd}#8612)/@0xc3d34a - animation-leash of token_transform#8626
09-17 07:17:42.930  1327  1327 E MI-SF   : MiSurfaceFlingerImpl.cpp.vsyncId=17027197, mIsContainTask1=0, mIsContainTaskOther=0
09-17 07:17:42.930  1327  1327 E MI-SF   : MiSurfaceFlingerImpl.cpp.vsyncId=17027197, oldVsyncId=17027197, layerName=WindowToken{6d05883 type=2027 android.os.BinderProxy@e95d332}#67
09-17 07:17:42.930  1327  1327 E MI-SF   : MiSurfaceFlingerImpl.cpp.vsyncId=17027197, mIsContainTask1=0, mIsContainTaskOther=0
09-17 07:17:42.930  1327  1327 E MI-SF   : MiSurfaceFlingerImpl.cpp.vsyncId=17027197, oldVsyncId=17027197, layerName=Surface(name=WindowToken{64110f4 type=2027 android.os.BinderProxy@48896e1}#69)/@0x29c5463 - animation-leash of token_transform#8628
09-17 07:17:42.930  1327  1327 E MI-SF   : MiSurfaceFlingerImpl.cpp.vsyncId=17027197, mIsContainTask1=0, mIsContainTaskOther=0
09-17 07:17:42.930  1327  1327 E MI-SF   : MiSurfaceFlingerImpl.cpp.vsyncId=17027197, oldVsyncId=17027197, layerName=WindowToken{64110f4 type=2027 android.os.BinderProxy@48896e1}#69
09-17 07:17:42.930  1327  1327 E MI-SF   : MiSurfaceFlingerImpl.cpp.vsyncId=17027197, mIsContainTask1=0, mIsContainTaskOther=0
09-17 07:17:42.930  1327  1327 E MI-SF   : MiSurfaceFlingerImpl.cpp.vsyncId=17027197, oldVsyncId=17027197, layerName=WindowToken{7f762a1 type=2024 android.os.BinderProxy@cf45b08}#99
09-17 07:17:42.930  1327  1327 E MI-SF   : MiSurfaceFlingerImpl.cpp.vsyncId=17027197, mIsContainTask1=0, mIsContainTaskOther=0
09-17 07:17:42.930  1327  1327 E MI-SF   : MiSurfaceFlingerImpl.cpp.vsyncId=17027197, oldVsyncId=17027197, layerName=WindowToken{79edabb type=2024 android.os.BinderProxy@c109b4a}#97
09-17 07:17:42.930  1327  1327 E MI-SF   : MiSurfaceFlingerImpl.cpp.vsyncId=17027197, mIsContainTask1=0, mIsContainTaskOther=0
09-17 07:17:42.931  3402  8052 D EventBus: No subscribers registered for event class com.miui.home.recents.messages.RecentTasksChangedEvent
09-17 07:17:42.931  3402  8052 D EventBus: No subscribers registered for event class org.greenrobot.eventbus.NoSubscriberEvent
09-17 07:17:42.932  3402  3804 D RecentsModel: onTaskStackChangedBackground    MSG_TASK_STACK_CHANGE
09-17 07:17:42.932  3402  3804 D RecentsModel: boostTaskStackChangedThread once, tid=3804, recentResourceLoaderTid=3564
09-17 07:17:42.934  1327  1327 E SurfaceFlinger: MiSurfaceFlingerStub isAnimationScene
09-17 07:17:42.940  3402  3804 I MiBridge: requestThreadLevelPro ret: 439748
09-17 07:17:42.940  3402  3804 D Launcher.Boost: setDynamicVIPTaskIfNeeded::tid = 3804 duration = 500
09-17 07:17:42.948  1327  1327 E MI-SF   : MiSurfaceFlingerImpl.cpp.vsyncId=17027234, oldVsyncId=17027197, layerName=Surface(name=WindowToken{64110f4 type=2027 android.os.BinderProxy@48896e1}#69)/@0x29c5463 - animation-leash of token_transform#8628
09-17 07:17:42.948  1327  1327 E MI-SF   : MiSurfaceFlingerImpl.cpp.vsyncId=17027234, mIsContainTask1=0, mIsContainTaskOther=0
09-17 07:17:42.948  1327  1327 E MI-SF   : MiSurfaceFlingerImpl.cpp.vsyncId=17027234, oldVsyncId=17027234, layerName=Surface(name=WindowToken{a7d80e1 type=2000 android.os.BinderProxy@782cceb}#109)/@0x3ba9e06 - animation-leash of token_transform#8624
09-17 07:17:42.948  1327  1327 E MI-SF   : MiSurfaceFlingerImpl.cpp.vsyncId=17027234, mIsContainTask1=0, mIsContainTaskOther=0
09-17 07:17:42.948  1327  1327 E MI-SF   : MiSurfaceFlingerImpl.cpp.vsyncId=17027234, oldVsyncId=17027234, layerName=Surface(name=WindowToken{ddf867e type=2026 android.os.BinderProxy@b2b6039}#8608)/@0x69ad7df - animation-leash of token_transform#8623
09-17 07:17:42.948  1327  1327 E MI-SF   : MiSurfaceFlingerImpl.cpp.vsyncId=17027234, mIsContainTask1=0, mIsContainTaskOther=0
09-17 07:17:42.948  1327  1327 E MI-SF   : MiSurfaceFlingerImpl.cpp.vsyncId=17027234, oldVsyncId=17027234, layerName=Surface(name=WindowToken{761c4ec type=2003 android.os.BinderProxy@67defd}#8612)/@0xc3d34a - animation-leash of token_transform#8626
09-17 07:17:42.948  1327  1327 E MI-SF   : MiSurfaceFlingerImpl.cpp.vsyncId=17027234, mIsContainTask1=0, mIsContainTaskOther=0
09-17 07:17:42.948  1327  1327 E MI-SF   : MiSurfaceFlingerImpl.cpp.vsyncId=17027234, oldVsyncId=17027234, layerName=Surface(name=WindowToken{85a90fd type=2024 android.os.BinderProxy@8201954}#72)/@0xd0f76c0 - animation-leash of token_transform#8625
09-17 07:17:42.948  1327  1327 E MI-SF   : MiSurfaceFlingerImpl.cpp.vsyncId=17027234, mIsContainTask1=0, mIsContainTaskOther=0
09-17 07:17:42.948  1327  1327 E MI-SF   : MiSurfaceFlingerImpl.cpp.vsyncId=17027234, oldVsyncId=17027234, layerName=Surface(name=WindowToken{6d05883 type=2027 android.os.BinderProxy@e95d332}#67)/@0x9ffca00 - animation-leash of token_transform#8627
09-17 07:17:42.948  1327  1327 E MI-SF   : MiSurfaceFlingerImpl.cpp.vsyncId=17027234, mIsContainTask1=0, mIsContainTaskOther=0
09-17 07:17:42.948  1327  1327 E MI-SF   : MiSurfaceFlingerImpl.cpp.vsyncId=17027234, oldVsyncId=17027234, layerName=Surface(name=WindowToken{64110f4 type=2027 android.os.BinderProxy@48896e1}#69)/@0x29c5463 - animation-leash of token_transform#8628
09-17 07:17:42.948  1327  1327 E MI-SF   : MiSurfaceFlingerImpl.cpp.vsyncId=17027234, mIsContainTask1=0, mIsContainTaskOther=0
09-17 07:17:42.948  1327  1327 E MI-SF   : MiSurfaceFlingerImpl.cpp.vsyncId=17027234, oldVsyncId=17027234, layerName=Surface(name=WindowToken{a7d80e1 type=2000 android.os.BinderProxy@782cceb}#109)/@0x3ba9e06 - animation-leash of token_transform#8624
09-17 07:17:42.948  1327  1327 E MI-SF   : MiSurfaceFlingerImpl.cpp.vsyncId=17027234, mIsContainTask1=0, mIsContainTaskOther=0
09-17 07:17:42.948  1327  1327 E MI-SF   : MiSurfaceFlingerImpl.cpp.vsyncId=17027234, oldVsyncId=17027234, layerName=Surface(name=WindowToken{ddf867e type=2026 android.os.BinderProxy@b2b6039}#8608)/@0x69ad7df - animation-leash of token_transform#8623
