--------- beginning of main
09-16 20:32:02.012  1837  1837 I cnss-daemon: nl80211 response handler invoked
09-16 20:32:02.012  1837  1837 I cnss-daemon: nl80211_response_handler: cmd 103, vendorID 4980, subcmd 13  received
09-16 20:32:02.013  1205  3021 I WifiHAL : event received NL80211_CMD_VENDOR, vendor_id = 0x1374, subcmd = 0xd
09-16 20:32:02.013  1168 20590 D vendor.qti.bluetooth@1.0-wake_lock: Release wakelock is released 
09-16 20:32:02.151  4120  2708 I NearbyMediums: Found Fast Ble Advertisements :
09-16 20:32:02.151  4120  2708 I NearbyMediums: BleAdvertisement { version=2, socketVersion=2, isFast=true, serviceIdHash=null, data=[ 0x23 0x57 0x33 0x59 0x50 0x11 0x32 0x51 0xd5 0xd3 0x9c 0xa9 0xfc 0xf5 0x23 0x01 0xdd 0xd3 0x1e 0x0d 0xba 0xcd 0xb4 ], deviceToken=[ 0x92 0x94 ], rxAdvertisement=null } : 7 times.
09-16 20:32:02.151  4120  2708 I NearbyMediums: Total 7 fast advertisements from 1 unique advertisers.
09-16 20:32:02.152  4120  2708 I NearbyMediums: Current Tracked Scanning Clients are : {NearbyConnections.EnvironmentMonitor, NearbySharing}
--------- beginning of system
09-16 20:32:02.159  2400  2539 D AutomaticBrightnessControllerImpl: drop the ambient lux due to proximity events.
09-16 20:32:02.430  1168 20595 I vendor.qti.bluetooth@1.0-ibs_handler: ProcessIbsCmd: Received IBS_WAKE_IND: 0xFD
09-16 20:32:02.430  1168 20595 D vendor.qti.bluetooth@1.0-ibs_handler: SerialClockVote: vote for UART CLK ON
09-16 20:32:02.436  1168 20595 D vendor.qti.bluetooth@1.0-wake_lock: Acquire wakelock is acquired 
09-16 20:32:02.436  1168 20595 I vendor.qti.bluetooth@1.0-ibs_handler: ProcessIbsCmd: Writing IBS_WAKE_ACK
09-16 20:32:02.438 20412 20602 V BtGatt.ScanHelper: onScanResult() - eventType=0x1b, addressType=1, address=6F:87:AC:E7:E7:07, primaryPhy=1, secondaryPhy=0, advertisingSid=0xff, txPower=127, rssi=-99, periodicAdvInt=0x0, originalAddress=00:00:00:00:00:00
09-16 20:32:02.438 20412 20602 V BtGatt.ScanHelper: Skipping client: permission=true matches=false
09-16 20:32:02.439 20412 20602 V BtGatt.ScanHelper: Skipping client: permission=true matches=false
09-16 20:32:02.440 20412 20602 V BtGatt.ScanHelper: Skipping client: permission=true matches=false
09-16 20:32:02.440 20412 20602 V BtGatt.ScanHelper: Skipping client: permission=true matches=false
09-16 20:32:02.440 20412 20602 V BtGatt.ScanHelper: Skipping client: permission=true matches=false
09-16 20:32:02.458  2400  2539 D AutomaticBrightnessControllerImpl: drop the ambient lux due to proximity events.
09-16 20:32:02.477  1168 20595 I vendor.qti.bluetooth@1.0-ibs_handler: ProcessIbsCmd: Received IBS_SLEEP_IND: 0xFE
09-16 20:32:02.477  1168 20595 D vendor.qti.bluetooth@1.0-ibs_handler: SerialClockVote: vote for UART CLK OFF
09-16 20:32:02.490  4120  5521 I CastDatabase: Saving the database
09-16 20:32:02.514  4120  5521 I SQLiteCastStore: [CastNetworkInfo] saved: 2, skipped: 0, [CastDeviceInfo]: saved 1, skipped 0, [Paired Guest Mode DeviceInfo] saved: 0, skipped: 0. [ProbedNetworks]: saved 0, skipped: 0, [ProbedSocketAddress]: saved 1, skipped: 0, [Network-Device pairs]: saved: 2
09-16 20:32:02.527  1168 20595 I vendor.qti.bluetooth@1.0-ibs_handler: ProcessIbsCmd: Received IBS_WAKE_IND: 0xFD
09-16 20:32:02.527  1168 20595 D vendor.qti.bluetooth@1.0-ibs_handler: SerialClockVote: vote for UART CLK ON
09-16 20:32:02.527  1168 20595 I vendor.qti.bluetooth@1.0-ibs_handler: ProcessIbsCmd: Writing IBS_WAKE_ACK
09-16 20:32:02.568  1168 20595 I vendor.qti.bluetooth@1.0-ibs_handler: ProcessIbsCmd: Received IBS_SLEEP_IND: 0xFE
09-16 20:32:02.568  1168 20595 D vendor.qti.bluetooth@1.0-ibs_handler: SerialClockVote: vote for UART CLK OFF
09-16 20:32:02.652  2400  2702 I MiuiNetworkPolicy: updateUidState uid = 10113, uidState = 15
09-16 20:32:02.658  2400  2539 D AutomaticBrightnessControllerImpl: drop the ambient lux due to proximity events.
09-16 20:32:02.669  1168 20595 I vendor.qti.bluetooth@1.0-ibs_handler: ProcessIbsCmd: Received IBS_WAKE_IND: 0xFD
09-16 20:32:02.669  1168 20595 D vendor.qti.bluetooth@1.0-ibs_handler: SerialClockVote: vote for UART CLK ON
09-16 20:32:02.669  1168 20595 I vendor.qti.bluetooth@1.0-ibs_handler: ProcessIbsCmd: Writing IBS_WAKE_ACK
09-16 20:32:02.671 20412 20582 I l2c_csm : packages/modules/MiuiBluetooth/system/stack/l2cap/l2c_csm.cc:147 l2c_csm_execute: Enter CSM, chnl_state:CST_OPEN [6], event:PEER_DISCONNECT_REQ [17]
09-16 20:32:02.671 20412 20582 I l2c_csm : packages/modules/MiuiBluetooth/system/stack/l2cap/l2c_csm.cc:147 l2c_csm_execute: Enter CSM, chnl_state:CST_W4_L2CA_DISCONNECT_RSP [8], event:UPPER_LAYER_DISCONNECT_RSP [28]
09-16 20:32:02.671 20412 20582 I bt_osi_alarm: packages/modules/MiuiBluetooth/system/osi/src/alarm.cc:190 alarm_free: name=l2c.l2c_ccb_timer, ptr=0xb400006f21991910, mutex_ptr=0xb400006ee1975e90
09-16 20:32:02.671 20412 20582 I bt_osi_alarm: packages/modules/MiuiBluetooth/system/osi/src/alarm.cc:257 alarm_cancel: name=l2c.l2c_ccb_timer, ptr=0xb400006f21991910, mutex_ptr=0xb400006ee1975e90, local_mutex_ptr=0xb400006ee1975e90
09-16 20:32:02.672 20412 20582 I bt_osi_alarm: packages/modules/MiuiBluetooth/system/osi/src/alarm.cc:190 alarm_free: name=l2c_fcrb.mon_retrans_timer, ptr=0xb400006f21952750, mutex_ptr=0xb400006ee19863d0
09-16 20:32:02.672 20412 20582 I bt_osi_alarm: packages/modules/MiuiBluetooth/system/osi/src/alarm.cc:257 alarm_cancel: name=l2c_fcrb.mon_retrans_timer, ptr=0xb400006f21952750, mutex_ptr=0xb400006ee19863d0, local_mutex_ptr=0xb400006ee19863d0
09-16 20:32:02.672 20412 20582 I bt_osi_alarm: packages/modules/MiuiBluetooth/system/osi/src/alarm.cc:190 alarm_free: name=l2c_fcrb.ack_timer, ptr=0xb400006f21991590, mutex_ptr=0xb400006ee197f790
09-16 20:32:02.672 20412 20582 I bt_osi_alarm: packages/modules/MiuiBluetooth/system/osi/src/alarm.cc:257 alarm_cancel: name=l2c_fcrb.ack_timer, ptr=0xb400006f21991590, mutex_ptr=0xb400006ee197f790, local_mutex_ptr=0xb400006ee197f790
09-16 20:32:02.672  1168  1168 I vendor.qti.bluetooth@1.0-ibs_handler: DeviceWakeUp: Writing IBS_WAKE_IND
09-16 20:32:02.673  1168 20595 I vendor.qti.bluetooth@1.0-ibs_handler: ProcessIbsCmd: Received IBS_WAKE_ACK: 0xFC
09-16 20:32:02.673  1168 20595 I vendor.qti.bluetooth@1.0-ibs_handler: ProcessIbsCmd: Signal wack_cond_
09-16 20:32:02.673  1168  1168 D vendor.qti.bluetooth@1.0-ibs_handler: DeviceWakeUp: Unblocked from waiting for FC, pthread_cond_timedwait ret = 0
09-16 20:32:02.679 20412 20582 I l2c_csm : packages/modules/MiuiBluetooth/system/stack/l2cap/l2c_csm.cc:147 l2c_csm_execute: Enter CSM, chnl_state:CST_OPEN [6], event:PEER_DISCONNECT_REQ [17]
09-16 20:32:02.680 20412 20582 I l2c_csm : packages/modules/MiuiBluetooth/system/stack/l2cap/l2c_csm.cc:147 l2c_csm_execute: Enter CSM, chnl_state:CST_W4_L2CA_DISCONNECT_RSP [8], event:UPPER_LAYER_DISCONNECT_RSP [28]
09-16 20:32:02.680 20412 20582 I bt_osi_alarm: packages/modules/MiuiBluetooth/system/osi/src/alarm.cc:190 alarm_free: name=l2c.l2c_ccb_timer, ptr=0xb400006f2198f6f0, mutex_ptr=0xb400006ee19a2610
09-16 20:32:02.680 20412 20582 I bt_osi_alarm: packages/modules/MiuiBluetooth/system/osi/src/alarm.cc:257 alarm_cancel: name=l2c.l2c_ccb_timer, ptr=0xb400006f2198f6f0, mutex_ptr=0xb400006ee19a2610, local_mutex_ptr=0xb400006ee19a2610
09-16 20:32:02.680 20412 20582 I bt_osi_alarm: packages/modules/MiuiBluetooth/system/osi/src/alarm.cc:190 alarm_free: name=l2c_fcrb.mon_retrans_timer, ptr=0xb400006f21986070, mutex_ptr=0xb400006ee19a19d0
09-16 20:32:02.680 20412 20582 I bt_osi_alarm: packages/modules/MiuiBluetooth/system/osi/src/alarm.cc:257 alarm_cancel: name=l2c_fcrb.mon_retrans_timer, ptr=0xb400006f21986070, mutex_ptr=0xb400006ee19a19d0, local_mutex_ptr=0xb400006ee19a19d0
09-16 20:32:02.680 20412 20582 I bt_osi_alarm: packages/modules/MiuiBluetooth/system/osi/src/alarm.cc:190 alarm_free: name=l2c_fcrb.ack_timer, ptr=0xb400006f21993190, mutex_ptr=0xb400006ee1995510
09-16 20:32:02.680 20412 20582 I bt_osi_alarm: packages/modules/MiuiBluetooth/system/osi/src/alarm.cc:257 alarm_cancel: name=l2c_fcrb.ack_timer, ptr=0xb400006f21993190, mutex_ptr=0xb400006ee1995510, local_mutex_ptr=0xb400006ee1995510
09-16 20:32:02.680 20412 20582 I btm_acl : packages/modules/MiuiBluetooth/system/stack/acl/btm_acl.cc:571 BTM_SwitchRoleToCentral: Requested role is already in effect
09-16 20:32:02.681 20412 20582 I bt_osi_alarm: packages/modules/MiuiBluetooth/system/osi/src/alarm.cc:257 alarm_cancel: name=bta_dm.pm_timer, ptr=0xb400006f2197d7f0, mutex_ptr=0xb400006ee1964b90, local_mutex_ptr=0xb400006ee1964b90
09-16 20:32:02.681 20412 20602 D HidHostNativeInterface: onConnectStateChanged: state=3
09-16 20:32:02.682 20412 20602 D HidHostService: onConnectStateChanged: state=3
09-16 20:32:02.682 20412 20602 I bluetooth: packages/modules/MiuiBluetooth/system/btif/co/bta_hh_co.cc:789 bta_hh_co_close: Closing device handle=2, status=4, address=xx:xx:xx:xx:22:43[public][BT_TRANSPORT_BR_EDR]
09-16 20:32:02.683 20412 20412 V HidHostService: handleMessage(): msg.what=3
09-16 20:32:02.684 20412 20412 D HidHostService: handleMessageConnectStateChanged: device=XX:XX:XX:XX:22:43 newState=3 prevState=2
09-16 20:32:02.684 20412 20412 I HidHostService: broadcastConnectionState: device= XX:XX:XX:XX:22:43 transport= 1 prevState=2 -> newState=3
09-16 20:32:02.691 20412 20412 D AdapterProperties: updateOnProfileConnectionChanged: profile=HID_HOST device=XX:XX:XX:XX:22:43 state [2 -> 3]
09-16 20:32:02.693  3365  3629 D LocalBluetoothProfileManager: onReceiveInternal action:android.bluetooth.input.profile.action.CONNECTION_STATE_CHANGED mProfile:HID
09-16 20:32:02.693  3365  3629 D CachedBluetoothDevice: onProfileStateChanged: profile HID, device XX:XX:XX:XX:22:43, newProfileState 3
09-16 20:32:02.693  3365  3629 D CachedBluetoothDevice: fetchActiveDevices XX:XX:XX:XX:22:43
09-16 20:32:02.693  3365  3629 D BluetoothAdapter: getActiveDevices(profile= A2DP)
09-16 20:32:02.695  4167  4167 D MiuiPeripheralConnectionServiceReal: onReceive intent=Intent { act=android.bluetooth.input.profile.action.CONNECTION_STATE_CHANGED flg=0x4000010 (has extras) }
09-16 20:32:02.696  4167  4167 D CachedBluetoothDevice: onProfileStateChanged: profile HID, device XX:XX:XX:XX:22:43, newProfileState 3
09-16 20:32:02.697  4167  4167 D BluetoothAdapter: getActiveDevices(profile= A2DP)
09-16 20:32:02.697 20412 29342 I BluetoothAdapterService: getActiveDevices: A2dp device: null
09-16 20:32:02.698  3365  3629 D BluetoothAdapter: getActiveDevices(profile= HEADSET)
09-16 20:32:02.699 20412 20528 I BluetoothAdapterService: getActiveDevices: A2dp device: null
09-16 20:32:02.700  4167  4167 D BluetoothAdapter: getActiveDevices(profile= HEADSET)
09-16 20:32:02.700 20412 29342 I BluetoothAdapterService: getActiveDevices: Headset device: XX:XX:XX:XX:22:43
09-16 20:32:02.701 20412 20528 I BluetoothAdapterService: getActiveDevices: Headset device: XX:XX:XX:XX:22:43
09-16 20:32:02.701  4167  4167 D BluetoothAdapter: getActiveDevices(profile= HEARING_AID)
09-16 20:32:02.701  3365  3629 D BluetoothAdapter: getActiveDevices(profile= HEARING_AID)
09-16 20:32:02.701 20412 20528 I BluetoothAdapterService: getActiveDevices: Hearing Aid devices: Left[null] - Right[null]
09-16 20:32:02.702  4167  4167 D MiuiHeadsetCloudUtils: truetrue cloud data switch is enable!
09-16 20:32:02.702  4167  4167 D BluetoothHeadsetService: headset receviver android.bluetooth.input.profile.action.CONNECTION_STATE_CHANGED
09-16 20:32:02.702  4167  4167 D MiuiFastConnectService_Plugin: onReceive(): action = android.bluetooth.input.profile.action.CONNECTION_STATE_CHANGED
09-16 20:32:02.703 20412 20412 V BluetoothAdapterService: isProfileSupported(device=XX:XX:XX:XX:22:43, profile=LE_AUDIO): local_uuids=[0000110a-0000-1000-8000-00805f9b34fb, 0000111f-0000-1000-8000-00805f9b34fb, 00001112-0000-1000-8000-00805f9b34fb, 0000112f-0000-1000-8000-00805f9b34fb, 00001132-0000-1000-8000-00805f9b34fb], remote_uuids=[00001101-0000-1000-8000-00805f9b34fb, 0000110e-0000-1000-8000-00805f9b34fb, 0000111e-0000-1000-8000-00805f9b34fb, 00001124-0000-1000-8000-00805f9b34fb]
09-16 20:32:02.703 20412 25238 V BluetoothAdapterService: isProfileSupported(device=XX:XX:XX:XX:22:43, profile=LE_AUDIO): local_uuids=[0000110a-0000-1000-8000-00805f9b34fb, 0000111f-0000-1000-8000-00805f9b34fb, 00001112-0000-1000-8000-00805f9b34fb, 0000112f-0000-1000-8000-00805f9b34fb, 00001132-0000-1000-8000-00805f9b34fb], remote_uuids=[00001101-0000-1000-8000-00805f9b34fb, 0000110e-0000-1000-8000-00805f9b34fb, 0000111e-0000-1000-8000-00805f9b34fb, 00001124-0000-1000-8000-00805f9b34fb]
09-16 20:32:02.703 20412 29342 I BluetoothAdapterService: getActiveDevices: Hearing Aid devices: Left[null] - Right[null]
09-16 20:32:02.704  4167  4167 D DeviceNickName_Plugin: data type: SUPPORT_REDMI_KERBOARD_FAST, []
09-16 20:32:02.704  4167  4167 D MiuiFastConnectService_Plugin: ACTION_CONNECTION_STATE_CHANGED: state = 3, device = 3C:B0:ED:D4:22:43
09-16 20:32:02.706  3365  3629 D CachedBluetoothDevice: device: Quantum-Watch refresh()
09-16 20:32:02.708 20412 20412 D BluetoothPhonePolicy: processProfileStateChanged, device=XX:XX:XX:XX:22:43, profile=HID_HOST, 2 -> 3
09-16 20:32:02.710 20412 29342 V BluetoothAdapterService: isProfileSupported(device=XX:XX:XX:XX:C6:CE, profile=LE_AUDIO): local_uuids=[0000110a-0000-1000-8000-00805f9b34fb, 0000111f-0000-1000-8000-00805f9b34fb, 00001112-0000-1000-8000-00805f9b34fb, 0000112f-0000-1000-8000-00805f9b34fb, 00001132-0000-1000-8000-00805f9b34fb], remote_uuids=[00000000-0000-1000-8000-00805f9b34fb, 00000000-deca-fade-deca-deafdecacafe, 0000110a-0000-1000-8000-00805f9b34fb, 0000110e-0000-1000-8000-00805f9b34fb, 00001116-0000-1000-8000-00805f9b34fb, 0000111f-0000-1000-8000-00805f9b34fb, 0000112f-0000-1000-8000-00805f9b34fb, 00001132-0000-1000-8000-00805f9b34fb, 02030302-1d19-415f-86f2-22a2106a0a77]
09-16 20:32:02.711  3365  3629 D BluetoothUtils: Bluetooth device iPhone 8 de Sophie doesn't have exclusive manager
09-16 20:32:02.714 20412 29342 V BluetoothAdapterService: isProfileSupported(device=XX:XX:XX:XX:01:58, profile=LE_AUDIO): local_uuids=[0000110a-0000-1000-8000-00805f9b34fb, 0000111f-0000-1000-8000-00805f9b34fb, 00001112-0000-1000-8000-00805f9b34fb, 0000112f-0000-1000-8000-00805f9b34fb, 00001132-0000-1000-8000-00805f9b34fb], remote_uuids=[0000110a-0000-1000-8000-00805f9b34fb, 0000110b-0000-1000-8000-00805f9b34fb, 0000110e-0000-1000-8000-00805f9b34fb, 00001115-0000-1000-8000-00805f9b34fb, 0000111e-0000-1000-8000-00805f9b34fb, 0000111f-0000-1000-8000-00805f9b34fb, c7f94713-891e-496a-a0e7-983a0946126e]
09-16 20:32:02.714  3365  3629 D BluetoothUtils: Bluetooth device QUANTUM_PC doesn't have exclusive manager
09-16 20:32:02.717 20412 29342 V BluetoothAdapterService: isProfileSupported(device=XX:XX:XX:XX:F7:17, profile=LE_AUDIO): local_uuids=[0000110a-0000-1000-8000-00805f9b34fb, 0000111f-0000-1000-8000-00805f9b34fb, 00001112-0000-1000-8000-00805f9b34fb, 0000112f-0000-1000-8000-00805f9b34fb, 00001132-0000-1000-8000-00805f9b34fb], remote_uuids=[00001105-0000-1000-8000-00805f9b34fb, 0000110b-0000-1000-8000-00805f9b34fb, 0000110e-0000-1000-8000-00805f9b34fb, 0000111e-0000-1000-8000-00805f9b34fb, 00001133-0000-1000-8000-00805f9b34fb]
09-16 20:32:02.718  3365  3629 D BluetoothUtils: Bluetooth device R-LINK doesn't have exclusive manager
09-16 20:32:02.721 20412 29342 V BluetoothAdapterService: isProfileSupported(device=XX:XX:XX:XX:6D:A0, profile=LE_AUDIO): local_uuids=[0000110a-0000-1000-8000-00805f9b34fb, 0000111f-0000-1000-8000-00805f9b34fb, 00001112-0000-1000-8000-00805f9b34fb, 0000112f-0000-1000-8000-00805f9b34fb, 00001132-0000-1000-8000-00805f9b34fb], remote_uuids=[00001124-0000-1000-8000-00805f9b34fb]
09-16 20:32:02.721  3365  3629 D BluetoothUtils: Bluetooth device Pro Controller doesn't have exclusive manager
09-16 20:32:02.723  1168 20595 I vendor.qti.bluetooth@1.0-ibs_handler: ProcessIbsCmd: Received IBS_SLEEP_IND: 0xFE
09-16 20:32:02.724 20412 29342 V BluetoothAdapterService: isProfileSupported(device=XX:XX:XX:XX:6B:A6, profile=LE_AUDIO): local_uuids=[0000110a-0000-1000-8000-00805f9b34fb, 0000111f-0000-1000-8000-00805f9b34fb, 00001112-0000-1000-8000-00805f9b34fb, 0000112f-0000-1000-8000-00805f9b34fb, 00001132-0000-1000-8000-00805f9b34fb], remote_uuids=[00001105-0000-1000-8000-00805f9b34fb, 0000110a-0000-1000-8000-00805f9b34fb, 0000110e-0000-1000-8000-00805f9b34fb, 00001112-0000-1000-8000-00805f9b34fb, 00001115-0000-1000-8000-00805f9b34fb, 00001116-0000-1000-8000-00805f9b34fb, 0000111f-0000-1000-8000-00805f9b34fb, 0000112f-0000-1000-8000-00805f9b34fb, 00001132-0000-1000-8000-00805f9b34fb, 11c8b310-80e4-4276-afc0-f81590b2177f, 8ce255c0-200a-11e0-ac64-0800200c9a66, 9664aa26-d76c-43ad-9775-d310f253a408]
09-16 20:32:02.725  3365  3629 D BluetoothUtils: Bluetooth device DODO:559873bd9376aff0:5:2 doesn't have exclusive manager
09-16 20:32:02.728 20412 29342 V BluetoothAdapterService: isProfileSupported(device=XX:XX:XX:XX:ED:1C, profile=LE_AUDIO): local_uuids=[0000110a-0000-1000-8000-00805f9b34fb, 0000111f-0000-1000-8000-00805f9b34fb, 00001112-0000-1000-8000-00805f9b34fb, 0000112f-0000-1000-8000-00805f9b34fb, 00001132-0000-1000-8000-00805f9b34fb], remote_uuids=[00001124-0000-1000-8000-00805f9b34fb]
09-16 20:32:02.728  3365  3629 D BluetoothUtils: Bluetooth device Pro Controller doesn't have exclusive manager
09-16 20:32:02.731 20412  5632 I bluetooth: packages/modules/MiuiBluetooth/system/btif/co/bta_hh_co.cc:638 btif_hh_poll_event_thread: Polling thread stopped for device xx:xx:xx:xx:22:43[public][BT_TRANSPORT_BR_EDR]
09-16 20:32:02.732 20412 29342 V BluetoothAdapterService: isProfileSupported(device=XX:XX:XX:XX:2A:B3, profile=LE_AUDIO): local_uuids=[0000110a-0000-1000-8000-00805f9b34fb, 0000111f-0000-1000-8000-00805f9b34fb, 00001112-0000-1000-8000-00805f9b34fb, 0000112f-0000-1000-8000-00805f9b34fb, 00001132-0000-1000-8000-00805f9b34fb], remote_uuids=[00000000-0000-0000-0099-aabbccddeeff, 00001108-0000-1000-8000-00805f9b34fb, 0000110b-0000-1000-8000-00805f9b34fb, 0000110e-0000-1000-8000-00805f9b34fb, 0000111e-0000-1000-8000-00805f9b34fb, 0000fc01-0000-1000-8000-00805f9b34ff, 0000ff01-0000-1000-8000-00805f9b34ff]
09-16 20:32:02.732  3365  3629 D BluetoothUtils: Bluetooth device CORSAIR HS55 doesn't have exclusive manager
09-16 20:32:02.735  2400  2659 I EventHub: Removing device CMF Watch 3 Pro-2243 Consumer Control due to epoll hang-up event.
09-16 20:32:02.735  2400  2659 I EventHub: Removed device: path=/dev/input/event9 name=CMF Watch 3 Pro-2243 Consumer Control id=1926 fd=1004 classes=KEYBOARD | BATTERY | EXTERNAL
09-16 20:32:02.736  2400  2659 I InputReader: Device removed: id=1923, eventHubId=1926, name='CMF Watch 3 Pro-2243 Consumer Control', descriptor='3dfde497024d577c9279b585586cc492f381f049', sources=KEYBOARD
09-16 20:32:02.736  2400  2659 W MiuiDeviceShareManager: Device 1923 removed
09-16 20:32:02.736 20412 29342 V BluetoothAdapterService: isProfileSupported(device=XX:XX:XX:XX:B2:3E, profile=LE_AUDIO): local_uuids=[0000110a-0000-1000-8000-00805f9b34fb, 0000111f-0000-1000-8000-00805f9b34fb, 00001112-0000-1000-8000-00805f9b34fb, 0000112f-0000-1000-8000-00805f9b34fb, 00001132-0000-1000-8000-00805f9b34fb], remote_uuids=[00001101-0000-1000-8000-00805f9b34fb, 0000110b-0000-1000-8000-00805f9b34fb, 0000110e-0000-1000-8000-00805f9b34fb, 0000111e-0000-1000-8000-00805f9b34fb, 66666666-6666-6666-6666-666666666666, 99999999-9999-9999-9999-999999999999, aeac4a03-dff5-498f-843a-34487cf133eb, df21fe2c-2515-4fdb-8886-f12c4d67927c]
09-16 20:32:02.737  3365  3629 D BluetoothUtils: Bluetooth device CMF Buds Pro 2 doesn't have exclusive manager
09-16 20:32:02.737  2400  2658 E WindowManager: Display reconfigured outside of a transition: Display{#0 state=ON size=1080x2400 ROTATION_0}
09-16 20:32:02.737  2400  2658 W InputReader: Ignoring invalid device id 1923.
09-16 20:32:02.738  2400  2659 I EventHub: Removing device '/dev/input/event9' due to inotify event
09-16 20:32:02.742 20412 29342 V BluetoothAdapterService: isProfileSupported(device=XX:XX:XX:XX:22:43, profile=LE_AUDIO): local_uuids=[0000110a-0000-1000-8000-00805f9b34fb, 0000111f-0000-1000-8000-00805f9b34fb, 00001112-0000-1000-8000-00805f9b34fb, 0000112f-0000-1000-8000-00805f9b34fb, 00001132-0000-1000-8000-00805f9b34fb], remote_uuids=[00001101-0000-1000-8000-00805f9b34fb, 0000110e-0000-1000-8000-00805f9b34fb, 0000111e-0000-1000-8000-00805f9b34fb, 00001124-0000-1000-8000-00805f9b34fb]
09-16 20:32:02.742  3365  3629 D BluetoothUtils: Bluetooth device CMF Watch 3 Pro-2243 doesn't have exclusive manager
09-16 20:32:02.745 20412 29342 V BluetoothAdapterService: isProfileSupported(device=XX:XX:XX:XX:DE:F3, profile=LE_AUDIO): local_uuids=[0000110a-0000-1000-8000-00805f9b34fb, 0000111f-0000-1000-8000-00805f9b34fb, 00001112-0000-1000-8000-00805f9b34fb, 0000112f-0000-1000-8000-00805f9b34fb, 00001132-0000-1000-8000-00805f9b34fb], remote_uuids=[00001101-0000-1000-8000-00805f9b3411, 00001101-0000-1000-8000-00805f9b3412, 00001101-0000-1000-8000-00805f9b3413, 0000110a-0000-1000-8000-00805f9b34fb, 0000110b-0000-1000-8000-00805f9b34fb, 0000110e-0000-1000-8000-00805f9b34fb, 00001112-0000-1000-8000-00805f9b34fb, 0000111f-0000-1000-8000-00805f9b34fb, ade3d529-c784-4f63-a987-eb69f70ee816, e23b00bc-217c-453b-9c08-fc44577136fe]
09-16 20:32:02.745  3365  3629 D BluetoothUtils: Bluetooth device 27" Odyssey G6 doesn't have exclusive manager
09-16 20:32:02.747 20412 20602 I bluetooth: packages/modules/MiuiBluetooth/system/btif/co/bta_hh_co.cc:815 bta_hh_co_close: Closing device hh_poll_thread_id=0x6ead11e730 
09-16 20:32:02.747 20412 20602 D HidHostNativeInterface: onConnectStateChanged: state=4
09-16 20:32:02.748 20412 29342 V BluetoothAdapterService: isProfileSupported(device=XX:XX:XX:XX:C6:CE, profile=LE_AUDIO): local_uuids=[0000110a-0000-1000-8000-00805f9b34fb, 0000111f-0000-1000-8000-00805f9b34fb, 00001112-0000-1000-8000-00805f9b34fb, 0000112f-0000-1000-8000-00805f9b34fb, 00001132-0000-1000-8000-00805f9b34fb], remote_uuids=[00000000-0000-1000-8000-00805f9b34fb, 00000000-deca-fade-deca-deafdecacafe, 0000110a-0000-1000-8000-00805f9b34fb, 0000110e-0000-1000-8000-00805f9b34fb, 00001116-0000-1000-8000-00805f9b34fb, 0000111f-0000-1000-8000-00805f9b34fb, 0000112f-0000-1000-8000-00805f9b34fb, 00001132-0000-1000-8000-00805f9b34fb, 02030302-1d19-415f-86f2-22a2106a0a77]
09-16 20:32:02.748 20412 20602 D HidHostService: onConnectStateChanged: state=4
09-16 20:32:02.748  3365  3629 D BluetoothUtils: Bluetooth device iPhone 8 de Sophie doesn't have exclusive manager
09-16 20:32:02.749 20412 20412 V HidHostService: handleMessage(): msg.what=3
09-16 20:32:02.749 20412 20412 D HidHostService: handleMessageConnectStateChanged: device=XX:XX:XX:XX:22:43 newState=4 prevState=3
09-16 20:32:02.749 20412 20412 I HidHostService: broadcastConnectionState: device= XX:XX:XX:XX:22:43 transport= 1 prevState=3 -> newState=0
09-16 20:32:02.750 20412 29342 V BluetoothAdapterService: isProfileSupported(device=XX:XX:XX:XX:01:58, profile=LE_AUDIO): local_uuids=[0000110a-0000-1000-8000-00805f9b34fb, 0000111f-0000-1000-8000-00805f9b34fb, 00001112-0000-1000-8000-00805f9b34fb, 0000112f-0000-1000-8000-00805f9b34fb, 00001132-0000-1000-8000-00805f9b34fb], remote_uuids=[0000110a-0000-1000-8000-00805f9b34fb, 0000110b-0000-1000-8000-00805f9b34fb, 0000110e-0000-1000-8000-00805f9b34fb, 00001115-0000-1000-8000-00805f9b34fb, 0000111e-0000-1000-8000-00805f9b34fb, 0000111f-0000-1000-8000-00805f9b34fb, c7f94713-891e-496a-a0e7-983a0946126e]
09-16 20:32:02.750  3365  3629 D BluetoothUtils: Bluetooth device QUANTUM_PC doesn't have exclusive manager
09-16 20:32:02.751 20412 29342 V BluetoothAdapterService: isProfileSupported(device=XX:XX:XX:XX:F7:17, profile=LE_AUDIO): local_uuids=[0000110a-0000-1000-8000-00805f9b34fb, 0000111f-0000-1000-8000-00805f9b34fb, 00001112-0000-1000-8000-00805f9b34fb, 0000112f-0000-1000-8000-00805f9b34fb, 00001132-0000-1000-8000-00805f9b34fb], remote_uuids=[00001105-0000-1000-8000-00805f9b34fb, 0000110b-0000-1000-8000-00805f9b34fb, 0000110e-0000-1000-8000-00805f9b34fb, 0000111e-0000-1000-8000-00805f9b34fb, 00001133-0000-1000-8000-00805f9b34fb]
09-16 20:32:02.751  3365  3629 D BluetoothUtils: Bluetooth device R-LINK doesn't have exclusive manager
09-16 20:32:02.752 20412 25238 D BluetoothPbapService: getConnectionState: XX:XX:XX:XX:01:58
09-16 20:32:02.752 20412 29342 V BluetoothAdapterService: isProfileSupported(device=XX:XX:XX:XX:6D:A0, profile=LE_AUDIO): local_uuids=[0000110a-0000-1000-8000-00805f9b34fb, 0000111f-0000-1000-8000-00805f9b34fb, 00001112-0000-1000-8000-00805f9b34fb, 0000112f-0000-1000-8000-00805f9b34fb, 00001132-0000-1000-8000-00805f9b34fb], remote_uuids=[00001124-0000-1000-8000-00805f9b34fb]
09-16 20:32:02.753  3365  3629 D BluetoothUtils: Bluetooth device Pro Controller doesn't have exclusive manager
09-16 20:32:02.754 20412 29342 V BluetoothAdapterService: isProfileSupported(device=XX:XX:XX:XX:6B:A6, profile=LE_AUDIO): local_uuids=[0000110a-0000-1000-8000-00805f9b34fb, 0000111f-0000-1000-8000-00805f9b34fb, 00001112-0000-1000-8000-00805f9b34fb, 0000112f-0000-1000-8000-00805f9b34fb, 00001132-0000-1000-8000-00805f9b34fb], remote_uuids=[00001105-0000-1000-8000-00805f9b34fb, 0000110a-0000-1000-8000-00805f9b34fb, 0000110e-0000-1000-8000-00805f9b34fb, 00001112-0000-1000-8000-00805f9b34fb, 00001115-0000-1000-8000-00805f9b34fb, 00001116-0000-1000-8000-00805f9b34fb, 0000111f-0000-1000-8000-00805f9b34fb, 0000112f-0000-1000-8000-00805f9b34fb, 00001132-0000-1000-8000-00805f9b34fb, 11c8b310-80e4-4276-afc0-f81590b2177f, 8ce255c0-200a-11e0-ac64-0800200c9a66, 9664aa26-d76c-43ad-9775-d310f253a408]
09-16 20:32:02.754  3365  3629 D BluetoothUtils: Bluetooth device DODO:559873bd9376aff0:5:2 doesn't have exclusive manager
09-16 20:32:02.757 20412 20412 D AdapterProperties: updateOnProfileConnectionChanged: profile=HID_HOST device=XX:XX:XX:XX:22:43 state [3 -> 0]
09-16 20:32:02.758 20412 20528 D BluetoothPbapService: getConnectionState: XX:XX:XX:XX:F7:17
09-16 20:32:02.760  4167  4167 D MiuiPeripheralConnectionServiceReal: onReceive intent=Intent { act=android.bluetooth.input.profile.action.CONNECTION_STATE_CHANGED flg=0x4000010 (has extras) }
09-16 20:32:02.760  4167  4167 D CachedBluetoothDevice: onProfileStateChanged: profile HID, device XX:XX:XX:XX:22:43, newProfileState 0
09-16 20:32:02.760  4167  4167 D BluetoothAdapter: getActiveDevices(profile= A2DP)
09-16 20:32:02.759 20412 25238 V BluetoothAdapterService: isProfileSupported(device=XX:XX:XX:XX:ED:1C, profile=LE_AUDIO): local_uuids=[0000110a-0000-1000-8000-00805f9b34fb, 0000111f-0000-1000-8000-00805f9b34fb, 00001112-0000-1000-8000-00805f9b34fb, 0000112f-0000-1000-8000-00805f9b34fb, 00001132-0000-1000-8000-00805f9b34fb], remote_uuids=[00001124-0000-1000-8000-00805f9b34fb]
09-16 20:32:02.761  3365  3629 D BluetoothUtils: Bluetooth device Pro Controller doesn't have exclusive manager
09-16 20:32:02.763 20412 25238 V BluetoothAdapterService: isProfileSupported(device=XX:XX:XX:XX:2A:B3, profile=LE_AUDIO): local_uuids=[0000110a-0000-1000-8000-00805f9b34fb, 0000111f-0000-1000-8000-00805f9b34fb, 00001112-0000-1000-8000-00805f9b34fb, 0000112f-0000-1000-8000-00805f9b34fb, 00001132-0000-1000-8000-00805f9b34fb], remote_uuids=[00000000-0000-0000-0099-aabbccddeeff, 00001108-0000-1000-8000-00805f9b34fb, 0000110b-0000-1000-8000-00805f9b34fb, 0000110e-0000-1000-8000-00805f9b34fb, 0000111e-0000-1000-8000-00805f9b34fb, 0000fc01-0000-1000-8000-00805f9b34ff, 0000ff01-0000-1000-8000-00805f9b34ff]
09-16 20:32:02.763  3365  3629 D BluetoothUtils: Bluetooth device CORSAIR HS55 doesn't have exclusive manager
09-16 20:32:02.763 20412 29342 D HidHostService: getDevicesMatchingConnectionStates()
09-16 20:32:02.763 20412 20765 I BluetoothAdapterService: getActiveDevices: A2dp device: null
09-16 20:32:02.764 20412 25238 V BluetoothAdapterService: isProfileSupported(device=XX:XX:XX:XX:B2:3E, profile=LE_AUDIO): local_uuids=[0000110a-0000-1000-8000-00805f9b34fb, 0000111f-0000-1000-8000-00805f9b34fb, 00001112-0000-1000-8000-00805f9b34fb, 0000112f-0000-1000-8000-00805f9b34fb, 00001132-0000-1000-8000-00805f9b34fb], remote_uuids=[00001101-0000-1000-8000-00805f9b34fb, 0000110b-0000-1000-8000-00805f9b34fb, 0000110e-0000-1000-8000-00805f9b34fb, 0000111e-0000-1000-8000-00805f9b34fb, 66666666-6666-6666-6666-666666666666, 99999999-9999-9999-9999-999999999999, aeac4a03-dff5-498f-843a-34487cf133eb, df21fe2c-2515-4fdb-8886-f12c4d67927c]
09-16 20:32:02.764  3365  3629 D BluetoothUtils: Bluetooth device CMF Buds Pro 2 doesn't have exclusive manager
09-16 20:32:02.764  4167  4167 D BluetoothAdapter: getActiveDevices(profile= HEADSET)
09-16 20:32:02.765 20412 25238 D HidHostService: getDevicesMatchingConnectionStates()
09-16 20:32:02.765 20412 29342 I BluetoothAdapterService: getActiveDevices: Headset device: XX:XX:XX:XX:22:43
09-16 20:32:02.766  4167  4167 D BluetoothAdapter: getActiveDevices(profile= HEARING_AID)
09-16 20:32:02.767 20412 20412 V BluetoothAdapterService: isProfileSupported(device=XX:XX:XX:XX:22:43, profile=LE_AUDIO): local_uuids=[0000110a-0000-1000-8000-00805f9b34fb, 0000111f-0000-1000-8000-00805f9b34fb, 00001112-0000-1000-8000-00805f9b34fb, 0000112f-0000-1000-8000-00805f9b34fb, 00001132-0000-1000-8000-00805f9b34fb], remote_uuids=[00001101-0000-1000-8000-00805f9b34fb, 0000110e-0000-1000-8000-00805f9b34fb, 0000111e-0000-1000-8000-00805f9b34fb, 00001124-0000-1000-8000-00805f9b34fb]
09-16 20:32:02.767 20412 20765 V BluetoothAdapterService: isProfileSupported(device=XX:XX:XX:XX:22:43, profile=LE_AUDIO): local_uuids=[0000110a-0000-1000-8000-00805f9b34fb, 0000111f-0000-1000-8000-00805f9b34fb, 00001112-0000-1000-8000-00805f9b34fb, 0000112f-0000-1000-8000-00805f9b34fb, 00001132-0000-1000-8000-00805f9b34fb], remote_uuids=[00001101-0000-1000-8000-00805f9b34fb, 0000110e-0000-1000-8000-00805f9b34fb, 0000111e-0000-1000-8000-00805f9b34fb, 00001124-0000-1000-8000-00805f9b34fb]
09-16 20:32:02.767  3365  3629 D BluetoothUtils: Bluetooth device CMF Watch 3 Pro-2243 doesn't have exclusive manager
09-16 20:32:02.768 20412 21029 I BluetoothAdapterService: getActiveDevices: Hearing Aid devices: Left[null] - Right[null]
09-16 20:32:02.768 20412 20412 V BluetoothAdapterService: isProfileSupported(device=XX:XX:XX:XX:22:43, profile=LE_AUDIO): local_uuids=[0000110a-0000-1000-8000-00805f9b34fb, 0000111f-0000-1000-8000-00805f9b34fb, 00001112-0000-1000-8000-00805f9b34fb, 0000112f-0000-1000-8000-00805f9b34fb, 00001132-0000-1000-8000-00805f9b34fb], remote_uuids=[00001101-0000-1000-8000-00805f9b34fb, 0000110e-0000-1000-8000-00805f9b34fb, 0000111e-0000-1000-8000-00805f9b34fb, 00001124-0000-1000-8000-00805f9b34fb]
09-16 20:32:02.768 20412 20523 D BT_OneTrack_I/F: region:FR
09-16 20:32:02.768 20412 20765 D BluetoothPbapService: getConnectionState: XX:XX:XX:XX:2A:B3
09-16 20:32:02.769  4167  4167 D MiuiHeadsetCloudUtils: truetrue cloud data switch is enable!
09-16 20:32:02.769 20412 29343 V BluetoothAdapterService: isProfileSupported(device=XX:XX:XX:XX:DE:F3, profile=LE_AUDIO): local_uuids=[0000110a-0000-1000-8000-00805f9b34fb, 0000111f-0000-1000-8000-00805f9b34fb, 00001112-0000-1000-8000-00805f9b34fb, 0000112f-0000-1000-8000-00805f9b34fb, 00001132-0000-1000-8000-00805f9b34fb], remote_uuids=[00001101-0000-1000-8000-00805f9b3411, 00001101-0000-1000-8000-00805f9b3412, 00001101-0000-1000-8000-00805f9b3413, 0000110a-0000-1000-8000-00805f9b34fb, 0000110b-0000-1000-8000-00805f9b34fb, 0000110e-0000-1000-8000-00805f9b34fb, 00001112-0000-1000-8000-00805f9b34fb, 0000111f-0000-1000-8000-00805f9b34fb, ade3d529-c784-4f63-a987-eb69f70ee816, e23b00bc-217c-453b-9c08-fc44577136fe]
09-16 20:32:02.769  3365  3629 D BluetoothUtils: Bluetooth device 27" Odyssey G6 doesn't have exclusive manager
09-16 20:32:02.770  4167  4167 D BluetoothHeadsetService: headset receviver android.bluetooth.input.profile.action.CONNECTION_STATE_CHANGED
09-16 20:32:02.770  3365  3629 D LocalBluetoothProfileManager: onReceiveInternal action:android.bluetooth.input.profile.action.CONNECTION_STATE_CHANGED mProfile:HID
09-16 20:32:02.770  3365  3629 D CachedBluetoothDevice: onProfileStateChanged: profile HID, device XX:XX:XX:XX:22:43, newProfileState 0
09-16 20:32:02.770 20412 20412 D BluetoothPhonePolicy: processProfileStateChanged, device=XX:XX:XX:XX:22:43, profile=HID_HOST, 3 -> 0
09-16 20:32:02.770 20412 20412 D BluetoothUtils: isSupportBluetoothRestrict = 0
09-16 20:32:02.770  3365  3629 D CachedBluetoothDevice: fetchActiveDevices XX:XX:XX:XX:22:43
09-16 20:32:02.770 20412 20412 D BluetoothPhonePolicy: processProfileStateChanged, mAutoConnectHid false
09-16 20:32:02.770  3365  3629 D BluetoothAdapter: getActiveDevices(profile= A2DP)
09-16 20:32:02.770 20412 20412 D BluetoothDatabase: setDisconnection: device XX:XX:XX:XX:22:43profileId: HID_HOST
09-16 20:32:02.770 20412 20412 D HeadsetService: getHeadsetService(): returning com.android.bluetooth.hfp.HeadsetService@f09717d
09-16 20:32:02.770 20412 20412 W LeAudioService: getLeAudioService(): service is NULL
09-16 20:32:02.770 20412 20412 W CsipSetCoordinatorService: getCsipSetCoordinatorService(): service is NULL
09-16 20:32:02.770  4167  4520 D FragmentHandler: receiver 160
09-16 20:32:02.770  4167  4520 D BluetoothHeadsetService: saveHidDeviceToSettings 
09-16 20:32:02.770  4167  4167 D MiuiFastConnectService_Plugin: onReceive(): action = android.bluetooth.input.profile.action.CONNECTION_STATE_CHANGED
09-16 20:32:02.771 20412 21029 I BluetoothAdapterService: getActiveDevices: A2dp device: null
09-16 20:32:02.771  3365  3629 D BluetoothAdapter: getActiveDevices(profile= HEADSET)
09-16 20:32:02.771 20412 25238 D HidHostService: getDevicesMatchingConnectionStates()
09-16 20:32:02.771  4167  4520 D BluetoothHeadsetService: saveHidDeviceToSettings: connected device []
09-16 20:32:02.772 20412 20528 V BluetoothAdapterService: isProfileSupported(device=XX:XX:XX:XX:22:43, profile=LE_AUDIO): local_uuids=[0000110a-0000-1000-8000-00805f9b34fb, 0000111f-0000-1000-8000-00805f9b34fb, 00001112-0000-1000-8000-00805f9b34fb, 0000112f-0000-1000-8000-00805f9b34fb, 00001132-0000-1000-8000-00805f9b34fb], remote_uuids=[00001101-0000-1000-8000-00805f9b34fb, 0000110e-0000-1000-8000-00805f9b34fb, 0000111e-0000-1000-8000-00805f9b34fb, 00001124-0000-1000-8000-00805f9b34fb]
09-16 20:32:02.772 20412 21029 I BluetoothAdapterService: getActiveDevices: Headset device: XX:XX:XX:XX:22:43
09-16 20:32:02.772  3365  3629 D BluetoothAdapter: getActiveDevices(profile= HEARING_AID)
09-16 20:32:02.772  4167  4167 D DeviceNickName_Plugin: data type: SUPPORT_REDMI_KERBOARD_FAST, []
09-16 20:32:02.772  4167  4167 D MiuiFastConnectService_Plugin: ACTION_CONNECTION_STATE_CHANGED: state = 0, device = 3C:B0:ED:D4:22:43
09-16 20:32:02.773 20412 21029 I BluetoothAdapterService: getActiveDevices: Hearing Aid devices: Left[null] - Right[null]
09-16 20:32:02.774  3365  3629 D CachedBluetoothDevice: device: Quantum-Watch refresh()
09-16 20:32:02.774 20412 25238 D BluetoothPbapService: getConnectionState: XX:XX:XX:XX:B2:3E
09-16 20:32:02.776 20412 29343 D HidHostService: getDevicesMatchingConnectionStates()
09-16 20:32:02.776 20412 29342 D BluetoothPbapService: getConnectionState: XX:XX:XX:XX:22:43
09-16 20:32:02.777 20412 25238 V BluetoothAdapterService: isProfileSupported(device=XX:XX:XX:XX:C6:CE, profile=LE_AUDIO): local_uuids=[0000110a-0000-1000-8000-00805f9b34fb, 0000111f-0000-1000-8000-00805f9b34fb, 00001112-0000-1000-8000-00805f9b34fb, 0000112f-0000-1000-8000-00805f9b34fb, 00001132-0000-1000-8000-00805f9b34fb], remote_uuids=[00000000-0000-1000-8000-00805f9b34fb, 00000000-deca-fade-deca-deafdecacafe, 0000110a-0000-1000-8000-00805f9b34fb, 0000110e-0000-1000-8000-00805f9b34fb, 00001116-0000-1000-8000-00805f9b34fb, 0000111f-0000-1000-8000-00805f9b34fb, 0000112f-0000-1000-8000-00805f9b34fb, 00001132-0000-1000-8000-00805f9b34fb, 02030302-1d19-415f-86f2-22a2106a0a77]
09-16 20:32:02.777  3365  3629 D BluetoothUtils: Bluetooth device iPhone 8 de Sophie doesn't have exclusive manager
09-16 20:32:02.777  3365  3795 D BluetoothMap: getConnectionState(XX:XX:XX:XX:22:43)
09-16 20:32:02.778 20412 29342 D BluetoothPbapService: getConnectionState: XX:XX:XX:XX:01:58
09-16 20:32:02.778 20412 25238 V BluetoothAdapterService: isProfileSupported(device=XX:XX:XX:XX:01:58, profile=LE_AUDIO): local_uuids=[0000110a-0000-1000-8000-00805f9b34fb, 0000111f-0000-1000-8000-00805f9b34fb, 00001112-0000-1000-8000-00805f9b34fb, 0000112f-0000-1000-8000-00805f9b34fb, 00001132-0000-1000-8000-00805f9b34fb], remote_uuids=[0000110a-0000-1000-8000-00805f9b34fb, 0000110b-0000-1000-8000-00805f9b34fb, 0000110e-0000-1000-8000-00805f9b34fb, 00001115-0000-1000-8000-00805f9b34fb, 0000111e-0000-1000-8000-00805f9b34fb, 0000111f-0000-1000-8000-00805f9b34fb, c7f94713-891e-496a-a0e7-983a0946126e]
09-16 20:32:02.778  3365  3629 D BluetoothUtils: Bluetooth device QUANTUM_PC doesn't have exclusive manager
09-16 20:32:02.780 20412 20528 D BluetoothPbapService: getConnectionState: XX:XX:XX:XX:F7:17
09-16 20:32:02.781 20412 21029 D BluetoothPbapService: getConnectionState: XX:XX:XX:XX:01:58
09-16 20:32:02.781 20412 29353 D HidHostService: getDevicesMatchingConnectionStates()
09-16 20:32:02.782 20412 29353 D HidHostService: getDevicesMatchingConnectionStates()
09-16 20:32:02.782 20412 21029 D BluetoothPbapService: getConnectionState: XX:XX:XX:XX:F7:17
09-16 20:32:02.782 20412 25238 V BluetoothAdapterService: isProfileSupported(device=XX:XX:XX:XX:F7:17, profile=LE_AUDIO): local_uuids=[0000110a-0000-1000-8000-00805f9b34fb, 0000111f-0000-1000-8000-00805f9b34fb, 00001112-0000-1000-8000-00805f9b34fb, 0000112f-0000-1000-8000-00805f9b34fb, 00001132-0000-1000-8000-00805f9b34fb], remote_uuids=[00001105-0000-1000-8000-00805f9b34fb, 0000110b-0000-1000-8000-00805f9b34fb, 0000110e-0000-1000-8000-00805f9b34fb, 0000111e-0000-1000-8000-00805f9b34fb, 00001133-0000-1000-8000-00805f9b34fb]
09-16 20:32:02.782  3365  3629 D BluetoothUtils: Bluetooth device R-LINK doesn't have exclusive manager
09-16 20:32:02.782 20412 20528 D HidHostService: getDevicesMatchingConnectionStates()
09-16 20:32:02.783 20412 21029 D BluetoothPbapService: getConnectionState: XX:XX:XX:XX:2A:B3
09-16 20:32:02.783 20412 25238 V BluetoothAdapterService: isProfileSupported(device=XX:XX:XX:XX:6D:A0, profile=LE_AUDIO): local_uuids=[0000110a-0000-1000-8000-00805f9b34fb, 0000111f-0000-1000-8000-00805f9b34fb, 00001112-0000-1000-8000-00805f9b34fb, 0000112f-0000-1000-8000-00805f9b34fb, 00001132-0000-1000-8000-00805f9b34fb], remote_uuids=[00001124-0000-1000-8000-00805f9b34fb]
09-16 20:32:02.783 20412 29353 D HidHostService: getDevicesMatchingConnectionStates()
09-16 20:32:02.783  3365  3629 D BluetoothUtils: Bluetooth device Pro Controller doesn't have exclusive manager
09-16 20:32:02.784 20412 29353 D BluetoothPbapService: getConnectionState: XX:XX:XX:XX:B2:3E
09-16 20:32:02.784 20412 20528 D BluetoothPbapService: getConnectionState: XX:XX:XX:XX:2A:B3
09-16 20:32:02.784 20412 29343 V BluetoothAdapterService: isProfileSupported(device=XX:XX:XX:XX:6B:A6, profile=LE_AUDIO): local_uuids=[0000110a-0000-1000-8000-00805f9b34fb, 0000111f-0000-1000-8000-00805f9b34fb, 00001112-0000-1000-8000-00805f9b34fb, 0000112f-0000-1000-8000-00805f9b34fb, 00001132-0000-1000-8000-00805f9b34fb], remote_uuids=[00001105-0000-1000-8000-00805f9b34fb, 0000110a-0000-1000-8000-00805f9b34fb, 0000110e-0000-1000-8000-00805f9b34fb, 00001112-0000-1000-8000-00805f9b34fb, 00001115-0000-1000-8000-00805f9b34fb, 00001116-0000-1000-8000-00805f9b34fb, 0000111f-0000-1000-8000-00805f9b34fb, 0000112f-0000-1000-8000-00805f9b34fb, 00001132-0000-1000-8000-00805f9b34fb, 11c8b310-80e4-4276-afc0-f81590b2177f, 8ce255c0-200a-11e0-ac64-0800200c9a66, 9664aa26-d76c-43ad-9775-d310f253a408]
09-16 20:32:02.785  3365  3629 D BluetoothUtils: Bluetooth device DODO:559873bd9376aff0:5:2 doesn't have exclusive manager
09-16 20:32:02.785 20412 29353 D HidHostService: getDevicesMatchingConnectionStates()
09-16 20:32:02.785 20412 29353 D BluetoothPbapService: getConnectionState: XX:XX:XX:XX:22:43
09-16 20:32:02.785 20412 21029 V BluetoothAdapterService: isProfileSupported(device=XX:XX:XX:XX:ED:1C, profile=LE_AUDIO): local_uuids=[0000110a-0000-1000-8000-00805f9b34fb, 0000111f-0000-1000-8000-00805f9b34fb, 00001112-0000-1000-8000-00805f9b34fb, 0000112f-0000-1000-8000-00805f9b34fb, 00001132-0000-1000-8000-00805f9b34fb], remote_uuids=[00001124-0000-1000-8000-00805f9b34fb]
09-16 20:32:02.785 20412 20528 D BluetoothPbapService: getConnectionState: XX:XX:XX:XX:B2:3E
09-16 20:32:02.786  3365  3629 D BluetoothUtils: Bluetooth device Pro Controller doesn't have exclusive manager
09-16 20:32:02.786  3365  3794 D BluetoothMap: getConnectionState(XX:XX:XX:XX:22:43)
09-16 20:32:02.786 20412 29353 V BluetoothAdapterService: isProfileSupported(device=XX:XX:XX:XX:2A:B3, profile=LE_AUDIO): local_uuids=[0000110a-0000-1000-8000-00805f9b34fb, 0000111f-0000-1000-8000-00805f9b34fb, 00001112-0000-1000-8000-00805f9b34fb, 0000112f-0000-1000-8000-00805f9b34fb, 00001132-0000-1000-8000-00805f9b34fb], remote_uuids=[00000000-0000-0000-0099-aabbccddeeff, 00001108-0000-1000-8000-00805f9b34fb, 0000110b-0000-1000-8000-00805f9b34fb, 0000110e-0000-1000-8000-00805f9b34fb, 0000111e-0000-1000-8000-00805f9b34fb, 0000fc01-0000-1000-8000-00805f9b34ff, 0000ff01-0000-1000-8000-00805f9b34ff]
09-16 20:32:02.786  3365  3629 D BluetoothUtils: Bluetooth device CORSAIR HS55 doesn't have exclusive manager
09-16 20:32:02.787 20412 20765 V BluetoothAdapterService: isProfileSupported(device=XX:XX:XX:XX:B2:3E, profile=LE_AUDIO): local_uuids=[0000110a-0000-1000-8000-00805f9b34fb, 0000111f-0000-1000-8000-00805f9b34fb, 00001112-0000-1000-8000-00805f9b34fb, 0000112f-0000-1000-8000-00805f9b34fb, 00001132-0000-1000-8000-00805f9b34fb], remote_uuids=[00001101-0000-1000-8000-00805f9b34fb, 0000110b-0000-1000-8000-00805f9b34fb, 0000110e-0000-1000-8000-00805f9b34fb, 0000111e-0000-1000-8000-00805f9b34fb, 66666666-6666-6666-6666-666666666666, 99999999-9999-9999-9999-999999999999, aeac4a03-dff5-498f-843a-34487cf133eb, df21fe2c-2515-4fdb-8886-f12c4d67927c]
09-16 20:32:02.787 20412 20528 D BluetoothPbapService: getConnectionState: XX:XX:XX:XX:01:58
09-16 20:32:02.787  3365  3629 D BluetoothUtils: Bluetooth device CMF Buds Pro 2 doesn't have exclusive manager
09-16 20:32:02.788 20412 20765 V BluetoothAdapterService: isProfileSupported(device=XX:XX:XX:XX:22:43, profile=LE_AUDIO): local_uuids=[0000110a-0000-1000-8000-00805f9b34fb, 0000111f-0000-1000-8000-00805f9b34fb, 00001112-0000-1000-8000-00805f9b34fb, 0000112f-0000-1000-8000-00805f9b34fb, 00001132-0000-1000-8000-00805f9b34fb], remote_uuids=[00001101-0000-1000-8000-00805f9b34fb, 0000110e-0000-1000-8000-00805f9b34fb, 0000111e-0000-1000-8000-00805f9b34fb, 00001124-0000-1000-8000-00805f9b34fb]
09-16 20:32:02.788  3365  3629 D BluetoothUtils: Bluetooth device CMF Watch 3 Pro-2243 doesn't have exclusive manager
09-16 20:32:02.788 20412 20528 D BluetoothPbapService: getConnectionState: XX:XX:XX:XX:F7:17
09-16 20:32:02.789 20412 20765 V BluetoothAdapterService: isProfileSupported(device=XX:XX:XX:XX:DE:F3, profile=LE_AUDIO): local_uuids=[0000110a-0000-1000-8000-00805f9b34fb, 0000111f-0000-1000-8000-00805f9b34fb, 00001112-0000-1000-8000-00805f9b34fb, 0000112f-0000-1000-8000-00805f9b34fb, 00001132-0000-1000-8000-00805f9b34fb], remote_uuids=[00001101-0000-1000-8000-00805f9b3411, 00001101-0000-1000-8000-00805f9b3412, 00001101-0000-1000-8000-00805f9b3413, 0000110a-0000-1000-8000-00805f9b34fb, 0000110b-0000-1000-8000-00805f9b34fb, 0000110e-0000-1000-8000-00805f9b34fb, 00001112-0000-1000-8000-00805f9b34fb, 0000111f-0000-1000-8000-00805f9b34fb, ade3d529-c784-4f63-a987-eb69f70ee816, e23b00bc-217c-453b-9c08-fc44577136fe]
09-16 20:32:02.789  3365  3629 D BluetoothUtils: Bluetooth device 27" Odyssey G6 doesn't have exclusive manager
09-16 20:32:02.789 20412 21029 D HidHostService: getDevicesMatchingConnectionStates()
09-16 20:32:02.790 20412 21029 V BluetoothAdapterService: isProfileSupported(device=XX:XX:XX:XX:C6:CE, profile=LE_AUDIO): local_uuids=[0000110a-0000-1000-8000-00805f9b34fb, 0000111f-0000-1000-8000-00805f9b34fb, 00001112-0000-1000-8000-00805f9b34fb, 0000112f-0000-1000-8000-00805f9b34fb, 00001132-0000-1000-8000-00805f9b34fb], remote_uuids=[00000000-0000-1000-8000-00805f9b34fb, 00000000-deca-fade-deca-deafdecacafe, 0000110a-0000-1000-8000-00805f9b34fb, 0000110e-0000-1000-8000-00805f9b34fb, 00001116-0000-1000-8000-00805f9b34fb, 0000111f-0000-1000-8000-00805f9b34fb, 0000112f-0000-1000-8000-00805f9b34fb, 00001132-0000-1000-8000-00805f9b34fb, 02030302-1d19-415f-86f2-22a2106a0a77]
09-16 20:32:02.790 20412 20765 D HidHostService: getDevicesMatchingConnectionStates()
09-16 20:32:02.790  3365  3629 D BluetoothUtils: Bluetooth device iPhone 8 de Sophie doesn't have exclusive manager
09-16 20:32:02.791 20412 29343 D BluetoothPbapService: getConnectionState: XX:XX:XX:XX:2A:B3
09-16 20:32:02.791 20412 21029 V BluetoothAdapterService: isProfileSupported(device=XX:XX:XX:XX:01:58, profile=LE_AUDIO): local_uuids=[0000110a-0000-1000-8000-00805f9b34fb, 0000111f-0000-1000-8000-00805f9b34fb, 00001112-0000-1000-8000-00805f9b34fb, 0000112f-0000-1000-8000-00805f9b34fb, 00001132-0000-1000-8000-00805f9b34fb], remote_uuids=[0000110a-0000-1000-8000-00805f9b34fb, 0000110b-0000-1000-8000-00805f9b34fb, 0000110e-0000-1000-8000-00805f9b34fb, 00001115-0000-1000-8000-00805f9b34fb, 0000111e-0000-1000-8000-00805f9b34fb, 0000111f-0000-1000-8000-00805f9b34fb, c7f94713-891e-496a-a0e7-983a0946126e]
09-16 20:32:02.791  3365  3629 D BluetoothUtils: Bluetooth device QUANTUM_PC doesn't have exclusive manager
09-16 20:32:02.792 20412 29343 D BluetoothPbapService: getConnectionState: XX:XX:XX:XX:01:58
09-16 20:32:02.792 20412 21029 V BluetoothAdapterService: isProfileSupported(device=XX:XX:XX:XX:F7:17, profile=LE_AUDIO): local_uuids=[0000110a-0000-1000-8000-00805f9b34fb, 0000111f-0000-1000-8000-00805f9b34fb, 00001112-0000-1000-8000-00805f9b34fb, 0000112f-0000-1000-8000-00805f9b34fb, 00001132-0000-1000-8000-00805f9b34fb], remote_uuids=[00001105-0000-1000-8000-00805f9b34fb, 0000110b-0000-1000-8000-00805f9b34fb, 0000110e-0000-1000-8000-00805f9b34fb, 0000111e-0000-1000-8000-00805f9b34fb, 00001133-0000-1000-8000-00805f9b34fb]
09-16 20:32:02.792  3365  3629 D BluetoothUtils: Bluetooth device R-LINK doesn't have exclusive manager
09-16 20:32:02.793 20412 29353 D BluetoothPbapService: getConnectionState: XX:XX:XX:XX:B2:3E
09-16 20:32:02.793 20412 21029 V BluetoothAdapterService: isProfileSupported(device=XX:XX:XX:XX:6D:A0, profile=LE_AUDIO): local_uuids=[0000110a-0000-1000-8000-00805f9b34fb, 0000111f-0000-1000-8000-00805f9b34fb, 00001112-0000-1000-8000-00805f9b34fb, 0000112f-0000-1000-8000-00805f9b34fb, 00001132-0000-1000-8000-00805f9b34fb], remote_uuids=[00001124-0000-1000-8000-00805f9b34fb]
09-16 20:32:02.793  3365  3629 D BluetoothUtils: Bluetooth device Pro Controller doesn't have exclusive manager
09-16 20:32:02.794 20412 21029 D BluetoothPbapService: getConnectionState: XX:XX:XX:XX:F7:17
09-16 20:32:02.794 20412 20749 D HidHostService: getDevicesMatchingConnectionStates()
09-16 20:32:02.795 20412 25238 V BluetoothAdapterService: isProfileSupported(device=XX:XX:XX:XX:6B:A6, profile=LE_AUDIO): local_uuids=[0000110a-0000-1000-8000-00805f9b34fb, 0000111f-0000-1000-8000-00805f9b34fb, 00001112-0000-1000-8000-00805f9b34fb, 0000112f-0000-1000-8000-00805f9b34fb, 00001132-0000-1000-8000-00805f9b34fb], remote_uuids=[00001105-0000-1000-8000-00805f9b34fb, 0000110a-0000-1000-8000-00805f9b34fb, 0000110e-0000-1000-8000-00805f9b34fb, 00001112-0000-1000-8000-00805f9b34fb, 00001115-0000-1000-8000-00805f9b34fb, 00001116-0000-1000-8000-00805f9b34fb, 0000111f-0000-1000-8000-00805f9b34fb, 0000112f-0000-1000-8000-00805f9b34fb, 00001132-0000-1000-8000-00805f9b34fb, 11c8b310-80e4-4276-afc0-f81590b2177f, 8ce255c0-200a-11e0-ac64-0800200c9a66, 9664aa26-d76c-43ad-9775-d310f253a408]
09-16 20:32:02.795  3365  3629 D BluetoothUtils: Bluetooth device DODO:559873bd9376aff0:5:2 doesn't have exclusive manager
09-16 20:32:02.795 20412 20749 D HidHostService: getDevicesMatchingConnectionStates()
09-16 20:32:02.796 20412 25238 D BluetoothPbapService: getConnectionState: XX:XX:XX:XX:2A:B3
09-16 20:32:02.797 20412 20749 V BluetoothAdapterService: isProfileSupported(device=XX:XX:XX:XX:ED:1C, profile=LE_AUDIO): local_uuids=[0000110a-0000-1000-8000-00805f9b34fb, 0000111f-0000-1000-8000-00805f9b34fb, 00001112-0000-1000-8000-00805f9b34fb, 0000112f-0000-1000-8000-00805f9b34fb, 00001132-0000-1000-8000-00805f9b34fb], remote_uuids=[00001124-0000-1000-8000-00805f9b34fb]
09-16 20:32:02.797  3365  3629 D BluetoothUtils: Bluetooth device Pro Controller doesn't have exclusive manager
09-16 20:32:02.798 20412 29343 D BluetoothPbapService: getConnectionState: XX:XX:XX:XX:B2:3E
09-16 20:32:02.798 20412 25238 V BluetoothAdapterService: isProfileSupported(device=XX:XX:XX:XX:2A:B3, profile=LE_AUDIO): local_uuids=[0000110a-0000-1000-8000-00805f9b34fb, 0000111f-0000-1000-8000-00805f9b34fb, 00001112-0000-1000-8000-00805f9b34fb, 0000112f-0000-1000-8000-00805f9b34fb, 00001132-0000-1000-8000-00805f9b34fb], remote_uuids=[00000000-0000-0000-0099-aabbccddeeff, 00001108-0000-1000-8000-00805f9b34fb, 0000110b-0000-1000-8000-00805f9b34fb, 0000110e-0000-1000-8000-00805f9b34fb, 0000111e-0000-1000-8000-00805f9b34fb, 0000fc01-0000-1000-8000-00805f9b34ff, 0000ff01-0000-1000-8000-00805f9b34ff]
09-16 20:32:02.798  3365  3629 D BluetoothUtils: Bluetooth device CORSAIR HS55 doesn't have exclusive manager
09-16 20:32:02.798 20412 25238 V BluetoothAdapterService: isProfileSupported(device=XX:XX:XX:XX:B2:3E, profile=LE_AUDIO): local_uuids=[0000110a-0000-1000-8000-00805f9b34fb, 0000111f-0000-1000-8000-00805f9b34fb, 00001112-0000-1000-8000-00805f9b34fb, 0000112f-0000-1000-8000-00805f9b34fb, 00001132-0000-1000-8000-00805f9b34fb], remote_uuids=[00001101-0000-1000-8000-00805f9b34fb, 0000110b-0000-1000-8000-00805f9b34fb, 0000110e-0000-1000-8000-00805f9b34fb, 0000111e-0000-1000-8000-00805f9b34fb, 66666666-6666-6666-6666-666666666666, 99999999-9999-9999-9999-999999999999, aeac4a03-dff5-498f-843a-34487cf133eb, df21fe2c-2515-4fdb-8886-f12c4d67927c]
